[2026-03-19T10:46:56.240+0530][gc] Using G1
[2026-03-19T10:46:56.251+0530][gc,init] Version: 17.0.18+8-Ubuntu-122.04.1 (release)
[2026-03-19T10:46:56.251+0530][gc,init] CPUs: 12 total, 12 available
[2026-03-19T10:46:56.251+0530][gc,init] Memory: 31781M
[2026-03-19T10:46:56.251+0530][gc,init] Large Page Support: Disabled
[2026-03-19T10:46:56.251+0530][gc,init] NUMA Support: Disabled
[2026-03-19T10:46:56.251+0530][gc,init] Compressed Oops: Enabled (32-bit)
[2026-03-19T10:46:56.251+0530][gc,init] Heap Region Size: 1M
[2026-03-19T10:46:56.251+0530][gc,init] Heap Min Capacity: 1G
[2026-03-19T10:46:56.251+0530][gc,init] Heap Initial Capacity: 1G
[2026-03-19T10:46:56.251+0530][gc,init] Heap Max Capacity: 1G
[2026-03-19T10:46:56.251+0530][gc,init] Pre-touch: Disabled
[2026-03-19T10:46:56.251+0530][gc,init] Parallel Workers: 10
[2026-03-19T10:46:56.251+0530][gc,init] Concurrent Workers: 3
[2026-03-19T10:46:56.251+0530][gc,init] Concurrent Refinement Workers: 10
[2026-03-19T10:46:56.251+0530][gc,init] Periodic GC: Disabled
[2026-03-19T10:46:56.256+0530][gc,metaspace] CDS archive(s) mapped at: [0x00007be79b000000-0x00007be79bbca000-0x00007be79bbca000), size 12361728, SharedBaseAddress: 0x00007be79b000000, ArchiveRelocationMode: 1.
[2026-03-19T10:46:56.256+0530][gc,metaspace] Compressed class space mapped at: 0x00007be79c000000-0x00007be7dc000000, reserved size: 1073741824
[2026-03-19T10:46:56.256+0530][gc,metaspace] Narrow klass base: 0x00007be79b000000, Narrow klass shift: 0, Narrow klass range: 0x100000000
[2026-03-19T10:46:56.635+0530][gc,start    ] GC(0) Pause Young (Normal) (G1 Evacuation Pause)
[2026-03-19T10:46:56.636+0530][gc,task     ] GC(0) Using 10 workers of 10 for evacuation
[2026-03-19T10:46:56.643+0530][gc,phases   ] GC(0)   Pre Evacuate Collection Set: 0.13ms
[2026-03-19T10:46:56.643+0530][gc,phases   ] GC(0)   Merge Heap Roots: 0.05ms
[2026-03-19T10:46:56.643+0530][gc,phases   ] GC(0)   Evacuate Collection Set: 5.97ms
[2026-03-19T10:46:56.643+0530][gc,phases   ] GC(0)   Post Evacuate Collection Set: 0.46ms
[2026-03-19T10:46:56.643+0530][gc,phases   ] GC(0)   Other: 0.81ms
[2026-03-19T10:46:56.643+0530][gc,heap     ] GC(0) Eden regions: 51->0(44)
[2026-03-19T10:46:56.643+0530][gc,heap     ] GC(0) Survivor regions: 0->7(7)
[2026-03-19T10:46:56.643+0530][gc,heap     ] GC(0) Old regions: 0->2
[2026-03-19T10:46:56.643+0530][gc,heap     ] GC(0) Archive regions: 2->2
[2026-03-19T10:46:56.643+0530][gc,heap     ] GC(0) Humongous regions: 0->0
[2026-03-19T10:46:56.643+0530][gc,metaspace] GC(0) Metaspace: 16045K(16256K)->16045K(16256K) NonClass: 14175K(14272K)->14175K(14272K) Class: 1870K(1984K)->1870K(1984K)
[2026-03-19T10:46:56.643+0530][gc          ] GC(0) Pause Young (Normal) (G1 Evacuation Pause) 51M->8M(1024M) 7.531ms
[2026-03-19T10:46:56.643+0530][gc,cpu      ] GC(0) User=0.02s Sys=0.00s Real=0.01s
[2026-03-19T10:46:56.762+0530][gc,start    ] GC(1) Pause Young (Concurrent Start) (Metadata GC Threshold)
[2026-03-19T10:46:56.762+0530][gc,task     ] GC(1) Using 10 workers of 10 for evacuation
[2026-03-19T10:46:56.765+0530][gc,phases   ] GC(1)   Pre Evacuate Collection Set: 0.13ms
[2026-03-19T10:46:56.765+0530][gc,phases   ] GC(1)   Merge Heap Roots: 0.02ms
[2026-03-19T10:46:56.765+0530][gc,phases   ] GC(1)   Evacuate Collection Set: 1.63ms
[2026-03-19T10:46:56.765+0530][gc,phases   ] GC(1)   Post Evacuate Collection Set: 0.61ms
[2026-03-19T10:46:56.765+0530][gc,phases   ] GC(1)   Other: 0.17ms
[2026-03-19T10:46:56.765+0530][gc,heap     ] GC(1) Eden regions: 17->0(49)
[2026-03-19T10:46:56.765+0530][gc,heap     ] GC(1) Survivor regions: 7->2(7)
[2026-03-19T10:46:56.765+0530][gc,heap     ] GC(1) Old regions: 2->9
[2026-03-19T10:46:56.765+0530][gc,heap     ] GC(1) Archive regions: 2->2
[2026-03-19T10:46:56.765+0530][gc,heap     ] GC(1) Humongous regions: 0->0
[2026-03-19T10:46:56.765+0530][gc,metaspace] GC(1) Metaspace: 21249K(21504K)->21249K(21504K) NonClass: 18611K(18688K)->18611K(18688K) Class: 2638K(2816K)->2638K(2816K)
[2026-03-19T10:46:56.765+0530][gc          ] GC(1) Pause Young (Concurrent Start) (Metadata GC Threshold) 25M->10M(1024M) 2.650ms
[2026-03-19T10:46:56.765+0530][gc,cpu      ] GC(1) User=0.01s Sys=0.00s Real=0.00s
[2026-03-19T10:46:56.765+0530][gc          ] GC(2) Concurrent Mark Cycle
[2026-03-19T10:46:56.765+0530][gc,marking  ] GC(2) Concurrent Clear Claimed Marks
[2026-03-19T10:46:56.765+0530][gc,marking  ] GC(2) Concurrent Clear Claimed Marks 0.026ms
[2026-03-19T10:46:56.765+0530][gc,marking  ] GC(2) Concurrent Scan Root Regions
[2026-03-19T10:46:56.766+0530][gc,marking  ] GC(2) Concurrent Scan Root Regions 1.299ms
[2026-03-19T10:46:56.766+0530][gc,marking  ] GC(2) Concurrent Mark
[2026-03-19T10:46:56.766+0530][gc,marking  ] GC(2) Concurrent Mark From Roots
[2026-03-19T10:46:56.766+0530][gc,task     ] GC(2) Using 3 workers of 3 for marking
[2026-03-19T10:46:56.767+0530][gc,marking  ] GC(2) Concurrent Mark From Roots 1.136ms
[2026-03-19T10:46:56.768+0530][gc,marking  ] GC(2) Concurrent Preclean
[2026-03-19T10:46:56.768+0530][gc,marking  ] GC(2) Concurrent Preclean 0.071ms
[2026-03-19T10:46:56.768+0530][gc,start    ] GC(2) Pause Remark
[2026-03-19T10:46:56.769+0530][gc          ] GC(2) Pause Remark 10M->10M(1024M) 1.107ms
[2026-03-19T10:46:56.769+0530][gc,cpu      ] GC(2) User=0.00s Sys=0.00s Real=0.00s
[2026-03-19T10:46:56.769+0530][gc,marking  ] GC(2) Concurrent Mark 2.506ms
[2026-03-19T10:46:56.769+0530][gc,marking  ] GC(2) Concurrent Rebuild Remembered Sets
[2026-03-19T10:46:56.770+0530][gc,marking  ] GC(2) Concurrent Rebuild Remembered Sets 1.343ms
[2026-03-19T10:46:56.770+0530][gc,start    ] GC(2) Pause Cleanup
[2026-03-19T10:46:56.770+0530][gc          ] GC(2) Pause Cleanup 10M->10M(1024M) 0.104ms
[2026-03-19T10:46:56.770+0530][gc,cpu      ] GC(2) User=0.00s Sys=0.00s Real=0.00s
[2026-03-19T10:46:56.770+0530][gc,marking  ] GC(2) Concurrent Cleanup for Next Mark
[2026-03-19T10:46:56.773+0530][gc,marking  ] GC(2) Concurrent Cleanup for Next Mark 2.540ms
[2026-03-19T10:46:56.773+0530][gc          ] GC(2) Concurrent Mark Cycle 8.088ms
[2026-03-19T10:46:57.085+0530][gc,start    ] GC(3) Pause Young (Normal) (G1 Evacuation Pause)
[2026-03-19T10:46:57.085+0530][gc,task     ] GC(3) Using 10 workers of 10 for evacuation
[2026-03-19T10:46:57.087+0530][gc,phases   ] GC(3)   Pre Evacuate Collection Set: 0.08ms
[2026-03-19T10:46:57.087+0530][gc,phases   ] GC(3)   Merge Heap Roots: 0.11ms
[2026-03-19T10:46:57.087+0530][gc,phases   ] GC(3)   Evacuate Collection Set: 1.38ms
[2026-03-19T10:46:57.087+0530][gc,phases   ] GC(3)   Post Evacuate Collection Set: 0.28ms
[2026-03-19T10:46:57.087+0530][gc,phases   ] GC(3)   Other: 0.09ms
[2026-03-19T10:46:57.087+0530][gc,heap     ] GC(3) Eden regions: 49->0(45)
[2026-03-19T10:46:57.087+0530][gc,heap     ] GC(3) Survivor regions: 2->6(7)
[2026-03-19T10:46:57.087+0530][gc,heap     ] GC(3) Old regions: 9->9
[2026-03-19T10:46:57.087+0530][gc,heap     ] GC(3) Archive regions: 2->2
[2026-03-19T10:46:57.087+0530][gc,heap     ] GC(3) Humongous regions: 0->0
[2026-03-19T10:46:57.087+0530][gc,metaspace] GC(3) Metaspace: 33509K(33856K)->33509K(33856K) NonClass: 29605K(29760K)->29605K(29760K) Class: 3903K(4096K)->3903K(4096K)
[2026-03-19T10:46:57.087+0530][gc          ] GC(3) Pause Young (Normal) (G1 Evacuation Pause) 59M->14M(1024M) 2.044ms
[2026-03-19T10:46:57.087+0530][gc,cpu      ] GC(3) User=0.02s Sys=0.00s Real=0.00s
[2026-03-19T10:46:57.150+0530][gc,start    ] GC(4) Pause Young (Concurrent Start) (Metadata GC Threshold)
[2026-03-19T10:46:57.150+0530][gc,task     ] GC(4) Using 10 workers of 10 for evacuation
[2026-03-19T10:46:57.153+0530][gc,phases   ] GC(4)   Pre Evacuate Collection Set: 0.19ms
[2026-03-19T10:46:57.153+0530][gc,phases   ] GC(4)   Merge Heap Roots: 0.03ms
[2026-03-19T10:46:57.153+0530][gc,phases   ] GC(4)   Evacuate Collection Set: 2.11ms
[2026-03-19T10:46:57.153+0530][gc,phases   ] GC(4)   Post Evacuate Collection Set: 0.21ms
[2026-03-19T10:46:57.153+0530][gc,phases   ] GC(4)   Other: 0.20ms
[2026-03-19T10:46:57.153+0530][gc,heap     ] GC(4) Eden regions: 14->0(49)
[2026-03-19T10:46:57.153+0530][gc,heap     ] GC(4) Survivor regions: 6->2(7)
[2026-03-19T10:46:57.153+0530][gc,heap     ] GC(4) Old regions: 9->14
[2026-03-19T10:46:57.153+0530][gc,heap     ] GC(4) Archive regions: 2->2
[2026-03-19T10:46:57.153+0530][gc,heap     ] GC(4) Humongous regions: 0->0
[2026-03-19T10:46:57.153+0530][gc,metaspace] GC(4) Metaspace: 35716K(36096K)->35716K(36096K) NonClass: 31553K(31744K)->31553K(31744K) Class: 4163K(4352K)->4163K(4352K)
[2026-03-19T10:46:57.153+0530][gc          ] GC(4) Pause Young (Concurrent Start) (Metadata GC Threshold) 27M->15M(1024M) 2.835ms
[2026-03-19T10:46:57.153+0530][gc,cpu      ] GC(4) User=0.02s Sys=0.00s Real=0.00s
[2026-03-19T10:46:57.153+0530][gc          ] GC(5) Concurrent Mark Cycle
[2026-03-19T10:46:57.153+0530][gc,marking  ] GC(5) Concurrent Clear Claimed Marks
[2026-03-19T10:46:57.153+0530][gc,marking  ] GC(5) Concurrent Clear Claimed Marks 0.042ms
[2026-03-19T10:46:57.153+0530][gc,marking  ] GC(5) Concurrent Scan Root Regions
[2026-03-19T10:46:57.155+0530][gc,marking  ] GC(5) Concurrent Scan Root Regions 1.454ms
[2026-03-19T10:46:57.155+0530][gc,marking  ] GC(5) Concurrent Mark
[2026-03-19T10:46:57.155+0530][gc,marking  ] GC(5) Concurrent Mark From Roots
[2026-03-19T10:46:57.155+0530][gc,task     ] GC(5) Using 3 workers of 3 for marking
[2026-03-19T10:46:57.158+0530][gc,marking  ] GC(5) Concurrent Mark From Roots 3.119ms
[2026-03-19T10:46:57.158+0530][gc,marking  ] GC(5) Concurrent Preclean
[2026-03-19T10:46:57.158+0530][gc,marking  ] GC(5) Concurrent Preclean 0.111ms
[2026-03-19T10:46:57.158+0530][gc,start    ] GC(5) Pause Remark
[2026-03-19T10:46:57.159+0530][gc          ] GC(5) Pause Remark 16M->16M(1024M) 0.783ms
[2026-03-19T10:46:57.159+0530][gc,cpu      ] GC(5) User=0.01s Sys=0.00s Real=0.00s
[2026-03-19T10:46:57.159+0530][gc,marking  ] GC(5) Concurrent Mark 4.361ms
[2026-03-19T10:46:57.159+0530][gc,marking  ] GC(5) Concurrent Rebuild Remembered Sets
[2026-03-19T10:46:57.161+0530][gc,marking  ] GC(5) Concurrent Rebuild Remembered Sets 2.548ms
[2026-03-19T10:46:57.162+0530][gc,start    ] GC(5) Pause Cleanup
[2026-03-19T10:46:57.162+0530][gc          ] GC(5) Pause Cleanup 16M->16M(1024M) 0.108ms
[2026-03-19T10:46:57.162+0530][gc,cpu      ] GC(5) User=0.00s Sys=0.00s Real=0.00s
[2026-03-19T10:46:57.162+0530][gc,marking  ] GC(5) Concurrent Cleanup for Next Mark
[2026-03-19T10:46:57.164+0530][gc,marking  ] GC(5) Concurrent Cleanup for Next Mark 2.681ms
[2026-03-19T10:46:57.164+0530][gc          ] GC(5) Concurrent Mark Cycle 11.436ms
[2026-03-19T10:47:00.708+0530][gc,start    ] GC(6) Pause Young (Normal) (G1 Evacuation Pause)
[2026-03-19T10:47:00.708+0530][gc,task     ] GC(6) Using 10 workers of 10 for evacuation
[2026-03-19T10:47:00.710+0530][gc,phases   ] GC(6)   Pre Evacuate Collection Set: 0.15ms
[2026-03-19T10:47:00.710+0530][gc,phases   ] GC(6)   Merge Heap Roots: 0.05ms
[2026-03-19T10:47:00.710+0530][gc,phases   ] GC(6)   Evacuate Collection Set: 1.95ms
[2026-03-19T10:47:00.710+0530][gc,phases   ] GC(6)   Post Evacuate Collection Set: 0.38ms
[2026-03-19T10:47:00.710+0530][gc,phases   ] GC(6)   Other: 0.15ms
[2026-03-19T10:47:00.710+0530][gc,heap     ] GC(6) Eden regions: 49->0(44)
[2026-03-19T10:47:00.710+0530][gc,heap     ] GC(6) Survivor regions: 2->7(7)
[2026-03-19T10:47:00.710+0530][gc,heap     ] GC(6) Old regions: 14->16
[2026-03-19T10:47:00.710+0530][gc,heap     ] GC(6) Archive regions: 2->2
[2026-03-19T10:47:00.710+0530][gc,heap     ] GC(6) Humongous regions: 138->138
[2026-03-19T10:47:00.710+0530][gc,metaspace] GC(6) Metaspace: 43109K(43840K)->43109K(43840K) NonClass: 38011K(38400K)->38011K(38400K) Class: 5098K(5440K)->5098K(5440K)
[2026-03-19T10:47:00.710+0530][gc          ] GC(6) Pause Young (Normal) (G1 Evacuation Pause) 202M->161M(1024M) 2.781ms
[2026-03-19T10:47:00.711+0530][gc,cpu      ] GC(6) User=0.02s Sys=0.00s Real=0.01s
[2026-03-19T10:50:28.144+0530][gc,start    ] GC(7) Pause Young (Normal) (G1 Evacuation Pause)
[2026-03-19T10:50:28.144+0530][gc,task     ] GC(7) Using 10 workers of 10 for evacuation
[2026-03-19T10:50:28.151+0530][gc,phases   ] GC(7)   Pre Evacuate Collection Set: 0.38ms
[2026-03-19T10:50:28.151+0530][gc,phases   ] GC(7)   Merge Heap Roots: 0.19ms
[2026-03-19T10:50:28.151+0530][gc,phases   ] GC(7)   Evacuate Collection Set: 5.47ms
[2026-03-19T10:50:28.151+0530][gc,phases   ] GC(7)   Post Evacuate Collection Set: 0.76ms
[2026-03-19T10:50:28.151+0530][gc,phases   ] GC(7)   Other: 0.28ms
[2026-03-19T10:50:28.151+0530][gc,heap     ] GC(7) Eden regions: 44->0(48)
[2026-03-19T10:50:28.151+0530][gc,heap     ] GC(7) Survivor regions: 7->3(7)
[2026-03-19T10:50:28.151+0530][gc,heap     ] GC(7) Old regions: 16->23
[2026-03-19T10:50:28.151+0530][gc,heap     ] GC(7) Archive regions: 2->2
[2026-03-19T10:50:28.151+0530][gc,heap     ] GC(7) Humongous regions: 138->138
[2026-03-19T10:50:28.151+0530][gc,metaspace] GC(7) Metaspace: 45347K(46080K)->45347K(46080K) NonClass: 40111K(40512K)->40111K(40512K) Class: 5236K(5568K)->5236K(5568K)
[2026-03-19T10:50:28.151+0530][gc          ] GC(7) Pause Young (Normal) (G1 Evacuation Pause) 205M->163M(1024M) 7.231ms
[2026-03-19T10:50:28.151+0530][gc,cpu      ] GC(7) User=0.05s Sys=0.01s Real=0.01s
[2026-03-19T10:54:52.301+0530][gc,start    ] GC(8) Pause Young (Normal) (G1 Evacuation Pause)
[2026-03-19T10:54:52.301+0530][gc,task     ] GC(8) Using 10 workers of 10 for evacuation
[2026-03-19T10:54:52.305+0530][gc,phases   ] GC(8)   Pre Evacuate Collection Set: 0.28ms
[2026-03-19T10:54:52.306+0530][gc,phases   ] GC(8)   Merge Heap Roots: 0.12ms
[2026-03-19T10:54:52.306+0530][gc,phases   ] GC(8)   Evacuate Collection Set: 3.77ms
[2026-03-19T10:54:52.306+0530][gc,phases   ] GC(8)   Post Evacuate Collection Set: 0.63ms
[2026-03-19T10:54:52.306+0530][gc,phases   ] GC(8)   Other: 0.22ms
[2026-03-19T10:54:52.306+0530][gc,heap     ] GC(8) Eden regions: 48->0(45)
[2026-03-19T10:54:52.306+0530][gc,heap     ] GC(8) Survivor regions: 3->6(7)
[2026-03-19T10:54:52.306+0530][gc,heap     ] GC(8) Old regions: 23->23
[2026-03-19T10:54:52.306+0530][gc,heap     ] GC(8) Archive regions: 2->2
[2026-03-19T10:54:52.306+0530][gc,heap     ] GC(8) Humongous regions: 138->138
[2026-03-19T10:54:52.306+0530][gc,metaspace] GC(8) Metaspace: 45677K(46336K)->45677K(46336K) NonClass: 40435K(40768K)->40435K(40768K) Class: 5242K(5568K)->5242K(5568K)
[2026-03-19T10:54:52.306+0530][gc          ] GC(8) Pause Young (Normal) (G1 Evacuation Pause) 211M->166M(1024M) 5.160ms
[2026-03-19T10:54:52.306+0530][gc,cpu      ] GC(8) User=0.04s Sys=0.00s Real=0.00s
[2026-03-19T10:59:18.590+0530][gc,start    ] GC(9) Pause Young (Normal) (G1 Evacuation Pause)
[2026-03-19T10:59:18.590+0530][gc,task     ] GC(9) Using 10 workers of 10 for evacuation
[2026-03-19T10:59:18.598+0530][gc,phases   ] GC(9)   Pre Evacuate Collection Set: 0.32ms
[2026-03-19T10:59:18.598+0530][gc,phases   ] GC(9)   Merge Heap Roots: 0.20ms
[2026-03-19T10:59:18.598+0530][gc,phases   ] GC(9)   Evacuate Collection Set: 6.60ms
[2026-03-19T10:59:18.598+0530][gc,phases   ] GC(9)   Post Evacuate Collection Set: 0.99ms
[2026-03-19T10:59:18.598+0530][gc,phases   ] GC(9)   Other: 0.43ms
[2026-03-19T10:59:18.598+0530][gc,heap     ] GC(9) Eden regions: 45->0(46)
[2026-03-19T10:59:18.598+0530][gc,heap     ] GC(9) Survivor regions: 6->5(7)
[2026-03-19T10:59:18.598+0530][gc,heap     ] GC(9) Old regions: 23->28
[2026-03-19T10:59:18.598+0530][gc,heap     ] GC(9) Archive regions: 2->2
[2026-03-19T10:59:18.598+0530][gc,heap     ] GC(9) Humongous regions: 138->138
[2026-03-19T10:59:18.598+0530][gc,metaspace] GC(9) Metaspace: 45737K(46464K)->45737K(46464K) NonClass: 40493K(40896K)->40493K(40896K) Class: 5243K(5568K)->5243K(5568K)
[2026-03-19T10:59:18.598+0530][gc          ] GC(9) Pause Young (Normal) (G1 Evacuation Pause) 211M->170M(1024M) 8.716ms
[2026-03-19T10:59:18.599+0530][gc,cpu      ] GC(9) User=0.06s Sys=0.01s Real=0.01s
[2026-03-19T11:04:00.567+0530][gc,start    ] GC(10) Pause Young (Normal) (G1 Evacuation Pause)
[2026-03-19T11:04:00.567+0530][gc,task     ] GC(10) Using 10 workers of 10 for evacuation
[2026-03-19T11:04:00.574+0530][gc,phases   ] GC(10)   Pre Evacuate Collection Set: 0.37ms
[2026-03-19T11:04:00.574+0530][gc,phases   ] GC(10)   Merge Heap Roots: 0.21ms
[2026-03-19T11:04:00.574+0530][gc,phases   ] GC(10)   Evacuate Collection Set: 5.63ms
[2026-03-19T11:04:00.574+0530][gc,phases   ] GC(10)   Post Evacuate Collection Set: 0.67ms
[2026-03-19T11:04:00.574+0530][gc,phases   ] GC(10)   Other: 0.31ms
[2026-03-19T11:04:00.574+0530][gc,heap     ] GC(10) Eden regions: 46->0(53)
[2026-03-19T11:04:00.574+0530][gc,heap     ] GC(10) Survivor regions: 5->5(7)
[2026-03-19T11:04:00.574+0530][gc,heap     ] GC(10) Old regions: 28->32
[2026-03-19T11:04:00.574+0530][gc,heap     ] GC(10) Archive regions: 2->2
[2026-03-19T11:04:00.574+0530][gc,heap     ] GC(10) Humongous regions: 138->138
[2026-03-19T11:04:00.574+0530][gc,metaspace] GC(10) Metaspace: 45797K(46528K)->45797K(46528K) NonClass: 40552K(40960K)->40552K(40960K) Class: 5245K(5568K)->5245K(5568K)
[2026-03-19T11:04:00.574+0530][gc          ] GC(10) Pause Young (Normal) (G1 Evacuation Pause) 216M->174M(1024M) 7.270ms
[2026-03-19T11:04:00.574+0530][gc,cpu      ] GC(10) User=0.06s Sys=0.00s Real=0.01s
[2026-03-19T11:09:14.206+0530][gc,start    ] GC(11) Pause Young (Normal) (G1 Evacuation Pause)
[2026-03-19T11:09:14.206+0530][gc,task     ] GC(11) Using 10 workers of 10 for evacuation
[2026-03-19T11:09:14.213+0530][gc,phases   ] GC(11)   Pre Evacuate Collection Set: 0.27ms
[2026-03-19T11:09:14.214+0530][gc,phases   ] GC(11)   Merge Heap Roots: 0.12ms
[2026-03-19T11:09:14.214+0530][gc,phases   ] GC(11)   Evacuate Collection Set: 5.86ms
[2026-03-19T11:09:14.214+0530][gc,phases   ] GC(11)   Post Evacuate Collection Set: 0.71ms
[2026-03-19T11:09:14.214+0530][gc,phases   ] GC(11)   Other: 0.22ms
[2026-03-19T11:09:14.214+0530][gc,heap     ] GC(11) Eden regions: 50->0(73)
[2026-03-19T11:09:14.214+0530][gc,heap     ] GC(11) Survivor regions: 5->5(7)
[2026-03-19T11:09:14.214+0530][gc,heap     ] GC(11) Old regions: 32->36
[2026-03-19T11:09:14.214+0530][gc,heap     ] GC(11) Archive regions: 2->2
[2026-03-19T11:09:14.214+0530][gc,heap     ] GC(11) Humongous regions: 138->138
[2026-03-19T11:09:14.214+0530][gc,metaspace] GC(11) Metaspace: 45822K(46528K)->45822K(46528K) NonClass: 40576K(40960K)->40576K(40960K) Class: 5245K(5568K)->5245K(5568K)
[2026-03-19T11:09:14.214+0530][gc          ] GC(11) Pause Young (Normal) (G1 Evacuation Pause) 224M->179M(1024M) 7.417ms
[2026-03-19T11:09:14.214+0530][gc,cpu      ] GC(11) User=0.05s Sys=0.00s Real=0.01s
[2026-03-19T11:16:41.727+0530][gc,start    ] GC(12) Pause Young (Normal) (G1 Evacuation Pause)
[2026-03-19T11:16:41.727+0530][gc,task     ] GC(12) Using 10 workers of 10 for evacuation
[2026-03-19T11:16:41.732+0530][gc,phases   ] GC(12)   Pre Evacuate Collection Set: 0.10ms
[2026-03-19T11:16:41.733+0530][gc,phases   ] GC(12)   Merge Heap Roots: 0.08ms
[2026-03-19T11:16:41.733+0530][gc,phases   ] GC(12)   Evacuate Collection Set: 4.77ms
[2026-03-19T11:16:41.733+0530][gc,phases   ] GC(12)   Post Evacuate Collection Set: 0.20ms
[2026-03-19T11:16:41.733+0530][gc,phases   ] GC(12)   Other: 0.13ms
[2026-03-19T11:16:41.733+0530][gc,heap     ] GC(12) Eden regions: 71->0(63)
[2026-03-19T11:16:41.733+0530][gc,heap     ] GC(12) Survivor regions: 5->10(10)
[2026-03-19T11:16:41.733+0530][gc,heap     ] GC(12) Old regions: 36->37
[2026-03-19T11:16:41.733+0530][gc,heap     ] GC(12) Archive regions: 2->2
[2026-03-19T11:16:41.733+0530][gc,heap     ] GC(12) Humongous regions: 138->138
[2026-03-19T11:16:41.733+0530][gc,metaspace] GC(12) Metaspace: 45831K(46528K)->45831K(46528K) NonClass: 40586K(40960K)->40586K(40960K) Class: 5245K(5568K)->5245K(5568K)
[2026-03-19T11:16:41.733+0530][gc          ] GC(12) Pause Young (Normal) (G1 Evacuation Pause) 250M->185M(1024M) 5.341ms
[2026-03-19T11:16:41.733+0530][gc,cpu      ] GC(12) User=0.04s Sys=0.00s Real=0.01s
[2026-03-19T11:18:10.453+0530][gc,heap,exit] Heap
[2026-03-19T11:18:10.453+0530][gc,heap,exit]  garbage-first heap   total 1048576K, used 219615K [0x00000000c0000000, 0x0000000100000000)
[2026-03-19T11:18:10.453+0530][gc,heap,exit]   region size 1024K, 40 young (40960K), 10 survivors (10240K)
[2026-03-19T11:18:10.453+0530][gc,heap,exit]  Metaspace       used 46962K, committed 47680K, reserved 1114112K
[2026-03-19T11:18:10.453+0530][gc,heap,exit]   class space    used 5476K, committed 5824K, reserved 1048576K
