[2026-03-19T11:41:58.627+0530][gc] Using G1
[2026-03-19T11:41:58.637+0530][gc,init] Version: 17.0.18+8-Ubuntu-122.04.1 (release)
[2026-03-19T11:41:58.637+0530][gc,init] CPUs: 12 total, 12 available
[2026-03-19T11:41:58.637+0530][gc,init] Memory: 31781M
[2026-03-19T11:41:58.637+0530][gc,init] Large Page Support: Disabled
[2026-03-19T11:41:58.637+0530][gc,init] NUMA Support: Disabled
[2026-03-19T11:41:58.637+0530][gc,init] Compressed Oops: Enabled (32-bit)
[2026-03-19T11:41:58.637+0530][gc,init] Heap Region Size: 1M
[2026-03-19T11:41:58.637+0530][gc,init] Heap Min Capacity: 1G
[2026-03-19T11:41:58.637+0530][gc,init] Heap Initial Capacity: 1G
[2026-03-19T11:41:58.637+0530][gc,init] Heap Max Capacity: 1G
[2026-03-19T11:41:58.637+0530][gc,init] Pre-touch: Disabled
[2026-03-19T11:41:58.637+0530][gc,init] Parallel Workers: 10
[2026-03-19T11:41:58.637+0530][gc,init] Concurrent Workers: 3
[2026-03-19T11:41:58.637+0530][gc,init] Concurrent Refinement Workers: 10
[2026-03-19T11:41:58.637+0530][gc,init] Periodic GC: Disabled
[2026-03-19T11:41:58.643+0530][gc,metaspace] CDS archive(s) mapped at: [0x00007d8dcf000000-0x00007d8dcfbca000-0x00007d8dcfbca000), size 12361728, SharedBaseAddress: 0x00007d8dcf000000, ArchiveRelocationMode: 1.
[2026-03-19T11:41:58.643+0530][gc,metaspace] Compressed class space mapped at: 0x00007d8dd0000000-0x00007d8e10000000, reserved size: 1073741824
[2026-03-19T11:41:58.643+0530][gc,metaspace] Narrow klass base: 0x00007d8dcf000000, Narrow klass shift: 0, Narrow klass range: 0x100000000
[2026-03-19T11:41:59.036+0530][gc,start    ] GC(0) Pause Young (Normal) (G1 Evacuation Pause)
[2026-03-19T11:41:59.037+0530][gc,task     ] GC(0) Using 10 workers of 10 for evacuation
[2026-03-19T11:41:59.039+0530][gc,phases   ] GC(0)   Pre Evacuate Collection Set: 0.24ms
[2026-03-19T11:41:59.039+0530][gc,phases   ] GC(0)   Merge Heap Roots: 0.05ms
[2026-03-19T11:41:59.039+0530][gc,phases   ] GC(0)   Evacuate Collection Set: 1.91ms
[2026-03-19T11:41:59.039+0530][gc,phases   ] GC(0)   Post Evacuate Collection Set: 0.24ms
[2026-03-19T11:41:59.039+0530][gc,phases   ] GC(0)   Other: 0.88ms
[2026-03-19T11:41:59.039+0530][gc,heap     ] GC(0) Eden regions: 51->0(44)
[2026-03-19T11:41:59.039+0530][gc,heap     ] GC(0) Survivor regions: 0->7(7)
[2026-03-19T11:41:59.039+0530][gc,heap     ] GC(0) Old regions: 0->2
[2026-03-19T11:41:59.039+0530][gc,heap     ] GC(0) Archive regions: 2->2
[2026-03-19T11:41:59.039+0530][gc,heap     ] GC(0) Humongous regions: 0->0
[2026-03-19T11:41:59.039+0530][gc,metaspace] GC(0) Metaspace: 16301K(16448K)->16301K(16448K) NonClass: 14390K(14464K)->14390K(14464K) Class: 1910K(1984K)->1910K(1984K)
[2026-03-19T11:41:59.039+0530][gc          ] GC(0) Pause Young (Normal) (G1 Evacuation Pause) 51M->9M(1024M) 3.385ms
[2026-03-19T11:41:59.039+0530][gc,cpu      ] GC(0) User=0.02s Sys=0.00s Real=0.00s
[2026-03-19T11:41:59.144+0530][gc,start    ] GC(1) Pause Young (Concurrent Start) (Metadata GC Threshold)
[2026-03-19T11:41:59.144+0530][gc,task     ] GC(1) Using 10 workers of 10 for evacuation
[2026-03-19T11:41:59.146+0530][gc,phases   ] GC(1)   Pre Evacuate Collection Set: 0.12ms
[2026-03-19T11:41:59.146+0530][gc,phases   ] GC(1)   Merge Heap Roots: 0.02ms
[2026-03-19T11:41:59.146+0530][gc,phases   ] GC(1)   Evacuate Collection Set: 1.85ms
[2026-03-19T11:41:59.146+0530][gc,phases   ] GC(1)   Post Evacuate Collection Set: 0.18ms
[2026-03-19T11:41:59.146+0530][gc,phases   ] GC(1)   Other: 0.13ms
[2026-03-19T11:41:59.146+0530][gc,heap     ] GC(1) Eden regions: 16->0(49)
[2026-03-19T11:41:59.146+0530][gc,heap     ] GC(1) Survivor regions: 7->2(7)
[2026-03-19T11:41:59.146+0530][gc,heap     ] GC(1) Old regions: 2->9
[2026-03-19T11:41:59.146+0530][gc,heap     ] GC(1) Archive regions: 2->2
[2026-03-19T11:41:59.146+0530][gc,heap     ] GC(1) Humongous regions: 0->0
[2026-03-19T11:41:59.146+0530][gc,metaspace] GC(1) Metaspace: 21211K(21504K)->21211K(21504K) NonClass: 18572K(18688K)->18572K(18688K) Class: 2638K(2816K)->2638K(2816K)
[2026-03-19T11:41:59.146+0530][gc          ] GC(1) Pause Young (Concurrent Start) (Metadata GC Threshold) 24M->10M(1024M) 2.429ms
[2026-03-19T11:41:59.146+0530][gc,cpu      ] GC(1) User=0.02s Sys=0.01s Real=0.00s
[2026-03-19T11:41:59.146+0530][gc          ] GC(2) Concurrent Mark Cycle
[2026-03-19T11:41:59.146+0530][gc,marking  ] GC(2) Concurrent Clear Claimed Marks
[2026-03-19T11:41:59.146+0530][gc,marking  ] GC(2) Concurrent Clear Claimed Marks 0.016ms
[2026-03-19T11:41:59.146+0530][gc,marking  ] GC(2) Concurrent Scan Root Regions
[2026-03-19T11:41:59.147+0530][gc,marking  ] GC(2) Concurrent Scan Root Regions 1.018ms
[2026-03-19T11:41:59.147+0530][gc,marking  ] GC(2) Concurrent Mark
[2026-03-19T11:41:59.147+0530][gc,marking  ] GC(2) Concurrent Mark From Roots
[2026-03-19T11:41:59.147+0530][gc,task     ] GC(2) Using 3 workers of 3 for marking
[2026-03-19T11:41:59.148+0530][gc,marking  ] GC(2) Concurrent Mark From Roots 1.167ms
[2026-03-19T11:41:59.148+0530][gc,marking  ] GC(2) Concurrent Preclean
[2026-03-19T11:41:59.149+0530][gc,marking  ] GC(2) Concurrent Preclean 0.072ms
[2026-03-19T11:41:59.149+0530][gc,start    ] GC(2) Pause Remark
[2026-03-19T11:41:59.150+0530][gc          ] GC(2) Pause Remark 10M->10M(1024M) 1.036ms
[2026-03-19T11:41:59.150+0530][gc,cpu      ] GC(2) User=0.00s Sys=0.00s Real=0.00s
[2026-03-19T11:41:59.150+0530][gc,marking  ] GC(2) Concurrent Mark 2.446ms
[2026-03-19T11:41:59.150+0530][gc,marking  ] GC(2) Concurrent Rebuild Remembered Sets
[2026-03-19T11:41:59.151+0530][gc,marking  ] GC(2) Concurrent Rebuild Remembered Sets 1.097ms
[2026-03-19T11:41:59.151+0530][gc,start    ] GC(2) Pause Cleanup
[2026-03-19T11:41:59.151+0530][gc          ] GC(2) Pause Cleanup 10M->10M(1024M) 0.084ms
[2026-03-19T11:41:59.151+0530][gc,cpu      ] GC(2) User=0.00s Sys=0.00s Real=0.00s
[2026-03-19T11:41:59.151+0530][gc,marking  ] GC(2) Concurrent Cleanup for Next Mark
[2026-03-19T11:41:59.153+0530][gc,marking  ] GC(2) Concurrent Cleanup for Next Mark 2.076ms
[2026-03-19T11:41:59.153+0530][gc          ] GC(2) Concurrent Mark Cycle 7.000ms
[2026-03-19T11:41:59.504+0530][gc,start    ] GC(3) Pause Young (Normal) (G1 Evacuation Pause)
[2026-03-19T11:41:59.504+0530][gc,task     ] GC(3) Using 10 workers of 10 for evacuation
[2026-03-19T11:41:59.506+0530][gc,phases   ] GC(3)   Pre Evacuate Collection Set: 0.13ms
[2026-03-19T11:41:59.506+0530][gc,phases   ] GC(3)   Merge Heap Roots: 0.04ms
[2026-03-19T11:41:59.506+0530][gc,phases   ] GC(3)   Evacuate Collection Set: 1.72ms
[2026-03-19T11:41:59.506+0530][gc,phases   ] GC(3)   Post Evacuate Collection Set: 0.28ms
[2026-03-19T11:41:59.506+0530][gc,phases   ] GC(3)   Other: 0.11ms
[2026-03-19T11:41:59.506+0530][gc,heap     ] GC(3) Eden regions: 49->0(45)
[2026-03-19T11:41:59.506+0530][gc,heap     ] GC(3) Survivor regions: 2->6(7)
[2026-03-19T11:41:59.506+0530][gc,heap     ] GC(3) Old regions: 9->9
[2026-03-19T11:41:59.506+0530][gc,heap     ] GC(3) Archive regions: 2->2
[2026-03-19T11:41:59.506+0530][gc,heap     ] GC(3) Humongous regions: 0->0
[2026-03-19T11:41:59.506+0530][gc,metaspace] GC(3) Metaspace: 32978K(33280K)->32978K(33280K) NonClass: 29139K(29312K)->29139K(29312K) Class: 3839K(3968K)->3839K(3968K)
[2026-03-19T11:41:59.506+0530][gc          ] GC(3) Pause Young (Normal) (G1 Evacuation Pause) 59M->14M(1024M) 2.373ms
[2026-03-19T11:41:59.506+0530][gc,cpu      ] GC(3) User=0.02s Sys=0.00s Real=0.00s
[2026-03-19T11:41:59.570+0530][gc,start    ] GC(4) Pause Young (Concurrent Start) (Metadata GC Threshold)
[2026-03-19T11:41:59.570+0530][gc,task     ] GC(4) Using 10 workers of 10 for evacuation
[2026-03-19T11:41:59.572+0530][gc,phases   ] GC(4)   Pre Evacuate Collection Set: 0.10ms
[2026-03-19T11:41:59.572+0530][gc,phases   ] GC(4)   Merge Heap Roots: 0.03ms
[2026-03-19T11:41:59.572+0530][gc,phases   ] GC(4)   Evacuate Collection Set: 1.80ms
[2026-03-19T11:41:59.572+0530][gc,phases   ] GC(4)   Post Evacuate Collection Set: 0.24ms
[2026-03-19T11:41:59.572+0530][gc,phases   ] GC(4)   Other: 0.13ms
[2026-03-19T11:41:59.572+0530][gc,heap     ] GC(4) Eden regions: 14->0(49)
[2026-03-19T11:41:59.572+0530][gc,heap     ] GC(4) Survivor regions: 6->2(7)
[2026-03-19T11:41:59.572+0530][gc,heap     ] GC(4) Old regions: 9->14
[2026-03-19T11:41:59.572+0530][gc,heap     ] GC(4) Archive regions: 2->2
[2026-03-19T11:41:59.572+0530][gc,heap     ] GC(4) Humongous regions: 0->0
[2026-03-19T11:41:59.572+0530][gc,metaspace] GC(4) Metaspace: 35730K(36096K)->35730K(36096K) NonClass: 31552K(31744K)->31552K(31744K) Class: 4177K(4352K)->4177K(4352K)
[2026-03-19T11:41:59.572+0530][gc          ] GC(4) Pause Young (Concurrent Start) (Metadata GC Threshold) 28M->15M(1024M) 2.413ms
[2026-03-19T11:41:59.572+0530][gc,cpu      ] GC(4) User=0.02s Sys=0.00s Real=0.01s
[2026-03-19T11:41:59.572+0530][gc          ] GC(5) Concurrent Mark Cycle
[2026-03-19T11:41:59.572+0530][gc,marking  ] GC(5) Concurrent Clear Claimed Marks
[2026-03-19T11:41:59.572+0530][gc,marking  ] GC(5) Concurrent Clear Claimed Marks 0.036ms
[2026-03-19T11:41:59.572+0530][gc,marking  ] GC(5) Concurrent Scan Root Regions
[2026-03-19T11:41:59.575+0530][gc,marking  ] GC(5) Concurrent Scan Root Regions 2.216ms
[2026-03-19T11:41:59.575+0530][gc,marking  ] GC(5) Concurrent Mark
[2026-03-19T11:41:59.575+0530][gc,marking  ] GC(5) Concurrent Mark From Roots
[2026-03-19T11:41:59.575+0530][gc,task     ] GC(5) Using 3 workers of 3 for marking
[2026-03-19T11:41:59.578+0530][gc,marking  ] GC(5) Concurrent Mark From Roots 3.191ms
[2026-03-19T11:41:59.578+0530][gc,marking  ] GC(5) Concurrent Preclean
[2026-03-19T11:41:59.578+0530][gc,marking  ] GC(5) Concurrent Preclean 0.104ms
[2026-03-19T11:41:59.578+0530][gc,start    ] GC(5) Pause Remark
[2026-03-19T11:41:59.579+0530][gc          ] GC(5) Pause Remark 16M->16M(1024M) 0.824ms
[2026-03-19T11:41:59.579+0530][gc,cpu      ] GC(5) User=0.01s Sys=0.00s Real=0.00s
[2026-03-19T11:41:59.579+0530][gc,marking  ] GC(5) Concurrent Mark 4.225ms
[2026-03-19T11:41:59.579+0530][gc,marking  ] GC(5) Concurrent Rebuild Remembered Sets
[2026-03-19T11:41:59.581+0530][gc,marking  ] GC(5) Concurrent Rebuild Remembered Sets 2.216ms
[2026-03-19T11:41:59.581+0530][gc,start    ] GC(5) Pause Cleanup
[2026-03-19T11:41:59.581+0530][gc          ] GC(5) Pause Cleanup 17M->17M(1024M) 0.071ms
[2026-03-19T11:41:59.581+0530][gc,cpu      ] GC(5) User=0.00s Sys=0.00s Real=0.00s
[2026-03-19T11:41:59.581+0530][gc,marking  ] GC(5) Concurrent Cleanup for Next Mark
[2026-03-19T11:41:59.584+0530][gc,marking  ] GC(5) Concurrent Cleanup for Next Mark 2.524ms
[2026-03-19T11:41:59.584+0530][gc          ] GC(5) Concurrent Mark Cycle 11.568ms
[2026-03-19T11:42:01.685+0530][gc,start    ] GC(6) Pause Young (Concurrent Start) (G1 Evacuation Pause)
[2026-03-19T11:42:01.685+0530][gc,task     ] GC(6) Using 10 workers of 10 for evacuation
[2026-03-19T11:42:01.691+0530][gc,phases   ] GC(6)   Pre Evacuate Collection Set: 0.20ms
[2026-03-19T11:42:01.691+0530][gc,phases   ] GC(6)   Merge Heap Roots: 0.04ms
[2026-03-19T11:42:01.691+0530][gc,phases   ] GC(6)   Evacuate Collection Set: 4.68ms
[2026-03-19T11:42:01.691+0530][gc,phases   ] GC(6)   Post Evacuate Collection Set: 0.43ms
[2026-03-19T11:42:01.691+0530][gc,phases   ] GC(6)   Other: 0.15ms
[2026-03-19T11:42:01.691+0530][gc,heap     ] GC(6) Eden regions: 49->0(44)
[2026-03-19T11:42:01.691+0530][gc,heap     ] GC(6) Survivor regions: 2->7(7)
[2026-03-19T11:42:01.691+0530][gc,heap     ] GC(6) Old regions: 14->16
[2026-03-19T11:42:01.691+0530][gc,heap     ] GC(6) Archive regions: 2->2
[2026-03-19T11:42:01.691+0530][gc,heap     ] GC(6) Humongous regions: 9->9
[2026-03-19T11:42:01.691+0530][gc,metaspace] GC(6) Metaspace: 42877K(43520K)->42877K(43520K) NonClass: 37908K(38208K)->37908K(38208K) Class: 4969K(5312K)->4969K(5312K)
[2026-03-19T11:42:01.691+0530][gc          ] GC(6) Pause Young (Concurrent Start) (G1 Evacuation Pause) 73M->32M(1024M) 5.588ms
[2026-03-19T11:42:01.691+0530][gc,cpu      ] GC(6) User=0.03s Sys=0.00s Real=0.01s
[2026-03-19T11:42:01.691+0530][gc          ] GC(7) Concurrent Mark Cycle
[2026-03-19T11:42:01.691+0530][gc,marking  ] GC(7) Concurrent Clear Claimed Marks
[2026-03-19T11:42:01.691+0530][gc,marking  ] GC(7) Concurrent Clear Claimed Marks 0.058ms
[2026-03-19T11:42:01.691+0530][gc,marking  ] GC(7) Concurrent Scan Root Regions
[2026-03-19T11:42:01.695+0530][gc,marking  ] GC(7) Concurrent Scan Root Regions 4.011ms
[2026-03-19T11:42:01.695+0530][gc,marking  ] GC(7) Concurrent Mark
[2026-03-19T11:42:01.695+0530][gc,marking  ] GC(7) Concurrent Mark From Roots
[2026-03-19T11:42:01.695+0530][gc,task     ] GC(7) Using 3 workers of 3 for marking
[2026-03-19T11:42:01.704+0530][gc,marking  ] GC(7) Concurrent Mark From Roots 9.582ms
[2026-03-19T11:42:01.704+0530][gc,marking  ] GC(7) Concurrent Preclean
[2026-03-19T11:42:01.705+0530][gc,marking  ] GC(7) Concurrent Preclean 0.111ms
[2026-03-19T11:42:01.705+0530][gc,start    ] GC(7) Pause Remark
[2026-03-19T11:42:01.706+0530][gc          ] GC(7) Pause Remark 36M->36M(1024M) 1.471ms
[2026-03-19T11:42:01.706+0530][gc,cpu      ] GC(7) User=0.01s Sys=0.00s Real=0.00s
[2026-03-19T11:42:01.706+0530][gc,marking  ] GC(7) Concurrent Mark 11.346ms
[2026-03-19T11:42:01.706+0530][gc,marking  ] GC(7) Concurrent Rebuild Remembered Sets
[2026-03-19T11:42:01.709+0530][gc,marking  ] GC(7) Concurrent Rebuild Remembered Sets 2.582ms
[2026-03-19T11:42:01.709+0530][gc,start    ] GC(7) Pause Cleanup
[2026-03-19T11:42:01.709+0530][gc          ] GC(7) Pause Cleanup 36M->36M(1024M) 0.176ms
[2026-03-19T11:42:01.709+0530][gc,cpu      ] GC(7) User=0.00s Sys=0.00s Real=0.00s
[2026-03-19T11:42:01.712+0530][gc,marking  ] GC(7) Concurrent Cleanup for Next Mark
[2026-03-19T11:42:01.713+0530][gc,marking  ] GC(7) Concurrent Cleanup for Next Mark 0.965ms
[2026-03-19T11:42:01.713+0530][gc          ] GC(7) Concurrent Mark Cycle 22.313ms
[2026-03-19T11:44:22.817+0530][gc,start    ] GC(8) Pause Young (Normal) (G1 Evacuation Pause)
[2026-03-19T11:44:22.817+0530][gc,task     ] GC(8) Using 10 workers of 10 for evacuation
[2026-03-19T11:44:22.827+0530][gc,phases   ] GC(8)   Pre Evacuate Collection Set: 0.30ms
[2026-03-19T11:44:22.827+0530][gc,phases   ] GC(8)   Merge Heap Roots: 0.09ms
[2026-03-19T11:44:22.827+0530][gc,phases   ] GC(8)   Evacuate Collection Set: 7.79ms
[2026-03-19T11:44:22.827+0530][gc,phases   ] GC(8)   Post Evacuate Collection Set: 1.02ms
[2026-03-19T11:44:22.827+0530][gc,phases   ] GC(8)   Other: 0.28ms
[2026-03-19T11:44:22.827+0530][gc,heap     ] GC(8) Eden regions: 44->0(47)
[2026-03-19T11:44:22.827+0530][gc,heap     ] GC(8) Survivor regions: 7->4(7)
[2026-03-19T11:44:22.827+0530][gc,heap     ] GC(8) Old regions: 16->22
[2026-03-19T11:44:22.827+0530][gc,heap     ] GC(8) Archive regions: 2->2
[2026-03-19T11:44:22.827+0530][gc,heap     ] GC(8) Humongous regions: 138->138
[2026-03-19T11:44:22.827+0530][gc,metaspace] GC(8) Metaspace: 45910K(46656K)->45910K(46656K) NonClass: 40592K(40960K)->40592K(40960K) Class: 5317K(5696K)->5317K(5696K)
[2026-03-19T11:44:22.827+0530][gc          ] GC(8) Pause Young (Normal) (G1 Evacuation Pause) 205M->163M(1024M) 9.723ms
[2026-03-19T11:44:22.827+0530][gc,cpu      ] GC(8) User=0.06s Sys=0.01s Real=0.01s
[2026-03-19T11:46:27.379+0530][gc,start    ] GC(9) Pause Young (Normal) (G1 Evacuation Pause)
[2026-03-19T11:46:27.379+0530][gc,task     ] GC(9) Using 10 workers of 10 for evacuation
[2026-03-19T11:46:27.383+0530][gc,phases   ] GC(9)   Pre Evacuate Collection Set: 0.24ms
[2026-03-19T11:46:27.383+0530][gc,phases   ] GC(9)   Merge Heap Roots: 0.16ms
[2026-03-19T11:46:27.383+0530][gc,phases   ] GC(9)   Evacuate Collection Set: 3.46ms
[2026-03-19T11:46:27.383+0530][gc,phases   ] GC(9)   Post Evacuate Collection Set: 0.62ms
[2026-03-19T11:46:27.383+0530][gc,phases   ] GC(9)   Other: 0.19ms
[2026-03-19T11:46:27.383+0530][gc,heap     ] GC(9) Eden regions: 47->0(44)
[2026-03-19T11:46:27.383+0530][gc,heap     ] GC(9) Survivor regions: 4->7(7)
[2026-03-19T11:46:27.383+0530][gc,heap     ] GC(9) Old regions: 22->22
[2026-03-19T11:46:27.383+0530][gc,heap     ] GC(9) Archive regions: 2->2
[2026-03-19T11:46:27.383+0530][gc,heap     ] GC(9) Humongous regions: 138->138
[2026-03-19T11:46:27.383+0530][gc,metaspace] GC(9) Metaspace: 48680K(49664K)->48680K(49664K) NonClass: 42952K(43456K)->42952K(43456K) Class: 5728K(6208K)->5728K(6208K)
[2026-03-19T11:46:27.383+0530][gc          ] GC(9) Pause Young (Normal) (G1 Evacuation Pause) 210M->167M(1024M) 4.752ms
[2026-03-19T11:46:27.383+0530][gc,cpu      ] GC(9) User=0.04s Sys=0.00s Real=0.01s
[2026-03-19T11:48:47.444+0530][gc,start    ] GC(10) Pause Young (Normal) (G1 Evacuation Pause)
[2026-03-19T11:48:47.444+0530][gc,task     ] GC(10) Using 10 workers of 10 for evacuation
[2026-03-19T11:48:47.452+0530][gc,phases   ] GC(10)   Pre Evacuate Collection Set: 0.36ms
[2026-03-19T11:48:47.452+0530][gc,phases   ] GC(10)   Merge Heap Roots: 0.17ms
[2026-03-19T11:48:47.452+0530][gc,phases   ] GC(10)   Evacuate Collection Set: 6.68ms
[2026-03-19T11:48:47.452+0530][gc,phases   ] GC(10)   Post Evacuate Collection Set: 0.72ms
[2026-03-19T11:48:47.452+0530][gc,phases   ] GC(10)   Other: 0.28ms
[2026-03-19T11:48:47.452+0530][gc,heap     ] GC(10) Eden regions: 44->0(46)
[2026-03-19T11:48:47.452+0530][gc,heap     ] GC(10) Survivor regions: 7->5(7)
[2026-03-19T11:48:47.452+0530][gc,heap     ] GC(10) Old regions: 22->29
[2026-03-19T11:48:47.452+0530][gc,heap     ] GC(10) Archive regions: 2->2
[2026-03-19T11:48:47.452+0530][gc,heap     ] GC(10) Humongous regions: 138->138
[2026-03-19T11:48:47.452+0530][gc,metaspace] GC(10) Metaspace: 49072K(49984K)->49072K(49984K) NonClass: 43319K(43776K)->43319K(43776K) Class: 5752K(6208K)->5752K(6208K)
[2026-03-19T11:48:47.452+0530][gc          ] GC(10) Pause Young (Normal) (G1 Evacuation Pause) 211M->171M(1024M) 8.267ms
[2026-03-19T11:48:47.452+0530][gc,cpu      ] GC(10) User=0.05s Sys=0.02s Real=0.01s
[2026-03-19T11:51:22.587+0530][gc,start    ] GC(11) Pause Young (Normal) (G1 Evacuation Pause)
[2026-03-19T11:51:22.588+0530][gc,task     ] GC(11) Using 10 workers of 10 for evacuation
[2026-03-19T11:51:22.595+0530][gc,phases   ] GC(11)   Pre Evacuate Collection Set: 0.38ms
[2026-03-19T11:51:22.595+0530][gc,phases   ] GC(11)   Merge Heap Roots: 0.29ms
[2026-03-19T11:51:22.595+0530][gc,phases   ] GC(11)   Evacuate Collection Set: 5.59ms
[2026-03-19T11:51:22.595+0530][gc,phases   ] GC(11)   Post Evacuate Collection Set: 0.91ms
[2026-03-19T11:51:22.595+0530][gc,phases   ] GC(11)   Other: 0.35ms
[2026-03-19T11:51:22.595+0530][gc,heap     ] GC(11) Eden regions: 46->0(54)
[2026-03-19T11:51:22.595+0530][gc,heap     ] GC(11) Survivor regions: 5->5(7)
[2026-03-19T11:51:22.595+0530][gc,heap     ] GC(11) Old regions: 29->32
[2026-03-19T11:51:22.595+0530][gc,heap     ] GC(11) Archive regions: 2->2
[2026-03-19T11:51:22.595+0530][gc,heap     ] GC(11) Humongous regions: 138->138
[2026-03-19T11:51:22.595+0530][gc,metaspace] GC(11) Metaspace: 49146K(50048K)->49146K(50048K) NonClass: 43392K(43840K)->43392K(43840K) Class: 5753K(6208K)->5753K(6208K)
[2026-03-19T11:51:22.595+0530][gc          ] GC(11) Pause Young (Normal) (G1 Evacuation Pause) 217M->174M(1024M) 7.807ms
[2026-03-19T11:51:22.595+0530][gc,cpu      ] GC(11) User=0.06s Sys=0.00s Real=0.01s
[2026-03-19T11:54:19.467+0530][gc,start    ] GC(12) Pause Young (Normal) (G1 Evacuation Pause)
[2026-03-19T11:54:19.467+0530][gc,task     ] GC(12) Using 10 workers of 10 for evacuation
[2026-03-19T11:54:19.473+0530][gc,phases   ] GC(12)   Pre Evacuate Collection Set: 0.36ms
[2026-03-19T11:54:19.473+0530][gc,phases   ] GC(12)   Merge Heap Roots: 0.23ms
[2026-03-19T11:54:19.473+0530][gc,phases   ] GC(12)   Evacuate Collection Set: 4.89ms
[2026-03-19T11:54:19.473+0530][gc,phases   ] GC(12)   Post Evacuate Collection Set: 0.33ms
[2026-03-19T11:54:19.473+0530][gc,phases   ] GC(12)   Other: 0.33ms
[2026-03-19T11:54:19.473+0530][gc,heap     ] GC(12) Eden regions: 50->0(81)
[2026-03-19T11:54:19.473+0530][gc,heap     ] GC(12) Survivor regions: 5->5(7)
[2026-03-19T11:54:19.473+0530][gc,heap     ] GC(12) Old regions: 32->35
[2026-03-19T11:54:19.473+0530][gc,heap     ] GC(12) Archive regions: 2->2
[2026-03-19T11:54:19.473+0530][gc,heap     ] GC(12) Humongous regions: 138->138
[2026-03-19T11:54:19.473+0530][gc,metaspace] GC(12) Metaspace: 49188K(50176K)->49188K(50176K) NonClass: 43434K(43968K)->43434K(43968K) Class: 5753K(6208K)->5753K(6208K)
[2026-03-19T11:54:19.473+0530][gc          ] GC(12) Pause Young (Normal) (G1 Evacuation Pause) 224M->177M(1024M) 6.227ms
[2026-03-19T11:54:19.473+0530][gc,cpu      ] GC(12) User=0.05s Sys=0.01s Real=0.01s
[2026-03-19T11:59:10.251+0530][gc,start    ] GC(13) Pause Young (Normal) (G1 Evacuation Pause)
[2026-03-19T11:59:10.251+0530][gc,task     ] GC(13) Using 10 workers of 10 for evacuation
[2026-03-19T11:59:10.259+0530][gc,phases   ] GC(13)   Pre Evacuate Collection Set: 0.24ms
[2026-03-19T11:59:10.259+0530][gc,phases   ] GC(13)   Merge Heap Roots: 0.17ms
[2026-03-19T11:59:10.259+0530][gc,phases   ] GC(13)   Evacuate Collection Set: 6.66ms
[2026-03-19T11:59:10.259+0530][gc,phases   ] GC(13)   Post Evacuate Collection Set: 0.33ms
[2026-03-19T11:59:10.259+0530][gc,phases   ] GC(13)   Other: 0.20ms
[2026-03-19T11:59:10.259+0530][gc,heap     ] GC(13) Eden regions: 76->0(65)
[2026-03-19T11:59:10.259+0530][gc,heap     ] GC(13) Survivor regions: 5->10(11)
[2026-03-19T11:59:10.259+0530][gc,heap     ] GC(13) Old regions: 35->35
[2026-03-19T11:59:10.259+0530][gc,heap     ] GC(13) Archive regions: 2->2
[2026-03-19T11:59:10.259+0530][gc,heap     ] GC(13) Humongous regions: 138->138
[2026-03-19T11:59:10.259+0530][gc,metaspace] GC(13) Metaspace: 49988K(51008K)->49988K(51008K) NonClass: 44078K(44608K)->44078K(44608K) Class: 5909K(6400K)->5909K(6400K)
[2026-03-19T11:59:10.259+0530][gc          ] GC(13) Pause Young (Normal) (G1 Evacuation Pause) 253M->183M(1024M) 7.689ms
[2026-03-19T11:59:10.259+0530][gc,cpu      ] GC(13) User=0.06s Sys=0.00s Real=0.00s
[2026-03-19T12:03:05.880+0530][gc,start    ] GC(14) Pause Young (Normal) (G1 Evacuation Pause)
[2026-03-19T12:03:05.880+0530][gc,task     ] GC(14) Using 10 workers of 10 for evacuation
[2026-03-19T12:03:05.891+0530][gc,phases   ] GC(14)   Pre Evacuate Collection Set: 0.26ms
[2026-03-19T12:03:05.891+0530][gc,phases   ] GC(14)   Merge Heap Roots: 0.23ms
[2026-03-19T12:03:05.891+0530][gc,phases   ] GC(14)   Evacuate Collection Set: 9.41ms
[2026-03-19T12:03:05.891+0530][gc,phases   ] GC(14)   Post Evacuate Collection Set: 1.07ms
[2026-03-19T12:03:05.891+0530][gc,phases   ] GC(14)   Other: 0.33ms
[2026-03-19T12:03:05.891+0530][gc,heap     ] GC(14) Eden regions: 65->0(79)
[2026-03-19T12:03:05.891+0530][gc,heap     ] GC(14) Survivor regions: 10->7(10)
[2026-03-19T12:03:05.891+0530][gc,heap     ] GC(14) Old regions: 35->44
[2026-03-19T12:03:05.891+0530][gc,heap     ] GC(14) Archive regions: 2->2
[2026-03-19T12:03:05.891+0530][gc,heap     ] GC(14) Humongous regions: 138->138
[2026-03-19T12:03:05.891+0530][gc,metaspace] GC(14) Metaspace: 50053K(51136K)->50053K(51136K) NonClass: 44144K(44736K)->44144K(44736K) Class: 5909K(6400K)->5909K(6400K)
[2026-03-19T12:03:05.891+0530][gc          ] GC(14) Pause Young (Normal) (G1 Evacuation Pause) 248M->189M(1024M) 11.502ms
[2026-03-19T12:03:05.891+0530][gc,cpu      ] GC(14) User=0.09s Sys=0.01s Real=0.02s
[2026-03-19T12:07:27.934+0530][gc,start    ] GC(15) Pause Young (Normal) (G1 Evacuation Pause)
[2026-03-19T12:07:27.934+0530][gc,task     ] GC(15) Using 10 workers of 10 for evacuation
[2026-03-19T12:07:27.941+0530][gc,phases   ] GC(15)   Pre Evacuate Collection Set: 0.21ms
[2026-03-19T12:07:27.941+0530][gc,phases   ] GC(15)   Merge Heap Roots: 0.14ms
[2026-03-19T12:07:27.941+0530][gc,phases   ] GC(15)   Evacuate Collection Set: 5.67ms
[2026-03-19T12:07:27.941+0530][gc,phases   ] GC(15)   Post Evacuate Collection Set: 0.73ms
[2026-03-19T12:07:27.941+0530][gc,phases   ] GC(15)   Other: 0.19ms
[2026-03-19T12:07:27.941+0530][gc,heap     ] GC(15) Eden regions: 79->0(135)
[2026-03-19T12:07:27.941+0530][gc,heap     ] GC(15) Survivor regions: 7->6(11)
[2026-03-19T12:07:27.941+0530][gc,heap     ] GC(15) Old regions: 44->49
[2026-03-19T12:07:27.941+0530][gc,heap     ] GC(15) Archive regions: 2->2
[2026-03-19T12:07:27.941+0530][gc,heap     ] GC(15) Humongous regions: 138->138
[2026-03-19T12:07:27.942+0530][gc,metaspace] GC(15) Metaspace: 50562K(51584K)->50562K(51584K) NonClass: 44541K(45120K)->44541K(45120K) Class: 6020K(6464K)->6020K(6464K)
[2026-03-19T12:07:27.942+0530][gc          ] GC(15) Pause Young (Normal) (G1 Evacuation Pause) 268M->193M(1024M) 7.169ms
[2026-03-19T12:07:27.942+0530][gc,cpu      ] GC(15) User=0.05s Sys=0.00s Real=0.01s
[2026-03-19T12:07:33.034+0530][gc,heap,exit] Heap
[2026-03-19T12:07:33.034+0530][gc,heap,exit]  garbage-first heap   total 1048576K, used 206936K [0x00000000c0000000, 0x0000000100000000)
[2026-03-19T12:07:33.034+0530][gc,heap,exit]   region size 1024K, 15 young (15360K), 6 survivors (6144K)
[2026-03-19T12:07:33.034+0530][gc,heap,exit]  Metaspace       used 50929K, committed 51968K, reserved 1114112K
[2026-03-19T12:07:33.034+0530][gc,heap,exit]   class space    used 6101K, committed 6592K, reserved 1048576K
