[2026-03-19T10:33:52.832+0530][gc] Using G1
[2026-03-19T10:33:52.844+0530][gc,init] Version: 17.0.18+8-Ubuntu-122.04.1 (release)
[2026-03-19T10:33:52.844+0530][gc,init] CPUs: 12 total, 12 available
[2026-03-19T10:33:52.844+0530][gc,init] Memory: 31781M
[2026-03-19T10:33:52.844+0530][gc,init] Large Page Support: Disabled
[2026-03-19T10:33:52.844+0530][gc,init] NUMA Support: Disabled
[2026-03-19T10:33:52.844+0530][gc,init] Compressed Oops: Enabled (32-bit)
[2026-03-19T10:33:52.844+0530][gc,init] Heap Region Size: 1M
[2026-03-19T10:33:52.844+0530][gc,init] Heap Min Capacity: 1G
[2026-03-19T10:33:52.844+0530][gc,init] Heap Initial Capacity: 1G
[2026-03-19T10:33:52.844+0530][gc,init] Heap Max Capacity: 1G
[2026-03-19T10:33:52.844+0530][gc,init] Pre-touch: Disabled
[2026-03-19T10:33:52.844+0530][gc,init] Parallel Workers: 10
[2026-03-19T10:33:52.844+0530][gc,init] Concurrent Workers: 3
[2026-03-19T10:33:52.844+0530][gc,init] Concurrent Refinement Workers: 10
[2026-03-19T10:33:52.844+0530][gc,init] Periodic GC: Disabled
[2026-03-19T10:33:52.852+0530][gc,metaspace] CDS archive(s) mapped at: [0x000079ccaf000000-0x000079ccafbca000-0x000079ccafbca000), size 12361728, SharedBaseAddress: 0x000079ccaf000000, ArchiveRelocationMode: 1.
[2026-03-19T10:33:52.852+0530][gc,metaspace] Compressed class space mapped at: 0x000079ccb0000000-0x000079ccf0000000, reserved size: 1073741824
[2026-03-19T10:33:52.852+0530][gc,metaspace] Narrow klass base: 0x000079ccaf000000, Narrow klass shift: 0, Narrow klass range: 0x100000000
[2026-03-19T10:33:53.281+0530][gc,start    ] GC(0) Pause Young (Normal) (G1 Evacuation Pause)
[2026-03-19T10:33:53.281+0530][gc,task     ] GC(0) Using 10 workers of 10 for evacuation
[2026-03-19T10:33:53.284+0530][gc,phases   ] GC(0)   Pre Evacuate Collection Set: 0.14ms
[2026-03-19T10:33:53.284+0530][gc,phases   ] GC(0)   Merge Heap Roots: 0.05ms
[2026-03-19T10:33:53.284+0530][gc,phases   ] GC(0)   Evacuate Collection Set: 2.34ms
[2026-03-19T10:33:53.284+0530][gc,phases   ] GC(0)   Post Evacuate Collection Set: 0.26ms
[2026-03-19T10:33:53.284+0530][gc,phases   ] GC(0)   Other: 0.75ms
[2026-03-19T10:33:53.284+0530][gc,heap     ] GC(0) Eden regions: 51->0(44)
[2026-03-19T10:33:53.284+0530][gc,heap     ] GC(0) Survivor regions: 0->7(7)
[2026-03-19T10:33:53.284+0530][gc,heap     ] GC(0) Old regions: 0->1
[2026-03-19T10:33:53.284+0530][gc,heap     ] GC(0) Archive regions: 2->2
[2026-03-19T10:33:53.284+0530][gc,heap     ] GC(0) Humongous regions: 0->0
[2026-03-19T10:33:53.284+0530][gc,metaspace] GC(0) Metaspace: 16085K(16320K)->16085K(16320K) NonClass: 14221K(14336K)->14221K(14336K) Class: 1864K(1984K)->1864K(1984K)
[2026-03-19T10:33:53.284+0530][gc          ] GC(0) Pause Young (Normal) (G1 Evacuation Pause) 51M->8M(1024M) 3.611ms
[2026-03-19T10:33:53.284+0530][gc,cpu      ] GC(0) User=0.02s Sys=0.00s Real=0.00s
[2026-03-19T10:33:53.399+0530][gc,start    ] GC(1) Pause Young (Concurrent Start) (Metadata GC Threshold)
[2026-03-19T10:33:53.399+0530][gc,task     ] GC(1) Using 10 workers of 10 for evacuation
[2026-03-19T10:33:53.401+0530][gc,phases   ] GC(1)   Pre Evacuate Collection Set: 0.11ms
[2026-03-19T10:33:53.401+0530][gc,phases   ] GC(1)   Merge Heap Roots: 0.04ms
[2026-03-19T10:33:53.401+0530][gc,phases   ] GC(1)   Evacuate Collection Set: 1.81ms
[2026-03-19T10:33:53.401+0530][gc,phases   ] GC(1)   Post Evacuate Collection Set: 0.22ms
[2026-03-19T10:33:53.401+0530][gc,phases   ] GC(1)   Other: 0.15ms
[2026-03-19T10:33:53.401+0530][gc,heap     ] GC(1) Eden regions: 17->0(49)
[2026-03-19T10:33:53.401+0530][gc,heap     ] GC(1) Survivor regions: 7->2(7)
[2026-03-19T10:33:53.401+0530][gc,heap     ] GC(1) Old regions: 1->9
[2026-03-19T10:33:53.401+0530][gc,heap     ] GC(1) Archive regions: 2->2
[2026-03-19T10:33:53.401+0530][gc,heap     ] GC(1) Humongous regions: 0->0
[2026-03-19T10:33:53.401+0530][gc,metaspace] GC(1) Metaspace: 21212K(21504K)->21212K(21504K) NonClass: 18583K(18688K)->18583K(18688K) Class: 2629K(2816K)->2629K(2816K)
[2026-03-19T10:33:53.401+0530][gc          ] GC(1) Pause Young (Concurrent Start) (Metadata GC Threshold) 25M->10M(1024M) 2.369ms
[2026-03-19T10:33:53.401+0530][gc,cpu      ] GC(1) User=0.02s Sys=0.00s Real=0.01s
[2026-03-19T10:33:53.401+0530][gc          ] GC(2) Concurrent Mark Cycle
[2026-03-19T10:33:53.401+0530][gc,marking  ] GC(2) Concurrent Clear Claimed Marks
[2026-03-19T10:33:53.401+0530][gc,marking  ] GC(2) Concurrent Clear Claimed Marks 0.018ms
[2026-03-19T10:33:53.401+0530][gc,marking  ] GC(2) Concurrent Scan Root Regions
[2026-03-19T10:33:53.402+0530][gc,marking  ] GC(2) Concurrent Scan Root Regions 1.163ms
[2026-03-19T10:33:53.402+0530][gc,marking  ] GC(2) Concurrent Mark
[2026-03-19T10:33:53.402+0530][gc,marking  ] GC(2) Concurrent Mark From Roots
[2026-03-19T10:33:53.402+0530][gc,task     ] GC(2) Using 3 workers of 3 for marking
[2026-03-19T10:33:53.403+0530][gc,marking  ] GC(2) Concurrent Mark From Roots 0.955ms
[2026-03-19T10:33:53.403+0530][gc,marking  ] GC(2) Concurrent Preclean
[2026-03-19T10:33:53.403+0530][gc,marking  ] GC(2) Concurrent Preclean 0.069ms
[2026-03-19T10:33:53.404+0530][gc,start    ] GC(2) Pause Remark
[2026-03-19T10:33:53.405+0530][gc          ] GC(2) Pause Remark 11M->11M(1024M) 0.801ms
[2026-03-19T10:33:53.405+0530][gc,cpu      ] GC(2) User=0.00s Sys=0.00s Real=0.00s
[2026-03-19T10:33:53.405+0530][gc,marking  ] GC(2) Concurrent Mark 2.224ms
[2026-03-19T10:33:53.405+0530][gc,marking  ] GC(2) Concurrent Rebuild Remembered Sets
[2026-03-19T10:33:53.406+0530][gc,marking  ] GC(2) Concurrent Rebuild Remembered Sets 1.026ms
[2026-03-19T10:33:53.406+0530][gc,start    ] GC(2) Pause Cleanup
[2026-03-19T10:33:53.406+0530][gc          ] GC(2) Pause Cleanup 11M->11M(1024M) 0.110ms
[2026-03-19T10:33:53.406+0530][gc,cpu      ] GC(2) User=0.00s Sys=0.00s Real=0.00s
[2026-03-19T10:33:53.406+0530][gc,marking  ] GC(2) Concurrent Cleanup for Next Mark
[2026-03-19T10:33:53.408+0530][gc,marking  ] GC(2) Concurrent Cleanup for Next Mark 2.098ms
[2026-03-19T10:33:53.408+0530][gc          ] GC(2) Concurrent Mark Cycle 6.876ms
[2026-03-19T10:33:53.709+0530][gc,start    ] GC(3) Pause Young (Normal) (G1 Evacuation Pause)
[2026-03-19T10:33:53.709+0530][gc,task     ] GC(3) Using 10 workers of 10 for evacuation
[2026-03-19T10:33:53.711+0530][gc,phases   ] GC(3)   Pre Evacuate Collection Set: 0.10ms
[2026-03-19T10:33:53.711+0530][gc,phases   ] GC(3)   Merge Heap Roots: 0.03ms
[2026-03-19T10:33:53.711+0530][gc,phases   ] GC(3)   Evacuate Collection Set: 1.13ms
[2026-03-19T10:33:53.711+0530][gc,phases   ] GC(3)   Post Evacuate Collection Set: 0.17ms
[2026-03-19T10:33:53.711+0530][gc,phases   ] GC(3)   Other: 0.06ms
[2026-03-19T10:33:53.711+0530][gc,heap     ] GC(3) Eden regions: 49->0(45)
[2026-03-19T10:33:53.711+0530][gc,heap     ] GC(3) Survivor regions: 2->6(7)
[2026-03-19T10:33:53.711+0530][gc,heap     ] GC(3) Old regions: 9->9
[2026-03-19T10:33:53.711+0530][gc,heap     ] GC(3) Archive regions: 2->2
[2026-03-19T10:33:53.711+0530][gc,heap     ] GC(3) Humongous regions: 0->0
[2026-03-19T10:33:53.711+0530][gc,metaspace] GC(3) Metaspace: 33364K(33728K)->33364K(33728K) NonClass: 29481K(29696K)->29481K(29696K) Class: 3883K(4032K)->3883K(4032K)
[2026-03-19T10:33:53.711+0530][gc          ] GC(3) Pause Young (Normal) (G1 Evacuation Pause) 59M->14M(1024M) 1.550ms
[2026-03-19T10:33:53.711+0530][gc,cpu      ] GC(3) User=0.01s Sys=0.00s Real=0.01s
[2026-03-19T10:33:53.769+0530][gc,start    ] GC(4) Pause Young (Concurrent Start) (Metadata GC Threshold)
[2026-03-19T10:33:53.769+0530][gc,task     ] GC(4) Using 10 workers of 10 for evacuation
[2026-03-19T10:33:53.772+0530][gc,phases   ] GC(4)   Pre Evacuate Collection Set: 0.09ms
[2026-03-19T10:33:53.772+0530][gc,phases   ] GC(4)   Merge Heap Roots: 0.03ms
[2026-03-19T10:33:53.772+0530][gc,phases   ] GC(4)   Evacuate Collection Set: 1.85ms
[2026-03-19T10:33:53.772+0530][gc,phases   ] GC(4)   Post Evacuate Collection Set: 0.14ms
[2026-03-19T10:33:53.772+0530][gc,phases   ] GC(4)   Other: 0.11ms
[2026-03-19T10:33:53.772+0530][gc,heap     ] GC(4) Eden regions: 14->0(49)
[2026-03-19T10:33:53.772+0530][gc,heap     ] GC(4) Survivor regions: 6->2(7)
[2026-03-19T10:33:53.772+0530][gc,heap     ] GC(4) Old regions: 9->14
[2026-03-19T10:33:53.772+0530][gc,heap     ] GC(4) Archive regions: 2->2
[2026-03-19T10:33:53.772+0530][gc,heap     ] GC(4) Humongous regions: 0->0
[2026-03-19T10:33:53.772+0530][gc,metaspace] GC(4) Metaspace: 35735K(36096K)->35735K(36096K) NonClass: 31578K(31744K)->31578K(31744K) Class: 4156K(4352K)->4156K(4352K)
[2026-03-19T10:33:53.772+0530][gc          ] GC(4) Pause Young (Concurrent Start) (Metadata GC Threshold) 28M->16M(1024M) 2.284ms
[2026-03-19T10:33:53.772+0530][gc,cpu      ] GC(4) User=0.02s Sys=0.01s Real=0.01s
[2026-03-19T10:33:53.772+0530][gc          ] GC(5) Concurrent Mark Cycle
[2026-03-19T10:33:53.772+0530][gc,marking  ] GC(5) Concurrent Clear Claimed Marks
[2026-03-19T10:33:53.772+0530][gc,marking  ] GC(5) Concurrent Clear Claimed Marks 0.034ms
[2026-03-19T10:33:53.772+0530][gc,marking  ] GC(5) Concurrent Scan Root Regions
[2026-03-19T10:33:53.773+0530][gc,marking  ] GC(5) Concurrent Scan Root Regions 1.109ms
[2026-03-19T10:33:53.773+0530][gc,marking  ] GC(5) Concurrent Mark
[2026-03-19T10:33:53.773+0530][gc,marking  ] GC(5) Concurrent Mark From Roots
[2026-03-19T10:33:53.773+0530][gc,task     ] GC(5) Using 3 workers of 3 for marking
[2026-03-19T10:33:53.777+0530][gc,marking  ] GC(5) Concurrent Mark From Roots 4.077ms
[2026-03-19T10:33:53.777+0530][gc,marking  ] GC(5) Concurrent Preclean
[2026-03-19T10:33:53.777+0530][gc,marking  ] GC(5) Concurrent Preclean 0.105ms
[2026-03-19T10:33:53.777+0530][gc,start    ] GC(5) Pause Remark
[2026-03-19T10:33:53.779+0530][gc          ] GC(5) Pause Remark 18M->18M(1024M) 1.308ms
[2026-03-19T10:33:53.779+0530][gc,cpu      ] GC(5) User=0.00s Sys=0.00s Real=0.00s
[2026-03-19T10:33:53.779+0530][gc,marking  ] GC(5) Concurrent Mark 5.754ms
[2026-03-19T10:33:53.779+0530][gc,marking  ] GC(5) Concurrent Rebuild Remembered Sets
[2026-03-19T10:33:53.781+0530][gc,marking  ] GC(5) Concurrent Rebuild Remembered Sets 2.558ms
[2026-03-19T10:33:53.781+0530][gc,start    ] GC(5) Pause Cleanup
[2026-03-19T10:33:53.782+0530][gc          ] GC(5) Pause Cleanup 19M->19M(1024M) 0.112ms
[2026-03-19T10:33:53.782+0530][gc,cpu      ] GC(5) User=0.00s Sys=0.00s Real=0.00s
[2026-03-19T10:33:53.782+0530][gc,marking  ] GC(5) Concurrent Cleanup for Next Mark
[2026-03-19T10:33:53.784+0530][gc,marking  ] GC(5) Concurrent Cleanup for Next Mark 2.548ms
[2026-03-19T10:33:53.784+0530][gc          ] GC(5) Concurrent Mark Cycle 12.422ms
[2026-03-19T10:43:38.653+0530][gc,heap,exit] Heap
[2026-03-19T10:43:38.653+0530][gc,heap,exit]  garbage-first heap   total 1048576K, used 65684K [0x00000000c0000000, 0x0000000100000000)
[2026-03-19T10:43:38.653+0530][gc,heap,exit]   region size 1024K, 50 young (51200K), 2 survivors (2048K)
[2026-03-19T10:43:38.653+0530][gc,heap,exit]  Metaspace       used 41756K, committed 42240K, reserved 1114112K
[2026-03-19T10:43:38.653+0530][gc,heap,exit]   class space    used 4776K, committed 4992K, reserved 1048576K
