[2026-03-19T21:10:05.161+0530][gc] Using G1
[2026-03-19T21:10:05.173+0530][gc,init] Version: 17.0.18+8-Ubuntu-122.04.1 (release)
[2026-03-19T21:10:05.173+0530][gc,init] CPUs: 12 total, 12 available
[2026-03-19T21:10:05.173+0530][gc,init] Memory: 31781M
[2026-03-19T21:10:05.173+0530][gc,init] Large Page Support: Disabled
[2026-03-19T21:10:05.173+0530][gc,init] NUMA Support: Disabled
[2026-03-19T21:10:05.173+0530][gc,init] Compressed Oops: Enabled (32-bit)
[2026-03-19T21:10:05.173+0530][gc,init] Heap Region Size: 1M
[2026-03-19T21:10:05.173+0530][gc,init] Heap Min Capacity: 1G
[2026-03-19T21:10:05.173+0530][gc,init] Heap Initial Capacity: 1G
[2026-03-19T21:10:05.173+0530][gc,init] Heap Max Capacity: 1G
[2026-03-19T21:10:05.173+0530][gc,init] Pre-touch: Disabled
[2026-03-19T21:10:05.173+0530][gc,init] Parallel Workers: 10
[2026-03-19T21:10:05.173+0530][gc,init] Concurrent Workers: 3
[2026-03-19T21:10:05.173+0530][gc,init] Concurrent Refinement Workers: 10
[2026-03-19T21:10:05.173+0530][gc,init] Periodic GC: Disabled
[2026-03-19T21:10:05.182+0530][gc,metaspace] CDS archive(s) mapped at: [0x0000729efb000000-0x0000729efbbca000-0x0000729efbbca000), size 12361728, SharedBaseAddress: 0x0000729efb000000, ArchiveRelocationMode: 1.
[2026-03-19T21:10:05.182+0530][gc,metaspace] Compressed class space mapped at: 0x0000729efc000000-0x0000729f3c000000, reserved size: 1073741824
[2026-03-19T21:10:05.182+0530][gc,metaspace] Narrow klass base: 0x0000729efb000000, Narrow klass shift: 0, Narrow klass range: 0x100000000
[2026-03-19T21:10:06.758+0530][gc,start    ] GC(0) Pause Young (Normal) (G1 Evacuation Pause)
[2026-03-19T21:10:06.759+0530][gc,task     ] GC(0) Using 10 workers of 10 for evacuation
[2026-03-19T21:10:06.765+0530][gc,phases   ] GC(0)   Pre Evacuate Collection Set: 0.17ms
[2026-03-19T21:10:06.765+0530][gc,phases   ] GC(0)   Merge Heap Roots: 0.09ms
[2026-03-19T21:10:06.765+0530][gc,phases   ] GC(0)   Evacuate Collection Set: 4.25ms
[2026-03-19T21:10:06.765+0530][gc,phases   ] GC(0)   Post Evacuate Collection Set: 0.63ms
[2026-03-19T21:10:06.765+0530][gc,phases   ] GC(0)   Other: 1.37ms
[2026-03-19T21:10:06.765+0530][gc,heap     ] GC(0) Eden regions: 51->0(44)
[2026-03-19T21:10:06.765+0530][gc,heap     ] GC(0) Survivor regions: 0->7(7)
[2026-03-19T21:10:06.765+0530][gc,heap     ] GC(0) Old regions: 0->2
[2026-03-19T21:10:06.765+0530][gc,heap     ] GC(0) Archive regions: 2->2
[2026-03-19T21:10:06.765+0530][gc,heap     ] GC(0) Humongous regions: 0->0
[2026-03-19T21:10:06.765+0530][gc,metaspace] GC(0) Metaspace: 16371K(16576K)->16371K(16576K) NonClass: 14467K(14592K)->14467K(14592K) Class: 1903K(1984K)->1903K(1984K)
[2026-03-19T21:10:06.765+0530][gc          ] GC(0) Pause Young (Normal) (G1 Evacuation Pause) 51M->9M(1024M) 6.679ms
[2026-03-19T21:10:06.765+0530][gc,cpu      ] GC(0) User=0.03s Sys=0.00s Real=0.01s
[2026-03-19T21:10:07.070+0530][gc,start    ] GC(1) Pause Young (Concurrent Start) (Metadata GC Threshold)
[2026-03-19T21:10:07.070+0530][gc,task     ] GC(1) Using 10 workers of 10 for evacuation
[2026-03-19T21:10:07.075+0530][gc,phases   ] GC(1)   Pre Evacuate Collection Set: 0.21ms
[2026-03-19T21:10:07.075+0530][gc,phases   ] GC(1)   Merge Heap Roots: 0.08ms
[2026-03-19T21:10:07.075+0530][gc,phases   ] GC(1)   Evacuate Collection Set: 3.49ms
[2026-03-19T21:10:07.075+0530][gc,phases   ] GC(1)   Post Evacuate Collection Set: 0.62ms
[2026-03-19T21:10:07.075+0530][gc,phases   ] GC(1)   Other: 0.49ms
[2026-03-19T21:10:07.075+0530][gc,heap     ] GC(1) Eden regions: 16->0(49)
[2026-03-19T21:10:07.075+0530][gc,heap     ] GC(1) Survivor regions: 7->2(7)
[2026-03-19T21:10:07.075+0530][gc,heap     ] GC(1) Old regions: 2->9
[2026-03-19T21:10:07.075+0530][gc,heap     ] GC(1) Archive regions: 2->2
[2026-03-19T21:10:07.075+0530][gc,heap     ] GC(1) Humongous regions: 0->0
[2026-03-19T21:10:07.075+0530][gc,metaspace] GC(1) Metaspace: 21218K(21504K)->21218K(21504K) NonClass: 18589K(18688K)->18589K(18688K) Class: 2629K(2816K)->2629K(2816K)
[2026-03-19T21:10:07.075+0530][gc          ] GC(1) Pause Young (Concurrent Start) (Metadata GC Threshold) 24M->10M(1024M) 5.089ms
[2026-03-19T21:10:07.075+0530][gc,cpu      ] GC(1) User=0.02s Sys=0.02s Real=0.00s
[2026-03-19T21:10:07.076+0530][gc          ] GC(2) Concurrent Mark Cycle
[2026-03-19T21:10:07.076+0530][gc,marking  ] GC(2) Concurrent Clear Claimed Marks
[2026-03-19T21:10:07.076+0530][gc,marking  ] GC(2) Concurrent Clear Claimed Marks 0.040ms
[2026-03-19T21:10:07.076+0530][gc,marking  ] GC(2) Concurrent Scan Root Regions
[2026-03-19T21:10:07.079+0530][gc,marking  ] GC(2) Concurrent Scan Root Regions 2.817ms
[2026-03-19T21:10:07.079+0530][gc,marking  ] GC(2) Concurrent Mark
[2026-03-19T21:10:07.079+0530][gc,marking  ] GC(2) Concurrent Mark From Roots
[2026-03-19T21:10:07.079+0530][gc,task     ] GC(2) Using 3 workers of 3 for marking
[2026-03-19T21:10:07.081+0530][gc,marking  ] GC(2) Concurrent Mark From Roots 2.880ms
[2026-03-19T21:10:07.082+0530][gc,marking  ] GC(2) Concurrent Preclean
[2026-03-19T21:10:07.082+0530][gc,marking  ] GC(2) Concurrent Preclean 0.192ms
[2026-03-19T21:10:07.082+0530][gc,start    ] GC(2) Pause Remark
[2026-03-19T21:10:07.085+0530][gc          ] GC(2) Pause Remark 10M->10M(1024M) 2.623ms
[2026-03-19T21:10:07.085+0530][gc,cpu      ] GC(2) User=0.01s Sys=0.00s Real=0.00s
[2026-03-19T21:10:07.085+0530][gc,marking  ] GC(2) Concurrent Mark 6.168ms
[2026-03-19T21:10:07.085+0530][gc,marking  ] GC(2) Concurrent Rebuild Remembered Sets
[2026-03-19T21:10:07.088+0530][gc,marking  ] GC(2) Concurrent Rebuild Remembered Sets 3.322ms
[2026-03-19T21:10:07.089+0530][gc,start    ] GC(2) Pause Cleanup
[2026-03-19T21:10:07.089+0530][gc          ] GC(2) Pause Cleanup 10M->10M(1024M) 0.310ms
[2026-03-19T21:10:07.089+0530][gc,cpu      ] GC(2) User=0.00s Sys=0.00s Real=0.00s
[2026-03-19T21:10:07.089+0530][gc,marking  ] GC(2) Concurrent Cleanup for Next Mark
[2026-03-19T21:10:07.096+0530][gc,marking  ] GC(2) Concurrent Cleanup for Next Mark 6.368ms
[2026-03-19T21:10:07.096+0530][gc          ] GC(2) Concurrent Mark Cycle 20.272ms
[2026-03-19T21:10:08.237+0530][gc,start    ] GC(3) Pause Young (Normal) (G1 Evacuation Pause)
[2026-03-19T21:10:08.237+0530][gc,task     ] GC(3) Using 10 workers of 10 for evacuation
[2026-03-19T21:10:08.250+0530][gc,phases   ] GC(3)   Pre Evacuate Collection Set: 0.36ms
[2026-03-19T21:10:08.250+0530][gc,phases   ] GC(3)   Merge Heap Roots: 0.20ms
[2026-03-19T21:10:08.250+0530][gc,phases   ] GC(3)   Evacuate Collection Set: 10.93ms
[2026-03-19T21:10:08.250+0530][gc,phases   ] GC(3)   Post Evacuate Collection Set: 1.08ms
[2026-03-19T21:10:08.250+0530][gc,phases   ] GC(3)   Other: 0.29ms
[2026-03-19T21:10:08.250+0530][gc,heap     ] GC(3) Eden regions: 49->0(45)
[2026-03-19T21:10:08.250+0530][gc,heap     ] GC(3) Survivor regions: 2->6(7)
[2026-03-19T21:10:08.250+0530][gc,heap     ] GC(3) Old regions: 9->9
[2026-03-19T21:10:08.250+0530][gc,heap     ] GC(3) Archive regions: 2->2
[2026-03-19T21:10:08.250+0530][gc,heap     ] GC(3) Humongous regions: 0->0
[2026-03-19T21:10:08.250+0530][gc,metaspace] GC(3) Metaspace: 32803K(33152K)->32803K(33152K) NonClass: 28987K(29184K)->28987K(29184K) Class: 3816K(3968K)->3816K(3968K)
[2026-03-19T21:10:08.250+0530][gc          ] GC(3) Pause Young (Normal) (G1 Evacuation Pause) 59M->14M(1024M) 13.087ms
[2026-03-19T21:10:08.250+0530][gc,cpu      ] GC(3) User=0.05s Sys=0.00s Real=0.02s
[2026-03-19T21:10:08.513+0530][gc,start    ] GC(4) Pause Young (Concurrent Start) (Metadata GC Threshold)
[2026-03-19T21:10:08.513+0530][gc,task     ] GC(4) Using 10 workers of 10 for evacuation
[2026-03-19T21:10:08.518+0530][gc,phases   ] GC(4)   Pre Evacuate Collection Set: 0.25ms
[2026-03-19T21:10:08.519+0530][gc,phases   ] GC(4)   Merge Heap Roots: 0.13ms
[2026-03-19T21:10:08.519+0530][gc,phases   ] GC(4)   Evacuate Collection Set: 3.84ms
[2026-03-19T21:10:08.519+0530][gc,phases   ] GC(4)   Post Evacuate Collection Set: 0.57ms
[2026-03-19T21:10:08.519+0530][gc,phases   ] GC(4)   Other: 0.34ms
[2026-03-19T21:10:08.519+0530][gc,heap     ] GC(4) Eden regions: 16->0(49)
[2026-03-19T21:10:08.519+0530][gc,heap     ] GC(4) Survivor regions: 6->2(7)
[2026-03-19T21:10:08.519+0530][gc,heap     ] GC(4) Old regions: 9->14
[2026-03-19T21:10:08.519+0530][gc,heap     ] GC(4) Archive regions: 2->2
[2026-03-19T21:10:08.519+0530][gc,heap     ] GC(4) Humongous regions: 0->0
[2026-03-19T21:10:08.519+0530][gc,metaspace] GC(4) Metaspace: 35629K(35968K)->35629K(35968K) NonClass: 31482K(31680K)->31482K(31680K) Class: 4146K(4288K)->4146K(4288K)
[2026-03-19T21:10:08.519+0530][gc          ] GC(4) Pause Young (Concurrent Start) (Metadata GC Threshold) 29M->15M(1024M) 5.363ms
[2026-03-19T21:10:08.519+0530][gc,cpu      ] GC(4) User=0.03s Sys=0.01s Real=0.00s
[2026-03-19T21:10:08.519+0530][gc          ] GC(5) Concurrent Mark Cycle
[2026-03-19T21:10:08.519+0530][gc,marking  ] GC(5) Concurrent Clear Claimed Marks
[2026-03-19T21:10:08.519+0530][gc,marking  ] GC(5) Concurrent Clear Claimed Marks 0.062ms
[2026-03-19T21:10:08.519+0530][gc,marking  ] GC(5) Concurrent Scan Root Regions
[2026-03-19T21:10:08.522+0530][gc,marking  ] GC(5) Concurrent Scan Root Regions 2.745ms
[2026-03-19T21:10:08.522+0530][gc,marking  ] GC(5) Concurrent Mark
[2026-03-19T21:10:08.522+0530][gc,marking  ] GC(5) Concurrent Mark From Roots
[2026-03-19T21:10:08.522+0530][gc,task     ] GC(5) Using 3 workers of 3 for marking
[2026-03-19T21:10:08.530+0530][gc,marking  ] GC(5) Concurrent Mark From Roots 7.833ms
[2026-03-19T21:10:08.530+0530][gc,marking  ] GC(5) Concurrent Preclean
[2026-03-19T21:10:08.530+0530][gc,marking  ] GC(5) Concurrent Preclean 0.264ms
[2026-03-19T21:10:08.530+0530][gc,start    ] GC(5) Pause Remark
[2026-03-19T21:10:08.534+0530][gc          ] GC(5) Pause Remark 16M->16M(1024M) 3.346ms
[2026-03-19T21:10:08.534+0530][gc,cpu      ] GC(5) User=0.01s Sys=0.00s Real=0.00s
[2026-03-19T21:10:08.534+0530][gc,marking  ] GC(5) Concurrent Mark 11.998ms
[2026-03-19T21:10:08.534+0530][gc,marking  ] GC(5) Concurrent Rebuild Remembered Sets
[2026-03-19T21:10:08.540+0530][gc,marking  ] GC(5) Concurrent Rebuild Remembered Sets 5.736ms
[2026-03-19T21:10:08.540+0530][gc,start    ] GC(5) Pause Cleanup
[2026-03-19T21:10:08.540+0530][gc          ] GC(5) Pause Cleanup 16M->16M(1024M) 0.226ms
[2026-03-19T21:10:08.540+0530][gc,cpu      ] GC(5) User=0.00s Sys=0.00s Real=0.00s
[2026-03-19T21:10:08.540+0530][gc,marking  ] GC(5) Concurrent Cleanup for Next Mark
[2026-03-19T21:10:08.546+0530][gc,marking  ] GC(5) Concurrent Cleanup for Next Mark 5.690ms
[2026-03-19T21:10:08.546+0530][gc          ] GC(5) Concurrent Mark Cycle 27.355ms
[2026-03-19T21:10:10.085+0530][gc,start    ] GC(6) Pause Young (Normal) (G1 Evacuation Pause)
[2026-03-19T21:10:10.085+0530][gc,task     ] GC(6) Using 10 workers of 10 for evacuation
[2026-03-19T21:10:10.092+0530][gc,phases   ] GC(6)   Pre Evacuate Collection Set: 0.32ms
[2026-03-19T21:10:10.092+0530][gc,phases   ] GC(6)   Merge Heap Roots: 0.16ms
[2026-03-19T21:10:10.092+0530][gc,phases   ] GC(6)   Evacuate Collection Set: 5.75ms
[2026-03-19T21:10:10.092+0530][gc,phases   ] GC(6)   Post Evacuate Collection Set: 0.92ms
[2026-03-19T21:10:10.092+0530][gc,phases   ] GC(6)   Other: 0.29ms
[2026-03-19T21:10:10.092+0530][gc,heap     ] GC(6) Eden regions: 49->0(44)
[2026-03-19T21:10:10.092+0530][gc,heap     ] GC(6) Survivor regions: 2->7(7)
[2026-03-19T21:10:10.092+0530][gc,heap     ] GC(6) Old regions: 14->16
[2026-03-19T21:10:10.092+0530][gc,heap     ] GC(6) Archive regions: 2->2
[2026-03-19T21:10:10.092+0530][gc,heap     ] GC(6) Humongous regions: 0->0
[2026-03-19T21:10:10.092+0530][gc,metaspace] GC(6) Metaspace: 42500K(43008K)->42500K(43008K) NonClass: 37652K(37952K)->37652K(37952K) Class: 4847K(5056K)->4847K(5056K)
[2026-03-19T21:10:10.092+0530][gc          ] GC(6) Pause Young (Normal) (G1 Evacuation Pause) 64M->23M(1024M) 7.670ms
[2026-03-19T21:10:10.092+0530][gc,cpu      ] GC(6) User=0.05s Sys=0.00s Real=0.01s
[2026-03-19T21:10:16.985+0530][gc,start    ] GC(7) Pause Young (Normal) (G1 Evacuation Pause)
[2026-03-19T21:10:16.986+0530][gc,task     ] GC(7) Using 10 workers of 10 for evacuation
[2026-03-19T21:10:16.996+0530][gc,phases   ] GC(7)   Pre Evacuate Collection Set: 0.36ms
[2026-03-19T21:10:16.996+0530][gc,phases   ] GC(7)   Merge Heap Roots: 0.15ms
[2026-03-19T21:10:16.997+0530][gc,phases   ] GC(7)   Evacuate Collection Set: 8.14ms
[2026-03-19T21:10:16.997+0530][gc,phases   ] GC(7)   Post Evacuate Collection Set: 1.52ms
[2026-03-19T21:10:16.997+0530][gc,phases   ] GC(7)   Other: 0.41ms
[2026-03-19T21:10:16.997+0530][gc,heap     ] GC(7) Eden regions: 44->0(47)
[2026-03-19T21:10:16.997+0530][gc,heap     ] GC(7) Survivor regions: 7->4(7)
[2026-03-19T21:10:16.997+0530][gc,heap     ] GC(7) Old regions: 16->23
[2026-03-19T21:10:16.997+0530][gc,heap     ] GC(7) Archive regions: 2->2
[2026-03-19T21:10:16.997+0530][gc,heap     ] GC(7) Humongous regions: 147->147
[2026-03-19T21:10:16.997+0530][gc,metaspace] GC(7) Metaspace: 46674K(47616K)->46674K(47616K) NonClass: 41116K(41600K)->41116K(41600K) Class: 5557K(6016K)->5557K(6016K)
[2026-03-19T21:10:16.997+0530][gc          ] GC(7) Pause Young (Normal) (G1 Evacuation Pause) 214M->173M(1024M) 11.237ms
[2026-03-19T21:10:16.997+0530][gc,cpu      ] GC(7) User=0.06s Sys=0.01s Real=0.01s
[2026-03-19T21:13:40.794+0530][gc,start    ] GC(8) Pause Young (Normal) (G1 Evacuation Pause)
[2026-03-19T21:13:40.794+0530][gc,task     ] GC(8) Using 10 workers of 10 for evacuation
[2026-03-19T21:13:40.800+0530][gc,phases   ] GC(8)   Pre Evacuate Collection Set: 0.43ms
[2026-03-19T21:13:40.800+0530][gc,phases   ] GC(8)   Merge Heap Roots: 0.32ms
[2026-03-19T21:13:40.800+0530][gc,phases   ] GC(8)   Evacuate Collection Set: 4.40ms
[2026-03-19T21:13:40.800+0530][gc,phases   ] GC(8)   Post Evacuate Collection Set: 1.16ms
[2026-03-19T21:13:40.800+0530][gc,phases   ] GC(8)   Other: 0.37ms
[2026-03-19T21:13:40.800+0530][gc,heap     ] GC(8) Eden regions: 47->0(45)
[2026-03-19T21:13:40.800+0530][gc,heap     ] GC(8) Survivor regions: 4->6(7)
[2026-03-19T21:13:40.800+0530][gc,heap     ] GC(8) Old regions: 23->23
[2026-03-19T21:13:40.800+0530][gc,heap     ] GC(8) Archive regions: 2->2
[2026-03-19T21:13:40.800+0530][gc,heap     ] GC(8) Humongous regions: 147->147
[2026-03-19T21:13:40.800+0530][gc,metaspace] GC(8) Metaspace: 48094K(48960K)->48094K(48960K) NonClass: 42420K(42880K)->42420K(42880K) Class: 5674K(6080K)->5674K(6080K)
[2026-03-19T21:13:40.800+0530][gc          ] GC(8) Pause Young (Normal) (G1 Evacuation Pause) 220M->176M(1024M) 6.879ms
[2026-03-19T21:13:40.800+0530][gc,cpu      ] GC(8) User=0.04s Sys=0.01s Real=0.01s
[2026-03-19T21:16:16.228+0530][gc,start    ] GC(9) Pause Young (Normal) (G1 Evacuation Pause)
[2026-03-19T21:16:16.228+0530][gc,task     ] GC(9) Using 10 workers of 10 for evacuation
[2026-03-19T21:16:16.235+0530][gc,phases   ] GC(9)   Pre Evacuate Collection Set: 0.25ms
[2026-03-19T21:16:16.235+0530][gc,phases   ] GC(9)   Merge Heap Roots: 0.22ms
[2026-03-19T21:16:16.235+0530][gc,phases   ] GC(9)   Evacuate Collection Set: 5.76ms
[2026-03-19T21:16:16.236+0530][gc,phases   ] GC(9)   Post Evacuate Collection Set: 0.88ms
[2026-03-19T21:16:16.236+0530][gc,phases   ] GC(9)   Other: 0.26ms
[2026-03-19T21:16:16.236+0530][gc,heap     ] GC(9) Eden regions: 45->0(44)
[2026-03-19T21:16:16.236+0530][gc,heap     ] GC(9) Survivor regions: 6->7(7)
[2026-03-19T21:16:16.236+0530][gc,heap     ] GC(9) Old regions: 23->25
[2026-03-19T21:16:16.236+0530][gc,heap     ] GC(9) Archive regions: 2->2
[2026-03-19T21:16:16.236+0530][gc,heap     ] GC(9) Humongous regions: 147->147
[2026-03-19T21:16:16.236+0530][gc,metaspace] GC(9) Metaspace: 49444K(50496K)->49444K(50496K) NonClass: 43617K(44160K)->43617K(44160K) Class: 5826K(6336K)->5826K(6336K)
[2026-03-19T21:16:16.236+0530][gc          ] GC(9) Pause Young (Normal) (G1 Evacuation Pause) 221M->179M(1024M) 7.632ms
[2026-03-19T21:16:16.236+0530][gc,cpu      ] GC(9) User=0.05s Sys=0.01s Real=0.01s
[2026-03-19T21:18:39.294+0530][gc,start    ] GC(10) Pause Young (Normal) (G1 Evacuation Pause)
[2026-03-19T21:18:39.294+0530][gc,task     ] GC(10) Using 10 workers of 10 for evacuation
[2026-03-19T21:18:39.301+0530][gc,phases   ] GC(10)   Pre Evacuate Collection Set: 0.32ms
[2026-03-19T21:18:39.301+0530][gc,phases   ] GC(10)   Merge Heap Roots: 0.16ms
[2026-03-19T21:18:39.301+0530][gc,phases   ] GC(10)   Evacuate Collection Set: 5.35ms
[2026-03-19T21:18:39.301+0530][gc,phases   ] GC(10)   Post Evacuate Collection Set: 0.76ms
[2026-03-19T21:18:39.301+0530][gc,phases   ] GC(10)   Other: 0.22ms
[2026-03-19T21:18:39.301+0530][gc,heap     ] GC(10) Eden regions: 44->0(44)
[2026-03-19T21:18:39.301+0530][gc,heap     ] GC(10) Survivor regions: 7->7(7)
[2026-03-19T21:18:39.301+0530][gc,heap     ] GC(10) Old regions: 25->29
[2026-03-19T21:18:39.301+0530][gc,heap     ] GC(10) Archive regions: 2->2
[2026-03-19T21:18:39.301+0530][gc,heap     ] GC(10) Humongous regions: 147->147
[2026-03-19T21:18:39.301+0530][gc,metaspace] GC(10) Metaspace: 49626K(50688K)->49626K(50688K) NonClass: 43796K(44352K)->43796K(44352K) Class: 5830K(6336K)->5830K(6336K)
[2026-03-19T21:18:39.301+0530][gc          ] GC(10) Pause Young (Normal) (G1 Evacuation Pause) 223M->183M(1024M) 7.000ms
[2026-03-19T21:18:39.301+0530][gc,cpu      ] GC(10) User=0.06s Sys=0.00s Real=0.01s
[2026-03-19T21:21:09.858+0530][gc,start    ] GC(11) Pause Young (Normal) (G1 Evacuation Pause)
[2026-03-19T21:21:09.858+0530][gc,task     ] GC(11) Using 10 workers of 10 for evacuation
[2026-03-19T21:21:09.867+0530][gc,phases   ] GC(11)   Pre Evacuate Collection Set: 0.44ms
[2026-03-19T21:21:09.868+0530][gc,phases   ] GC(11)   Merge Heap Roots: 0.28ms
[2026-03-19T21:21:09.868+0530][gc,phases   ] GC(11)   Evacuate Collection Set: 7.04ms
[2026-03-19T21:21:09.868+0530][gc,phases   ] GC(11)   Post Evacuate Collection Set: 1.47ms
[2026-03-19T21:21:09.868+0530][gc,phases   ] GC(11)   Other: 0.35ms
[2026-03-19T21:21:09.868+0530][gc,heap     ] GC(11) Eden regions: 44->0(53)
[2026-03-19T21:21:09.868+0530][gc,heap     ] GC(11) Survivor regions: 7->5(7)
[2026-03-19T21:21:09.868+0530][gc,heap     ] GC(11) Old regions: 29->35
[2026-03-19T21:21:09.868+0530][gc,heap     ] GC(11) Archive regions: 2->2
[2026-03-19T21:21:09.868+0530][gc,heap     ] GC(11) Humongous regions: 147->147
[2026-03-19T21:21:09.868+0530][gc,metaspace] GC(11) Metaspace: 49678K(50688K)->49678K(50688K) NonClass: 43845K(44352K)->43845K(44352K) Class: 5833K(6336K)->5833K(6336K)
[2026-03-19T21:21:09.868+0530][gc          ] GC(11) Pause Young (Normal) (G1 Evacuation Pause) 227M->186M(1024M) 9.860ms
[2026-03-19T21:21:09.868+0530][gc,cpu      ] GC(11) User=0.06s Sys=0.01s Real=0.01s
[2026-03-19T21:24:15.590+0530][gc,start    ] GC(12) Pause Young (Normal) (G1 Evacuation Pause)
[2026-03-19T21:24:15.590+0530][gc,task     ] GC(12) Using 10 workers of 10 for evacuation
[2026-03-19T21:24:15.598+0530][gc,phases   ] GC(12)   Pre Evacuate Collection Set: 0.34ms
[2026-03-19T21:24:15.598+0530][gc,phases   ] GC(12)   Merge Heap Roots: 0.26ms
[2026-03-19T21:24:15.599+0530][gc,phases   ] GC(12)   Evacuate Collection Set: 6.50ms
[2026-03-19T21:24:15.599+0530][gc,phases   ] GC(12)   Post Evacuate Collection Set: 1.12ms
[2026-03-19T21:24:15.599+0530][gc,phases   ] GC(12)   Other: 0.41ms
[2026-03-19T21:24:15.599+0530][gc,heap     ] GC(12) Eden regions: 53->0(54)
[2026-03-19T21:24:15.599+0530][gc,heap     ] GC(12) Survivor regions: 5->8(8)
[2026-03-19T21:24:15.599+0530][gc,heap     ] GC(12) Old regions: 35->35
[2026-03-19T21:24:15.599+0530][gc,heap     ] GC(12) Archive regions: 2->2
[2026-03-19T21:24:15.599+0530][gc,heap     ] GC(12) Humongous regions: 147->147
[2026-03-19T21:24:15.599+0530][gc,metaspace] GC(12) Metaspace: 49717K(50752K)->49717K(50752K) NonClass: 43884K(44416K)->43884K(44416K) Class: 5833K(6336K)->5833K(6336K)
[2026-03-19T21:24:15.599+0530][gc          ] GC(12) Pause Young (Normal) (G1 Evacuation Pause) 239M->189M(1024M) 8.907ms
[2026-03-19T21:24:15.599+0530][gc,cpu      ] GC(12) User=0.06s Sys=0.01s Real=0.00s
[2026-03-19T21:27:28.421+0530][gc,start    ] GC(13) Pause Young (Normal) (G1 Evacuation Pause)
[2026-03-19T21:27:28.421+0530][gc,task     ] GC(13) Using 10 workers of 10 for evacuation
[2026-03-19T21:27:28.453+0530][gc,mmu      ] GC(13) MMU target violated: 21.0ms (20.0ms/21.0ms)
[2026-03-19T21:27:28.453+0530][gc,phases   ] GC(13)   Pre Evacuate Collection Set: 1.32ms
[2026-03-19T21:27:28.453+0530][gc,phases   ] GC(13)   Merge Heap Roots: 0.33ms
[2026-03-19T21:27:28.453+0530][gc,phases   ] GC(13)   Evacuate Collection Set: 29.12ms
[2026-03-19T21:27:28.453+0530][gc,phases   ] GC(13)   Post Evacuate Collection Set: 1.03ms
[2026-03-19T21:27:28.453+0530][gc,phases   ] GC(13)   Other: 0.55ms
[2026-03-19T21:27:28.453+0530][gc,heap     ] GC(13) Eden regions: 54->0(48)
[2026-03-19T21:27:28.453+0530][gc,heap     ] GC(13) Survivor regions: 8->6(8)
[2026-03-19T21:27:28.453+0530][gc,heap     ] GC(13) Old regions: 35->42
[2026-03-19T21:27:28.453+0530][gc,heap     ] GC(13) Archive regions: 2->2
[2026-03-19T21:27:28.453+0530][gc,heap     ] GC(13) Humongous regions: 147->147
[2026-03-19T21:27:28.453+0530][gc,metaspace] GC(13) Metaspace: 49746K(50816K)->49746K(50816K) NonClass: 43913K(44480K)->43913K(44480K) Class: 5833K(6336K)->5833K(6336K)
[2026-03-19T21:27:28.453+0530][gc          ] GC(13) Pause Young (Normal) (G1 Evacuation Pause) 243M->194M(1024M) 32.526ms
[2026-03-19T21:27:28.453+0530][gc,cpu      ] GC(13) User=0.08s Sys=0.01s Real=0.03s
[2026-03-19T21:30:20.632+0530][gc,start    ] GC(14) Pause Young (Normal) (G1 Evacuation Pause)
[2026-03-19T21:30:20.632+0530][gc,task     ] GC(14) Using 10 workers of 10 for evacuation
[2026-03-19T21:30:20.639+0530][gc,phases   ] GC(14)   Pre Evacuate Collection Set: 0.25ms
[2026-03-19T21:30:20.639+0530][gc,phases   ] GC(14)   Merge Heap Roots: 0.30ms
[2026-03-19T21:30:20.639+0530][gc,phases   ] GC(14)   Evacuate Collection Set: 5.19ms
[2026-03-19T21:30:20.639+0530][gc,phases   ] GC(14)   Post Evacuate Collection Set: 0.52ms
[2026-03-19T21:30:20.639+0530][gc,phases   ] GC(14)   Other: 0.27ms
[2026-03-19T21:30:20.639+0530][gc,heap     ] GC(14) Eden regions: 48->0(66)
[2026-03-19T21:30:20.639+0530][gc,heap     ] GC(14) Survivor regions: 6->6(7)
[2026-03-19T21:30:20.639+0530][gc,heap     ] GC(14) Old regions: 42->46
[2026-03-19T21:30:20.639+0530][gc,heap     ] GC(14) Archive regions: 2->2
[2026-03-19T21:30:20.639+0530][gc,heap     ] GC(14) Humongous regions: 147->147
[2026-03-19T21:30:20.639+0530][gc,metaspace] GC(14) Metaspace: 49791K(50816K)->49791K(50816K) NonClass: 43958K(44480K)->43958K(44480K) Class: 5833K(6336K)->5833K(6336K)
[2026-03-19T21:30:20.639+0530][gc          ] GC(14) Pause Young (Normal) (G1 Evacuation Pause) 242M->198M(1024M) 6.766ms
[2026-03-19T21:30:20.639+0530][gc,cpu      ] GC(14) User=0.05s Sys=0.00s Real=0.00s
[2026-03-19T21:34:19.253+0530][gc,start    ] GC(15) Pause Young (Normal) (G1 Evacuation Pause)
[2026-03-19T21:34:19.253+0530][gc,task     ] GC(15) Using 10 workers of 10 for evacuation
[2026-03-19T21:34:19.263+0530][gc,phases   ] GC(15)   Pre Evacuate Collection Set: 0.23ms
[2026-03-19T21:34:19.263+0530][gc,phases   ] GC(15)   Merge Heap Roots: 0.16ms
[2026-03-19T21:34:19.263+0530][gc,phases   ] GC(15)   Evacuate Collection Set: 8.55ms
[2026-03-19T21:34:19.263+0530][gc,phases   ] GC(15)   Post Evacuate Collection Set: 0.75ms
[2026-03-19T21:34:19.263+0530][gc,phases   ] GC(15)   Other: 0.24ms
[2026-03-19T21:34:19.263+0530][gc,heap     ] GC(15) Eden regions: 66->0(73)
[2026-03-19T21:34:19.263+0530][gc,heap     ] GC(15) Survivor regions: 6->7(9)
[2026-03-19T21:34:19.263+0530][gc,heap     ] GC(15) Old regions: 46->50
[2026-03-19T21:34:19.263+0530][gc,heap     ] GC(15) Archive regions: 2->2
[2026-03-19T21:34:19.263+0530][gc,heap     ] GC(15) Humongous regions: 147->147
[2026-03-19T21:34:19.263+0530][gc,metaspace] GC(15) Metaspace: 49823K(50880K)->49823K(50880K) NonClass: 43990K(44544K)->43990K(44544K) Class: 5833K(6336K)->5833K(6336K)
[2026-03-19T21:34:19.263+0530][gc          ] GC(15) Pause Young (Normal) (G1 Evacuation Pause) 264M->203M(1024M) 10.196ms
[2026-03-19T21:34:19.263+0530][gc,cpu      ] GC(15) User=0.06s Sys=0.01s Real=0.01s
[2026-03-19T21:38:42.878+0530][gc,start    ] GC(16) Pause Young (Normal) (G1 Evacuation Pause)
[2026-03-19T21:38:42.878+0530][gc,task     ] GC(16) Using 10 workers of 10 for evacuation
[2026-03-19T21:38:42.886+0530][gc,phases   ] GC(16)   Pre Evacuate Collection Set: 0.32ms
[2026-03-19T21:38:42.886+0530][gc,phases   ] GC(16)   Merge Heap Roots: 0.25ms
[2026-03-19T21:38:42.886+0530][gc,phases   ] GC(16)   Evacuate Collection Set: 6.57ms
[2026-03-19T21:38:42.886+0530][gc,phases   ] GC(16)   Post Evacuate Collection Set: 0.70ms
[2026-03-19T21:38:42.886+0530][gc,phases   ] GC(16)   Other: 0.29ms
[2026-03-19T21:38:42.886+0530][gc,heap     ] GC(16) Eden regions: 73->0(97)
[2026-03-19T21:38:42.886+0530][gc,heap     ] GC(16) Survivor regions: 7->7(10)
[2026-03-19T21:38:42.886+0530][gc,heap     ] GC(16) Old regions: 50->55
[2026-03-19T21:38:42.886+0530][gc,heap     ] GC(16) Archive regions: 2->2
[2026-03-19T21:38:42.886+0530][gc,heap     ] GC(16) Humongous regions: 147->147
[2026-03-19T21:38:42.886+0530][gc,metaspace] GC(16) Metaspace: 49868K(50944K)->49868K(50944K) NonClass: 44035K(44608K)->44035K(44608K) Class: 5833K(6336K)->5833K(6336K)
[2026-03-19T21:38:42.886+0530][gc          ] GC(16) Pause Young (Normal) (G1 Evacuation Pause) 276M->209M(1024M) 8.366ms
[2026-03-19T21:38:42.886+0530][gc,cpu      ] GC(16) User=0.06s Sys=0.01s Real=0.01s
[2026-03-19T21:44:38.346+0530][gc,start    ] GC(17) Pause Young (Normal) (G1 Evacuation Pause)
[2026-03-19T21:44:38.347+0530][gc,task     ] GC(17) Using 10 workers of 10 for evacuation
[2026-03-19T21:44:38.357+0530][gc,phases   ] GC(17)   Pre Evacuate Collection Set: 0.39ms
[2026-03-19T21:44:38.357+0530][gc,phases   ] GC(17)   Merge Heap Roots: 0.23ms
[2026-03-19T21:44:38.357+0530][gc,phases   ] GC(17)   Evacuate Collection Set: 9.12ms
[2026-03-19T21:44:38.357+0530][gc,phases   ] GC(17)   Post Evacuate Collection Set: 0.83ms
[2026-03-19T21:44:38.357+0530][gc,phases   ] GC(17)   Other: 0.32ms
[2026-03-19T21:44:38.357+0530][gc,heap     ] GC(17) Eden regions: 97->0(100)
[2026-03-19T21:44:38.358+0530][gc,heap     ] GC(17) Survivor regions: 7->13(13)
[2026-03-19T21:44:38.358+0530][gc,heap     ] GC(17) Old regions: 55->55
[2026-03-19T21:44:38.358+0530][gc,heap     ] GC(17) Archive regions: 2->2
[2026-03-19T21:44:38.358+0530][gc,heap     ] GC(17) Humongous regions: 147->147
[2026-03-19T21:44:38.358+0530][gc,metaspace] GC(17) Metaspace: 49883K(50944K)->49883K(50944K) NonClass: 44050K(44608K)->44050K(44608K) Class: 5833K(6336K)->5833K(6336K)
[2026-03-19T21:44:38.358+0530][gc          ] GC(17) Pause Young (Normal) (G1 Evacuation Pause) 306M->215M(1024M) 11.132ms
[2026-03-19T21:44:38.358+0530][gc,cpu      ] GC(17) User=0.07s Sys=0.02s Real=0.01s
[2026-03-19T21:50:44.696+0530][gc,start    ] GC(18) Pause Young (Normal) (G1 Evacuation Pause)
[2026-03-19T21:50:44.696+0530][gc,task     ] GC(18) Using 10 workers of 10 for evacuation
[2026-03-19T21:50:44.705+0530][gc,phases   ] GC(18)   Pre Evacuate Collection Set: 0.29ms
[2026-03-19T21:50:44.705+0530][gc,phases   ] GC(18)   Merge Heap Roots: 0.26ms
[2026-03-19T21:50:44.705+0530][gc,phases   ] GC(18)   Evacuate Collection Set: 7.80ms
[2026-03-19T21:50:44.705+0530][gc,phases   ] GC(18)   Post Evacuate Collection Set: 0.22ms
[2026-03-19T21:50:44.705+0530][gc,phases   ] GC(18)   Other: 0.27ms
[2026-03-19T21:50:44.705+0530][gc,heap     ] GC(18) Eden regions: 100->0(87)
[2026-03-19T21:50:44.705+0530][gc,heap     ] GC(18) Survivor regions: 13->15(15)
[2026-03-19T21:50:44.705+0530][gc,heap     ] GC(18) Old regions: 55->61
[2026-03-19T21:50:44.705+0530][gc,heap     ] GC(18) Archive regions: 2->2
[2026-03-19T21:50:44.705+0530][gc,heap     ] GC(18) Humongous regions: 147->147
[2026-03-19T21:50:44.705+0530][gc,metaspace] GC(18) Metaspace: 49900K(50944K)->49900K(50944K) NonClass: 44066K(44608K)->44066K(44608K) Class: 5833K(6336K)->5833K(6336K)
[2026-03-19T21:50:44.705+0530][gc          ] GC(18) Pause Young (Normal) (G1 Evacuation Pause) 315M->222M(1024M) 8.885ms
[2026-03-19T21:50:44.705+0530][gc,cpu      ] GC(18) User=0.06s Sys=0.01s Real=0.01s
[2026-03-19T21:56:01.997+0530][gc,start    ] GC(19) Pause Young (Normal) (G1 Evacuation Pause)
[2026-03-19T21:56:01.998+0530][gc,task     ] GC(19) Using 10 workers of 10 for evacuation
[2026-03-19T21:56:02.006+0530][gc,phases   ] GC(19)   Pre Evacuate Collection Set: 0.18ms
[2026-03-19T21:56:02.006+0530][gc,phases   ] GC(19)   Merge Heap Roots: 0.16ms
[2026-03-19T21:56:02.006+0530][gc,phases   ] GC(19)   Evacuate Collection Set: 8.10ms
[2026-03-19T21:56:02.006+0530][gc,phases   ] GC(19)   Post Evacuate Collection Set: 0.25ms
[2026-03-19T21:56:02.006+0530][gc,phases   ] GC(19)   Other: 0.19ms
[2026-03-19T21:56:02.006+0530][gc,heap     ] GC(19) Eden regions: 87->0(156)
[2026-03-19T21:56:02.006+0530][gc,heap     ] GC(19) Survivor regions: 15->9(13)
[2026-03-19T21:56:02.006+0530][gc,heap     ] GC(19) Old regions: 61->75
[2026-03-19T21:56:02.006+0530][gc,heap     ] GC(19) Archive regions: 2->2
[2026-03-19T21:56:02.006+0530][gc,heap     ] GC(19) Humongous regions: 147->147
[2026-03-19T21:56:02.006+0530][gc,metaspace] GC(19) Metaspace: 49948K(51072K)->49948K(51072K) NonClass: 44107K(44672K)->44107K(44672K) Class: 5840K(6400K)->5840K(6400K)
[2026-03-19T21:56:02.006+0530][gc          ] GC(19) Pause Young (Normal) (G1 Evacuation Pause) 309M->231M(1024M) 8.962ms
[2026-03-19T21:56:02.006+0530][gc,cpu      ] GC(19) User=0.07s Sys=0.01s Real=0.01s
[2026-03-19T22:05:23.730+0530][gc,start    ] GC(20) Pause Young (Normal) (G1 Evacuation Pause)
[2026-03-19T22:05:23.730+0530][gc,task     ] GC(20) Using 10 workers of 10 for evacuation
[2026-03-19T22:05:23.753+0530][gc,mmu      ] GC(20) MMU target violated: 21.0ms (20.0ms/21.0ms)
[2026-03-19T22:05:23.753+0530][gc,phases   ] GC(20)   Pre Evacuate Collection Set: 0.32ms
[2026-03-19T22:05:23.753+0530][gc,phases   ] GC(20)   Merge Heap Roots: 0.23ms
[2026-03-19T22:05:23.753+0530][gc,phases   ] GC(20)   Evacuate Collection Set: 21.74ms
[2026-03-19T22:05:23.753+0530][gc,phases   ] GC(20)   Post Evacuate Collection Set: 0.68ms
[2026-03-19T22:05:23.753+0530][gc,phases   ] GC(20)   Other: 0.38ms
[2026-03-19T22:05:23.753+0530][gc,heap     ] GC(20) Eden regions: 156->0(80)
[2026-03-19T22:05:23.753+0530][gc,heap     ] GC(20) Survivor regions: 9->19(21)
[2026-03-19T22:05:23.753+0530][gc,heap     ] GC(20) Old regions: 75->75
[2026-03-19T22:05:23.753+0530][gc,heap     ] GC(20) Archive regions: 2->2
[2026-03-19T22:05:23.753+0530][gc,heap     ] GC(20) Humongous regions: 147->147
[2026-03-19T22:05:23.753+0530][gc,metaspace] GC(20) Metaspace: 50279K(51328K)->50279K(51328K) NonClass: 44375K(44928K)->44375K(44928K) Class: 5903K(6400K)->5903K(6400K)
[2026-03-19T22:05:23.754+0530][gc          ] GC(20) Pause Young (Normal) (G1 Evacuation Pause) 387M->240M(1024M) 23.520ms
[2026-03-19T22:05:23.754+0530][gc,cpu      ] GC(20) User=0.12s Sys=0.01s Real=0.02s
[2026-03-19T22:05:29.085+0530][gc,heap,exit] Heap
[2026-03-19T22:05:29.085+0530][gc,heap,exit]  garbage-first heap   total 1048576K, used 261858K [0x00000000c0000000, 0x0000000100000000)
[2026-03-19T22:05:29.085+0530][gc,heap,exit]   region size 1024K, 35 young (35840K), 19 survivors (19456K)
[2026-03-19T22:05:29.085+0530][gc,heap,exit]  Metaspace       used 51184K, committed 52288K, reserved 1114112K
[2026-03-19T22:05:29.085+0530][gc,heap,exit]   class space    used 6105K, committed 6656K, reserved 1048576K
