[2026-03-19T21:09:58.613+0530][gc] Using G1
[2026-03-19T21:09:58.625+0530][gc,init] Version: 17.0.18+8-Ubuntu-122.04.1 (release)
[2026-03-19T21:09:58.625+0530][gc,init] CPUs: 12 total, 12 available
[2026-03-19T21:09:58.625+0530][gc,init] Memory: 31781M
[2026-03-19T21:09:58.625+0530][gc,init] Large Page Support: Disabled
[2026-03-19T21:09:58.625+0530][gc,init] NUMA Support: Disabled
[2026-03-19T21:09:58.625+0530][gc,init] Compressed Oops: Enabled (32-bit)
[2026-03-19T21:09:58.625+0530][gc,init] Heap Region Size: 1M
[2026-03-19T21:09:58.625+0530][gc,init] Heap Min Capacity: 1G
[2026-03-19T21:09:58.625+0530][gc,init] Heap Initial Capacity: 1G
[2026-03-19T21:09:58.625+0530][gc,init] Heap Max Capacity: 1G
[2026-03-19T21:09:58.625+0530][gc,init] Pre-touch: Disabled
[2026-03-19T21:09:58.625+0530][gc,init] Parallel Workers: 10
[2026-03-19T21:09:58.625+0530][gc,init] Concurrent Workers: 3
[2026-03-19T21:09:58.625+0530][gc,init] Concurrent Refinement Workers: 10
[2026-03-19T21:09:58.625+0530][gc,init] Periodic GC: Disabled
[2026-03-19T21:09:58.636+0530][gc,metaspace] CDS archive(s) mapped at: [0x00007bf503000000-0x00007bf503bca000-0x00007bf503bca000), size 12361728, SharedBaseAddress: 0x00007bf503000000, ArchiveRelocationMode: 1.
[2026-03-19T21:09:58.636+0530][gc,metaspace] Compressed class space mapped at: 0x00007bf504000000-0x00007bf544000000, reserved size: 1073741824
[2026-03-19T21:09:58.636+0530][gc,metaspace] Narrow klass base: 0x00007bf503000000, Narrow klass shift: 0, Narrow klass range: 0x100000000
[2026-03-19T21:09:59.641+0530][gc,start    ] GC(0) Pause Young (Normal) (G1 Evacuation Pause)
[2026-03-19T21:09:59.643+0530][gc,task     ] GC(0) Using 10 workers of 10 for evacuation
[2026-03-19T21:09:59.647+0530][gc,phases   ] GC(0)   Pre Evacuate Collection Set: 0.14ms
[2026-03-19T21:09:59.648+0530][gc,phases   ] GC(0)   Merge Heap Roots: 0.10ms
[2026-03-19T21:09:59.648+0530][gc,phases   ] GC(0)   Evacuate Collection Set: 3.89ms
[2026-03-19T21:09:59.648+0530][gc,phases   ] GC(0)   Post Evacuate Collection Set: 0.63ms
[2026-03-19T21:09:59.648+0530][gc,phases   ] GC(0)   Other: 1.63ms
[2026-03-19T21:09:59.648+0530][gc,heap     ] GC(0) Eden regions: 51->0(44)
[2026-03-19T21:09:59.648+0530][gc,heap     ] GC(0) Survivor regions: 0->7(7)
[2026-03-19T21:09:59.648+0530][gc,heap     ] GC(0) Old regions: 0->2
[2026-03-19T21:09:59.648+0530][gc,heap     ] GC(0) Archive regions: 2->2
[2026-03-19T21:09:59.648+0530][gc,heap     ] GC(0) Humongous regions: 0->0
[2026-03-19T21:09:59.648+0530][gc,metaspace] GC(0) Metaspace: 16402K(16576K)->16402K(16576K) NonClass: 14487K(14592K)->14487K(14592K) Class: 1914K(1984K)->1914K(1984K)
[2026-03-19T21:09:59.648+0530][gc          ] GC(0) Pause Young (Normal) (G1 Evacuation Pause) 51M->9M(1024M) 6.597ms
[2026-03-19T21:09:59.648+0530][gc,cpu      ] GC(0) User=0.04s Sys=0.01s Real=0.00s
[2026-03-19T21:09:59.908+0530][gc,start    ] GC(1) Pause Young (Concurrent Start) (Metadata GC Threshold)
[2026-03-19T21:09:59.908+0530][gc,task     ] GC(1) Using 10 workers of 10 for evacuation
[2026-03-19T21:09:59.912+0530][gc,phases   ] GC(1)   Pre Evacuate Collection Set: 0.24ms
[2026-03-19T21:09:59.912+0530][gc,phases   ] GC(1)   Merge Heap Roots: 0.11ms
[2026-03-19T21:09:59.912+0530][gc,phases   ] GC(1)   Evacuate Collection Set: 2.94ms
[2026-03-19T21:09:59.912+0530][gc,phases   ] GC(1)   Post Evacuate Collection Set: 0.60ms
[2026-03-19T21:09:59.912+0530][gc,phases   ] GC(1)   Other: 0.35ms
[2026-03-19T21:09:59.912+0530][gc,heap     ] GC(1) Eden regions: 16->0(49)
[2026-03-19T21:09:59.912+0530][gc,heap     ] GC(1) Survivor regions: 7->2(7)
[2026-03-19T21:09:59.912+0530][gc,heap     ] GC(1) Old regions: 2->9
[2026-03-19T21:09:59.912+0530][gc,heap     ] GC(1) Archive regions: 2->2
[2026-03-19T21:09:59.912+0530][gc,heap     ] GC(1) Humongous regions: 0->0
[2026-03-19T21:09:59.912+0530][gc,metaspace] GC(1) Metaspace: 21227K(21504K)->21227K(21504K) NonClass: 18592K(18688K)->18592K(18688K) Class: 2634K(2816K)->2634K(2816K)
[2026-03-19T21:09:59.912+0530][gc          ] GC(1) Pause Young (Concurrent Start) (Metadata GC Threshold) 25M->10M(1024M) 4.401ms
[2026-03-19T21:09:59.912+0530][gc,cpu      ] GC(1) User=0.03s Sys=0.01s Real=0.01s
[2026-03-19T21:09:59.913+0530][gc          ] GC(2) Concurrent Mark Cycle
[2026-03-19T21:09:59.913+0530][gc,marking  ] GC(2) Concurrent Clear Claimed Marks
[2026-03-19T21:09:59.913+0530][gc,marking  ] GC(2) Concurrent Clear Claimed Marks 0.033ms
[2026-03-19T21:09:59.913+0530][gc,marking  ] GC(2) Concurrent Scan Root Regions
[2026-03-19T21:09:59.915+0530][gc,marking  ] GC(2) Concurrent Scan Root Regions 2.597ms
[2026-03-19T21:09:59.915+0530][gc,marking  ] GC(2) Concurrent Mark
[2026-03-19T21:09:59.915+0530][gc,marking  ] GC(2) Concurrent Mark From Roots
[2026-03-19T21:09:59.915+0530][gc,task     ] GC(2) Using 3 workers of 3 for marking
[2026-03-19T21:09:59.918+0530][gc,marking  ] GC(2) Concurrent Mark From Roots 2.311ms
[2026-03-19T21:09:59.918+0530][gc,marking  ] GC(2) Concurrent Preclean
[2026-03-19T21:09:59.918+0530][gc,marking  ] GC(2) Concurrent Preclean 0.164ms
[2026-03-19T21:09:59.918+0530][gc,start    ] GC(2) Pause Remark
[2026-03-19T21:09:59.920+0530][gc          ] GC(2) Pause Remark 10M->10M(1024M) 2.113ms
[2026-03-19T21:09:59.920+0530][gc,cpu      ] GC(2) User=0.01s Sys=0.00s Real=0.01s
[2026-03-19T21:09:59.920+0530][gc,marking  ] GC(2) Concurrent Mark 5.114ms
[2026-03-19T21:09:59.920+0530][gc,marking  ] GC(2) Concurrent Rebuild Remembered Sets
[2026-03-19T21:09:59.923+0530][gc,marking  ] GC(2) Concurrent Rebuild Remembered Sets 2.806ms
[2026-03-19T21:09:59.924+0530][gc,start    ] GC(2) Pause Cleanup
[2026-03-19T21:09:59.924+0530][gc          ] GC(2) Pause Cleanup 10M->10M(1024M) 0.336ms
[2026-03-19T21:09:59.924+0530][gc,cpu      ] GC(2) User=0.00s Sys=0.00s Real=0.00s
[2026-03-19T21:09:59.924+0530][gc,marking  ] GC(2) Concurrent Cleanup for Next Mark
[2026-03-19T21:09:59.929+0530][gc,marking  ] GC(2) Concurrent Cleanup for Next Mark 5.339ms
[2026-03-19T21:09:59.929+0530][gc          ] GC(2) Concurrent Mark Cycle 16.933ms
[2026-03-19T21:10:00.843+0530][gc,start    ] GC(3) Pause Young (Normal) (G1 Evacuation Pause)
[2026-03-19T21:10:00.843+0530][gc,task     ] GC(3) Using 10 workers of 10 for evacuation
[2026-03-19T21:10:00.851+0530][gc,phases   ] GC(3)   Pre Evacuate Collection Set: 0.32ms
[2026-03-19T21:10:00.851+0530][gc,phases   ] GC(3)   Merge Heap Roots: 0.16ms
[2026-03-19T21:10:00.851+0530][gc,phases   ] GC(3)   Evacuate Collection Set: 6.52ms
[2026-03-19T21:10:00.851+0530][gc,phases   ] GC(3)   Post Evacuate Collection Set: 0.85ms
[2026-03-19T21:10:00.851+0530][gc,phases   ] GC(3)   Other: 0.21ms
[2026-03-19T21:10:00.851+0530][gc,heap     ] GC(3) Eden regions: 49->0(45)
[2026-03-19T21:10:00.851+0530][gc,heap     ] GC(3) Survivor regions: 2->6(7)
[2026-03-19T21:10:00.851+0530][gc,heap     ] GC(3) Old regions: 9->9
[2026-03-19T21:10:00.851+0530][gc,heap     ] GC(3) Archive regions: 2->2
[2026-03-19T21:10:00.851+0530][gc,heap     ] GC(3) Humongous regions: 0->0
[2026-03-19T21:10:00.851+0530][gc,metaspace] GC(3) Metaspace: 32798K(33088K)->32798K(33088K) NonClass: 28979K(29120K)->28979K(29120K) Class: 3819K(3968K)->3819K(3968K)
[2026-03-19T21:10:00.851+0530][gc          ] GC(3) Pause Young (Normal) (G1 Evacuation Pause) 59M->14M(1024M) 8.278ms
[2026-03-19T21:10:00.851+0530][gc,cpu      ] GC(3) User=0.06s Sys=0.00s Real=0.01s
[2026-03-19T21:10:01.190+0530][gc,start    ] GC(4) Pause Young (Concurrent Start) (Metadata GC Threshold)
[2026-03-19T21:10:01.191+0530][gc,task     ] GC(4) Using 10 workers of 10 for evacuation
[2026-03-19T21:10:01.199+0530][gc,phases   ] GC(4)   Pre Evacuate Collection Set: 0.37ms
[2026-03-19T21:10:01.199+0530][gc,phases   ] GC(4)   Merge Heap Roots: 0.21ms
[2026-03-19T21:10:01.199+0530][gc,phases   ] GC(4)   Evacuate Collection Set: 6.63ms
[2026-03-19T21:10:01.199+0530][gc,phases   ] GC(4)   Post Evacuate Collection Set: 1.14ms
[2026-03-19T21:10:01.200+0530][gc,phases   ] GC(4)   Other: 0.58ms
[2026-03-19T21:10:01.200+0530][gc,heap     ] GC(4) Eden regions: 16->0(49)
[2026-03-19T21:10:01.200+0530][gc,heap     ] GC(4) Survivor regions: 6->2(7)
[2026-03-19T21:10:01.200+0530][gc,heap     ] GC(4) Old regions: 9->14
[2026-03-19T21:10:01.200+0530][gc,heap     ] GC(4) Archive regions: 2->2
[2026-03-19T21:10:01.200+0530][gc,heap     ] GC(4) Humongous regions: 0->0
[2026-03-19T21:10:01.200+0530][gc,metaspace] GC(4) Metaspace: 35714K(36096K)->35714K(36096K) NonClass: 31577K(31744K)->31577K(31744K) Class: 4137K(4352K)->4137K(4352K)
[2026-03-19T21:10:01.200+0530][gc          ] GC(4) Pause Young (Concurrent Start) (Metadata GC Threshold) 30M->16M(1024M) 9.302ms
[2026-03-19T21:10:01.200+0530][gc,cpu      ] GC(4) User=0.07s Sys=0.00s Real=0.01s
[2026-03-19T21:10:01.200+0530][gc          ] GC(5) Concurrent Mark Cycle
[2026-03-19T21:10:01.200+0530][gc,marking  ] GC(5) Concurrent Clear Claimed Marks
[2026-03-19T21:10:01.200+0530][gc,marking  ] GC(5) Concurrent Clear Claimed Marks 0.088ms
[2026-03-19T21:10:01.200+0530][gc,marking  ] GC(5) Concurrent Scan Root Regions
[2026-03-19T21:10:01.204+0530][gc,marking  ] GC(5) Concurrent Scan Root Regions 3.722ms
[2026-03-19T21:10:01.204+0530][gc,marking  ] GC(5) Concurrent Mark
[2026-03-19T21:10:01.204+0530][gc,marking  ] GC(5) Concurrent Mark From Roots
[2026-03-19T21:10:01.204+0530][gc,task     ] GC(5) Using 3 workers of 3 for marking
[2026-03-19T21:10:01.214+0530][gc,marking  ] GC(5) Concurrent Mark From Roots 10.059ms
[2026-03-19T21:10:01.214+0530][gc,marking  ] GC(5) Concurrent Preclean
[2026-03-19T21:10:01.214+0530][gc,marking  ] GC(5) Concurrent Preclean 0.306ms
[2026-03-19T21:10:01.214+0530][gc,start    ] GC(5) Pause Remark
[2026-03-19T21:10:01.217+0530][gc          ] GC(5) Pause Remark 17M->17M(1024M) 2.352ms
[2026-03-19T21:10:01.217+0530][gc,cpu      ] GC(5) User=0.01s Sys=0.00s Real=0.00s
[2026-03-19T21:10:01.217+0530][gc,marking  ] GC(5) Concurrent Mark 13.273ms
[2026-03-19T21:10:01.217+0530][gc,marking  ] GC(5) Concurrent Rebuild Remembered Sets
[2026-03-19T21:10:01.224+0530][gc,marking  ] GC(5) Concurrent Rebuild Remembered Sets 7.133ms
[2026-03-19T21:10:01.224+0530][gc,start    ] GC(5) Pause Cleanup
[2026-03-19T21:10:01.225+0530][gc          ] GC(5) Pause Cleanup 18M->18M(1024M) 0.392ms
[2026-03-19T21:10:01.225+0530][gc,cpu      ] GC(5) User=0.01s Sys=0.00s Real=0.00s
[2026-03-19T21:10:01.225+0530][gc,marking  ] GC(5) Concurrent Cleanup for Next Mark
[2026-03-19T21:10:01.233+0530][gc,marking  ] GC(5) Concurrent Cleanup for Next Mark 8.268ms
[2026-03-19T21:10:01.233+0530][gc          ] GC(5) Concurrent Mark Cycle 33.491ms
[2026-03-19T21:10:10.055+0530][gc,start    ] GC(6) Pause Young (Normal) (G1 Evacuation Pause)
[2026-03-19T21:10:10.055+0530][gc,task     ] GC(6) Using 10 workers of 10 for evacuation
[2026-03-19T21:10:10.061+0530][gc,phases   ] GC(6)   Pre Evacuate Collection Set: 0.21ms
[2026-03-19T21:10:10.061+0530][gc,phases   ] GC(6)   Merge Heap Roots: 0.12ms
[2026-03-19T21:10:10.061+0530][gc,phases   ] GC(6)   Evacuate Collection Set: 4.52ms
[2026-03-19T21:10:10.061+0530][gc,phases   ] GC(6)   Post Evacuate Collection Set: 0.98ms
[2026-03-19T21:10:10.061+0530][gc,phases   ] GC(6)   Other: 0.28ms
[2026-03-19T21:10:10.061+0530][gc,heap     ] GC(6) Eden regions: 49->0(44)
[2026-03-19T21:10:10.061+0530][gc,heap     ] GC(6) Survivor regions: 2->7(7)
[2026-03-19T21:10:10.061+0530][gc,heap     ] GC(6) Old regions: 14->15
[2026-03-19T21:10:10.061+0530][gc,heap     ] GC(6) Archive regions: 2->2
[2026-03-19T21:10:10.061+0530][gc,heap     ] GC(6) Humongous regions: 0->0
[2026-03-19T21:10:10.061+0530][gc,metaspace] GC(6) Metaspace: 42527K(43072K)->42527K(43072K) NonClass: 37696K(37952K)->37696K(37952K) Class: 4830K(5120K)->4830K(5120K)
[2026-03-19T21:10:10.061+0530][gc          ] GC(6) Pause Young (Normal) (G1 Evacuation Pause) 65M->22M(1024M) 6.341ms
[2026-03-19T21:10:10.061+0530][gc,cpu      ] GC(6) User=0.04s Sys=0.01s Real=0.01s
[2026-03-19T21:10:44.062+0530][gc,start    ] GC(7) Pause Young (Normal) (G1 Evacuation Pause)
[2026-03-19T21:10:44.062+0530][gc,task     ] GC(7) Using 10 workers of 10 for evacuation
[2026-03-19T21:10:44.070+0530][gc,phases   ] GC(7)   Pre Evacuate Collection Set: 0.30ms
[2026-03-19T21:10:44.070+0530][gc,phases   ] GC(7)   Merge Heap Roots: 0.11ms
[2026-03-19T21:10:44.070+0530][gc,phases   ] GC(7)   Evacuate Collection Set: 6.43ms
[2026-03-19T21:10:44.070+0530][gc,phases   ] GC(7)   Post Evacuate Collection Set: 0.90ms
[2026-03-19T21:10:44.070+0530][gc,phases   ] GC(7)   Other: 0.24ms
[2026-03-19T21:10:44.070+0530][gc,heap     ] GC(7) Eden regions: 44->0(47)
[2026-03-19T21:10:44.070+0530][gc,heap     ] GC(7) Survivor regions: 7->4(7)
[2026-03-19T21:10:44.070+0530][gc,heap     ] GC(7) Old regions: 15->22
[2026-03-19T21:10:44.070+0530][gc,heap     ] GC(7) Archive regions: 2->2
[2026-03-19T21:10:44.070+0530][gc,heap     ] GC(7) Humongous regions: 129->129
[2026-03-19T21:10:44.070+0530][gc,metaspace] GC(7) Metaspace: 46384K(47296K)->46384K(47296K) NonClass: 40887K(41344K)->40887K(41344K) Class: 5497K(5952K)->5497K(5952K)
[2026-03-19T21:10:44.070+0530][gc          ] GC(7) Pause Young (Normal) (G1 Evacuation Pause) 195M->154M(1024M) 8.173ms
[2026-03-19T21:10:44.070+0530][gc,cpu      ] GC(7) User=0.04s Sys=0.01s Real=0.01s
[2026-03-19T21:15:32.709+0530][gc,start    ] GC(8) Pause Young (Normal) (G1 Evacuation Pause)
[2026-03-19T21:15:32.709+0530][gc,task     ] GC(8) Using 10 workers of 10 for evacuation
[2026-03-19T21:15:32.713+0530][gc,phases   ] GC(8)   Pre Evacuate Collection Set: 0.35ms
[2026-03-19T21:15:32.713+0530][gc,phases   ] GC(8)   Merge Heap Roots: 0.17ms
[2026-03-19T21:15:32.713+0530][gc,phases   ] GC(8)   Evacuate Collection Set: 2.56ms
[2026-03-19T21:15:32.713+0530][gc,phases   ] GC(8)   Post Evacuate Collection Set: 0.69ms
[2026-03-19T21:15:32.713+0530][gc,phases   ] GC(8)   Other: 0.31ms
[2026-03-19T21:15:32.713+0530][gc,heap     ] GC(8) Eden regions: 47->0(47)
[2026-03-19T21:15:32.713+0530][gc,heap     ] GC(8) Survivor regions: 4->4(7)
[2026-03-19T21:15:32.713+0530][gc,heap     ] GC(8) Old regions: 22->22
[2026-03-19T21:15:32.713+0530][gc,heap     ] GC(8) Archive regions: 2->2
[2026-03-19T21:15:32.713+0530][gc,heap     ] GC(8) Humongous regions: 129->129
[2026-03-19T21:15:32.713+0530][gc,metaspace] GC(8) Metaspace: 48038K(49088K)->48038K(49088K) NonClass: 42335K(42880K)->42335K(42880K) Class: 5702K(6208K)->5702K(6208K)
[2026-03-19T21:15:32.713+0530][gc          ] GC(8) Pause Young (Normal) (G1 Evacuation Pause) 201M->155M(1024M) 4.233ms
[2026-03-19T21:15:32.713+0530][gc,cpu      ] GC(8) User=0.03s Sys=0.00s Real=0.01s
[2026-03-19T21:18:51.355+0530][gc,start    ] GC(9) Pause Young (Normal) (G1 Evacuation Pause)
[2026-03-19T21:18:51.355+0530][gc,task     ] GC(9) Using 10 workers of 10 for evacuation
[2026-03-19T21:18:51.363+0530][gc,phases   ] GC(9)   Pre Evacuate Collection Set: 0.43ms
[2026-03-19T21:18:51.363+0530][gc,phases   ] GC(9)   Merge Heap Roots: 0.28ms
[2026-03-19T21:18:51.363+0530][gc,phases   ] GC(9)   Evacuate Collection Set: 6.10ms
[2026-03-19T21:18:51.363+0530][gc,phases   ] GC(9)   Post Evacuate Collection Set: 0.94ms
[2026-03-19T21:18:51.363+0530][gc,phases   ] GC(9)   Other: 0.39ms
[2026-03-19T21:18:51.363+0530][gc,heap     ] GC(9) Eden regions: 47->0(44)
[2026-03-19T21:18:51.363+0530][gc,heap     ] GC(9) Survivor regions: 4->7(7)
[2026-03-19T21:18:51.363+0530][gc,heap     ] GC(9) Old regions: 22->22
[2026-03-19T21:18:51.363+0530][gc,heap     ] GC(9) Archive regions: 2->2
[2026-03-19T21:18:51.363+0530][gc,heap     ] GC(9) Humongous regions: 129->129
[2026-03-19T21:18:51.363+0530][gc,metaspace] GC(9) Metaspace: 48685K(49728K)->48685K(49728K) NonClass: 42980K(43520K)->42980K(43520K) Class: 5704K(6208K)->5704K(6208K)
[2026-03-19T21:18:51.363+0530][gc          ] GC(9) Pause Young (Normal) (G1 Evacuation Pause) 202M->157M(1024M) 8.375ms
[2026-03-19T21:18:51.363+0530][gc,cpu      ] GC(9) User=0.06s Sys=0.00s Real=0.01s
[2026-03-19T21:22:10.949+0530][gc,start    ] GC(10) Pause Young (Normal) (G1 Evacuation Pause)
[2026-03-19T21:22:10.949+0530][gc,task     ] GC(10) Using 10 workers of 10 for evacuation
[2026-03-19T21:22:10.956+0530][gc,phases   ] GC(10)   Pre Evacuate Collection Set: 0.49ms
[2026-03-19T21:22:10.956+0530][gc,phases   ] GC(10)   Merge Heap Roots: 0.27ms
[2026-03-19T21:22:10.956+0530][gc,phases   ] GC(10)   Evacuate Collection Set: 5.40ms
[2026-03-19T21:22:10.956+0530][gc,phases   ] GC(10)   Post Evacuate Collection Set: 0.82ms
[2026-03-19T21:22:10.957+0530][gc,phases   ] GC(10)   Other: 0.37ms
[2026-03-19T21:22:10.957+0530][gc,heap     ] GC(10) Eden regions: 44->0(46)
[2026-03-19T21:22:10.957+0530][gc,heap     ] GC(10) Survivor regions: 7->5(7)
[2026-03-19T21:22:10.957+0530][gc,heap     ] GC(10) Old regions: 22->24
[2026-03-19T21:22:10.957+0530][gc,heap     ] GC(10) Archive regions: 2->2
[2026-03-19T21:22:10.957+0530][gc,heap     ] GC(10) Humongous regions: 129->129
[2026-03-19T21:22:10.957+0530][gc,metaspace] GC(10) Metaspace: 48750K(49792K)->48750K(49792K) NonClass: 43042K(43584K)->43042K(43584K) Class: 5708K(6208K)->5708K(6208K)
[2026-03-19T21:22:10.957+0530][gc          ] GC(10) Pause Young (Normal) (G1 Evacuation Pause) 201M->158M(1024M) 7.565ms
[2026-03-19T21:22:10.957+0530][gc,cpu      ] GC(10) User=0.04s Sys=0.02s Real=0.01s
[2026-03-19T21:25:46.414+0530][gc,start    ] GC(11) Pause Young (Normal) (G1 Evacuation Pause)
[2026-03-19T21:25:46.414+0530][gc,task     ] GC(11) Using 10 workers of 10 for evacuation
[2026-03-19T21:25:46.419+0530][gc,phases   ] GC(11)   Pre Evacuate Collection Set: 0.27ms
[2026-03-19T21:25:46.419+0530][gc,phases   ] GC(11)   Merge Heap Roots: 0.19ms
[2026-03-19T21:25:46.419+0530][gc,phases   ] GC(11)   Evacuate Collection Set: 3.57ms
[2026-03-19T21:25:46.419+0530][gc,phases   ] GC(11)   Post Evacuate Collection Set: 0.53ms
[2026-03-19T21:25:46.419+0530][gc,phases   ] GC(11)   Other: 0.29ms
[2026-03-19T21:25:46.419+0530][gc,heap     ] GC(11) Eden regions: 46->0(70)
[2026-03-19T21:25:46.419+0530][gc,heap     ] GC(11) Survivor regions: 5->5(7)
[2026-03-19T21:25:46.419+0530][gc,heap     ] GC(11) Old regions: 24->25
[2026-03-19T21:25:46.419+0530][gc,heap     ] GC(11) Archive regions: 2->2
[2026-03-19T21:25:46.419+0530][gc,heap     ] GC(11) Humongous regions: 129->129
[2026-03-19T21:25:46.419+0530][gc,metaspace] GC(11) Metaspace: 48780K(49792K)->48780K(49792K) NonClass: 43071K(43584K)->43071K(43584K) Class: 5708K(6208K)->5708K(6208K)
[2026-03-19T21:25:46.419+0530][gc          ] GC(11) Pause Young (Normal) (G1 Evacuation Pause) 204M->159M(1024M) 4.995ms
[2026-03-19T21:25:46.419+0530][gc,cpu      ] GC(11) User=0.04s Sys=0.00s Real=0.00s
[2026-03-19T21:31:22.756+0530][gc,start    ] GC(12) Pause Young (Normal) (G1 Evacuation Pause)
[2026-03-19T21:31:22.756+0530][gc,task     ] GC(12) Using 10 workers of 10 for evacuation
[2026-03-19T21:31:22.765+0530][gc,phases   ] GC(12)   Pre Evacuate Collection Set: 0.40ms
[2026-03-19T21:31:22.765+0530][gc,phases   ] GC(12)   Merge Heap Roots: 0.25ms
[2026-03-19T21:31:22.765+0530][gc,phases   ] GC(12)   Evacuate Collection Set: 6.65ms
[2026-03-19T21:31:22.765+0530][gc,phases   ] GC(12)   Post Evacuate Collection Set: 0.85ms
[2026-03-19T21:31:22.765+0530][gc,phases   ] GC(12)   Other: 0.58ms
[2026-03-19T21:31:22.765+0530][gc,heap     ] GC(12) Eden regions: 70->0(84)
[2026-03-19T21:31:22.765+0530][gc,heap     ] GC(12) Survivor regions: 5->8(10)
[2026-03-19T21:31:22.765+0530][gc,heap     ] GC(12) Old regions: 25->25
[2026-03-19T21:31:22.765+0530][gc,heap     ] GC(12) Archive regions: 2->2
[2026-03-19T21:31:22.765+0530][gc,heap     ] GC(12) Humongous regions: 129->129
[2026-03-19T21:31:22.765+0530][gc,metaspace] GC(12) Metaspace: 48842K(49920K)->48842K(49920K) NonClass: 43133K(43712K)->43133K(43712K) Class: 5708K(6208K)->5708K(6208K)
[2026-03-19T21:31:22.765+0530][gc          ] GC(12) Pause Young (Normal) (G1 Evacuation Pause) 229M->162M(1024M) 8.930ms
[2026-03-19T21:31:22.765+0530][gc,cpu      ] GC(12) User=0.05s Sys=0.01s Real=0.01s
[2026-03-19T21:38:11.354+0530][gc,start    ] GC(13) Pause Young (Normal) (G1 Evacuation Pause)
[2026-03-19T21:38:11.354+0530][gc,task     ] GC(13) Using 10 workers of 10 for evacuation
[2026-03-19T21:38:11.361+0530][gc,phases   ] GC(13)   Pre Evacuate Collection Set: 0.29ms
[2026-03-19T21:38:11.361+0530][gc,phases   ] GC(13)   Merge Heap Roots: 0.17ms
[2026-03-19T21:38:11.361+0530][gc,phases   ] GC(13)   Evacuate Collection Set: 5.91ms
[2026-03-19T21:38:11.361+0530][gc,phases   ] GC(13)   Post Evacuate Collection Set: 0.61ms
[2026-03-19T21:38:11.361+0530][gc,phases   ] GC(13)   Other: 0.24ms
[2026-03-19T21:38:11.361+0530][gc,heap     ] GC(13) Eden regions: 84->0(97)
[2026-03-19T21:38:11.361+0530][gc,heap     ] GC(13) Survivor regions: 8->8(12)
[2026-03-19T21:38:11.361+0530][gc,heap     ] GC(13) Old regions: 25->28
[2026-03-19T21:38:11.361+0530][gc,heap     ] GC(13) Archive regions: 2->2
[2026-03-19T21:38:11.361+0530][gc,heap     ] GC(13) Humongous regions: 129->129
[2026-03-19T21:38:11.361+0530][gc,metaspace] GC(13) Metaspace: 48904K(49920K)->48904K(49920K) NonClass: 43194K(43712K)->43194K(43712K) Class: 5709K(6208K)->5709K(6208K)
[2026-03-19T21:38:11.361+0530][gc          ] GC(13) Pause Young (Normal) (G1 Evacuation Pause) 246M->164M(1024M) 7.448ms
[2026-03-19T21:38:11.361+0530][gc,cpu      ] GC(13) User=0.05s Sys=0.00s Real=0.01s
[2026-03-19T21:45:57.073+0530][gc,start    ] GC(14) Pause Young (Normal) (G1 Evacuation Pause)
[2026-03-19T21:45:57.073+0530][gc,task     ] GC(14) Using 10 workers of 10 for evacuation
[2026-03-19T21:45:57.081+0530][gc,phases   ] GC(14)   Pre Evacuate Collection Set: 0.41ms
[2026-03-19T21:45:57.081+0530][gc,phases   ] GC(14)   Merge Heap Roots: 0.22ms
[2026-03-19T21:45:57.081+0530][gc,phases   ] GC(14)   Evacuate Collection Set: 6.56ms
[2026-03-19T21:45:57.081+0530][gc,phases   ] GC(14)   Post Evacuate Collection Set: 0.45ms
[2026-03-19T21:45:57.081+0530][gc,phases   ] GC(14)   Other: 0.32ms
[2026-03-19T21:45:57.081+0530][gc,heap     ] GC(14) Eden regions: 95->0(185)
[2026-03-19T21:45:57.081+0530][gc,heap     ] GC(14) Survivor regions: 8->10(13)
[2026-03-19T21:45:57.081+0530][gc,heap     ] GC(14) Old regions: 28->29
[2026-03-19T21:45:57.081+0530][gc,heap     ] GC(14) Archive regions: 2->2
[2026-03-19T21:45:57.081+0530][gc,heap     ] GC(14) Humongous regions: 129->129
[2026-03-19T21:45:57.081+0530][gc,metaspace] GC(14) Metaspace: 49195K(50240K)->49195K(50240K) NonClass: 43419K(43968K)->43419K(43968K) Class: 5776K(6272K)->5776K(6272K)
[2026-03-19T21:45:57.081+0530][gc          ] GC(14) Pause Young (Normal) (G1 Evacuation Pause) 259M->167M(1024M) 8.017ms
[2026-03-19T21:45:57.081+0530][gc,cpu      ] GC(14) User=0.05s Sys=0.02s Real=0.01s
[2026-03-19T22:00:32.445+0530][gc,start    ] GC(15) Pause Young (Normal) (G1 Evacuation Pause)
[2026-03-19T22:00:32.445+0530][gc,task     ] GC(15) Using 10 workers of 10 for evacuation
[2026-03-19T22:00:32.457+0530][gc,phases   ] GC(15)   Pre Evacuate Collection Set: 0.25ms
[2026-03-19T22:00:32.457+0530][gc,phases   ] GC(15)   Merge Heap Roots: 0.21ms
[2026-03-19T22:00:32.457+0530][gc,phases   ] GC(15)   Evacuate Collection Set: 10.03ms
[2026-03-19T22:00:32.457+0530][gc,phases   ] GC(15)   Post Evacuate Collection Set: 1.04ms
[2026-03-19T22:00:32.457+0530][gc,phases   ] GC(15)   Other: 0.28ms
[2026-03-19T22:00:32.457+0530][gc,heap     ] GC(15) Eden regions: 174->0(132)
[2026-03-19T22:00:32.457+0530][gc,heap     ] GC(15) Survivor regions: 10->17(23)
[2026-03-19T22:00:32.457+0530][gc,heap     ] GC(15) Old regions: 29->29
[2026-03-19T22:00:32.457+0530][gc,heap     ] GC(15) Archive regions: 2->2
[2026-03-19T22:00:32.457+0530][gc,heap     ] GC(15) Humongous regions: 129->129
[2026-03-19T22:00:32.457+0530][gc,metaspace] GC(15) Metaspace: 49242K(50304K)->49242K(50304K) NonClass: 43465K(44032K)->43465K(44032K) Class: 5776K(6272K)->5776K(6272K)
[2026-03-19T22:00:32.457+0530][gc          ] GC(15) Pause Young (Normal) (G1 Evacuation Pause) 341M->174M(1024M) 12.015ms
[2026-03-19T22:00:32.457+0530][gc,cpu      ] GC(15) User=0.10s Sys=0.00s Real=0.01s
[2026-03-19T22:05:24.021+0530][gc,heap,exit] Heap
[2026-03-19T22:05:24.021+0530][gc,heap,exit]  garbage-first heap   total 1048576K, used 257935K [0x00000000c0000000, 0x0000000100000000)
[2026-03-19T22:05:24.021+0530][gc,heap,exit]   region size 1024K, 95 young (97280K), 17 survivors (17408K)
[2026-03-19T22:05:24.021+0530][gc,heap,exit]  Metaspace       used 50451K, committed 51520K, reserved 1114112K
[2026-03-19T22:05:24.021+0530][gc,heap,exit]   class space    used 6046K, committed 6528K, reserved 1048576K
