[2026-03-19T11:41:50.857+0530][gc] Using G1
[2026-03-19T11:41:50.865+0530][gc,init] Version: 17.0.18+8-Ubuntu-122.04.1 (release)
[2026-03-19T11:41:50.865+0530][gc,init] CPUs: 12 total, 12 available
[2026-03-19T11:41:50.865+0530][gc,init] Memory: 31781M
[2026-03-19T11:41:50.865+0530][gc,init] Large Page Support: Disabled
[2026-03-19T11:41:50.865+0530][gc,init] NUMA Support: Disabled
[2026-03-19T11:41:50.865+0530][gc,init] Compressed Oops: Enabled (32-bit)
[2026-03-19T11:41:50.865+0530][gc,init] Heap Region Size: 1M
[2026-03-19T11:41:50.865+0530][gc,init] Heap Min Capacity: 1G
[2026-03-19T11:41:50.865+0530][gc,init] Heap Initial Capacity: 1G
[2026-03-19T11:41:50.865+0530][gc,init] Heap Max Capacity: 1G
[2026-03-19T11:41:50.865+0530][gc,init] Pre-touch: Disabled
[2026-03-19T11:41:50.865+0530][gc,init] Parallel Workers: 10
[2026-03-19T11:41:50.865+0530][gc,init] Concurrent Workers: 3
[2026-03-19T11:41:50.865+0530][gc,init] Concurrent Refinement Workers: 10
[2026-03-19T11:41:50.865+0530][gc,init] Periodic GC: Disabled
[2026-03-19T11:41:50.874+0530][gc,metaspace] CDS archive(s) mapped at: [0x000078f75f000000-0x000078f75fbca000-0x000078f75fbca000), size 12361728, SharedBaseAddress: 0x000078f75f000000, ArchiveRelocationMode: 1.
[2026-03-19T11:41:50.874+0530][gc,metaspace] Compressed class space mapped at: 0x000078f760000000-0x000078f7a0000000, reserved size: 1073741824
[2026-03-19T11:41:50.874+0530][gc,metaspace] Narrow klass base: 0x000078f75f000000, Narrow klass shift: 0, Narrow klass range: 0x100000000
[2026-03-19T11:41:51.278+0530][gc,start    ] GC(0) Pause Young (Normal) (G1 Evacuation Pause)
[2026-03-19T11:41:51.278+0530][gc,task     ] GC(0) Using 10 workers of 10 for evacuation
[2026-03-19T11:41:51.281+0530][gc,phases   ] GC(0)   Pre Evacuate Collection Set: 0.13ms
[2026-03-19T11:41:51.281+0530][gc,phases   ] GC(0)   Merge Heap Roots: 0.05ms
[2026-03-19T11:41:51.281+0530][gc,phases   ] GC(0)   Evacuate Collection Set: 1.90ms
[2026-03-19T11:41:51.281+0530][gc,phases   ] GC(0)   Post Evacuate Collection Set: 0.26ms
[2026-03-19T11:41:51.281+0530][gc,phases   ] GC(0)   Other: 0.61ms
[2026-03-19T11:41:51.281+0530][gc,heap     ] GC(0) Eden regions: 51->0(44)
[2026-03-19T11:41:51.281+0530][gc,heap     ] GC(0) Survivor regions: 0->7(7)
[2026-03-19T11:41:51.281+0530][gc,heap     ] GC(0) Old regions: 0->2
[2026-03-19T11:41:51.281+0530][gc,heap     ] GC(0) Archive regions: 2->2
[2026-03-19T11:41:51.281+0530][gc,heap     ] GC(0) Humongous regions: 0->0
[2026-03-19T11:41:51.281+0530][gc,metaspace] GC(0) Metaspace: 15923K(16064K)->15923K(16064K) NonClass: 14070K(14144K)->14070K(14144K) Class: 1853K(1920K)->1853K(1920K)
[2026-03-19T11:41:51.281+0530][gc          ] GC(0) Pause Young (Normal) (G1 Evacuation Pause) 51M->8M(1024M) 3.041ms
[2026-03-19T11:41:51.281+0530][gc,cpu      ] GC(0) User=0.02s Sys=0.00s Real=0.01s
[2026-03-19T11:41:51.390+0530][gc,start    ] GC(1) Pause Young (Concurrent Start) (Metadata GC Threshold)
[2026-03-19T11:41:51.390+0530][gc,task     ] GC(1) Using 10 workers of 10 for evacuation
[2026-03-19T11:41:51.392+0530][gc,phases   ] GC(1)   Pre Evacuate Collection Set: 0.17ms
[2026-03-19T11:41:51.392+0530][gc,phases   ] GC(1)   Merge Heap Roots: 0.16ms
[2026-03-19T11:41:51.392+0530][gc,phases   ] GC(1)   Evacuate Collection Set: 1.37ms
[2026-03-19T11:41:51.392+0530][gc,phases   ] GC(1)   Post Evacuate Collection Set: 0.22ms
[2026-03-19T11:41:51.392+0530][gc,phases   ] GC(1)   Other: 0.18ms
[2026-03-19T11:41:51.392+0530][gc,heap     ] GC(1) Eden regions: 17->0(49)
[2026-03-19T11:41:51.392+0530][gc,heap     ] GC(1) Survivor regions: 7->2(7)
[2026-03-19T11:41:51.392+0530][gc,heap     ] GC(1) Old regions: 2->9
[2026-03-19T11:41:51.392+0530][gc,heap     ] GC(1) Archive regions: 2->2
[2026-03-19T11:41:51.392+0530][gc,heap     ] GC(1) Humongous regions: 0->0
[2026-03-19T11:41:51.392+0530][gc,metaspace] GC(1) Metaspace: 21244K(21504K)->21244K(21504K) NonClass: 18605K(18688K)->18605K(18688K) Class: 2638K(2816K)->2638K(2816K)
[2026-03-19T11:41:51.392+0530][gc          ] GC(1) Pause Young (Concurrent Start) (Metadata GC Threshold) 25M->10M(1024M) 2.207ms
[2026-03-19T11:41:51.393+0530][gc,cpu      ] GC(1) User=0.02s Sys=0.00s Real=0.00s
[2026-03-19T11:41:51.393+0530][gc          ] GC(2) Concurrent Mark Cycle
[2026-03-19T11:41:51.393+0530][gc,marking  ] GC(2) Concurrent Clear Claimed Marks
[2026-03-19T11:41:51.393+0530][gc,marking  ] GC(2) Concurrent Clear Claimed Marks 0.017ms
[2026-03-19T11:41:51.393+0530][gc,marking  ] GC(2) Concurrent Scan Root Regions
[2026-03-19T11:41:51.394+0530][gc,marking  ] GC(2) Concurrent Scan Root Regions 1.142ms
[2026-03-19T11:41:51.394+0530][gc,marking  ] GC(2) Concurrent Mark
[2026-03-19T11:41:51.394+0530][gc,marking  ] GC(2) Concurrent Mark From Roots
[2026-03-19T11:41:51.394+0530][gc,task     ] GC(2) Using 3 workers of 3 for marking
[2026-03-19T11:41:51.395+0530][gc,marking  ] GC(2) Concurrent Mark From Roots 1.109ms
[2026-03-19T11:41:51.395+0530][gc,marking  ] GC(2) Concurrent Preclean
[2026-03-19T11:41:51.395+0530][gc,marking  ] GC(2) Concurrent Preclean 0.075ms
[2026-03-19T11:41:51.395+0530][gc,start    ] GC(2) Pause Remark
[2026-03-19T11:41:51.396+0530][gc          ] GC(2) Pause Remark 11M->11M(1024M) 0.976ms
[2026-03-19T11:41:51.396+0530][gc,cpu      ] GC(2) User=0.00s Sys=0.00s Real=0.00s
[2026-03-19T11:41:51.396+0530][gc,marking  ] GC(2) Concurrent Mark 2.404ms
[2026-03-19T11:41:51.396+0530][gc,marking  ] GC(2) Concurrent Rebuild Remembered Sets
[2026-03-19T11:41:51.397+0530][gc,marking  ] GC(2) Concurrent Rebuild Remembered Sets 1.198ms
[2026-03-19T11:41:51.398+0530][gc,start    ] GC(2) Pause Cleanup
[2026-03-19T11:41:51.398+0530][gc          ] GC(2) Pause Cleanup 11M->11M(1024M) 0.083ms
[2026-03-19T11:41:51.398+0530][gc,cpu      ] GC(2) User=0.00s Sys=0.00s Real=0.00s
[2026-03-19T11:41:51.398+0530][gc,marking  ] GC(2) Concurrent Cleanup for Next Mark
[2026-03-19T11:41:51.400+0530][gc,marking  ] GC(2) Concurrent Cleanup for Next Mark 2.362ms
[2026-03-19T11:41:51.400+0530][gc          ] GC(2) Concurrent Mark Cycle 7.479ms
[2026-03-19T11:41:51.745+0530][gc,start    ] GC(3) Pause Young (Normal) (G1 Evacuation Pause)
[2026-03-19T11:41:51.745+0530][gc,task     ] GC(3) Using 10 workers of 10 for evacuation
[2026-03-19T11:41:51.747+0530][gc,phases   ] GC(3)   Pre Evacuate Collection Set: 0.12ms
[2026-03-19T11:41:51.747+0530][gc,phases   ] GC(3)   Merge Heap Roots: 0.04ms
[2026-03-19T11:41:51.747+0530][gc,phases   ] GC(3)   Evacuate Collection Set: 1.28ms
[2026-03-19T11:41:51.747+0530][gc,phases   ] GC(3)   Post Evacuate Collection Set: 0.21ms
[2026-03-19T11:41:51.747+0530][gc,phases   ] GC(3)   Other: 0.10ms
[2026-03-19T11:41:51.747+0530][gc,heap     ] GC(3) Eden regions: 49->0(45)
[2026-03-19T11:41:51.747+0530][gc,heap     ] GC(3) Survivor regions: 2->6(7)
[2026-03-19T11:41:51.747+0530][gc,heap     ] GC(3) Old regions: 9->9
[2026-03-19T11:41:51.747+0530][gc,heap     ] GC(3) Archive regions: 2->2
[2026-03-19T11:41:51.747+0530][gc,heap     ] GC(3) Humongous regions: 0->0
[2026-03-19T11:41:51.747+0530][gc,metaspace] GC(3) Metaspace: 32985K(33344K)->32985K(33344K) NonClass: 29146K(29376K)->29146K(29376K) Class: 3839K(3968K)->3839K(3968K)
[2026-03-19T11:41:51.747+0530][gc          ] GC(3) Pause Young (Normal) (G1 Evacuation Pause) 59M->15M(1024M) 1.846ms
[2026-03-19T11:41:51.747+0530][gc,cpu      ] GC(3) User=0.01s Sys=0.00s Real=0.00s
[2026-03-19T11:41:51.850+0530][gc,start    ] GC(4) Pause Young (Concurrent Start) (Metadata GC Threshold)
[2026-03-19T11:41:51.850+0530][gc,task     ] GC(4) Using 10 workers of 10 for evacuation
[2026-03-19T11:41:51.853+0530][gc,phases   ] GC(4)   Pre Evacuate Collection Set: 0.33ms
[2026-03-19T11:41:51.853+0530][gc,phases   ] GC(4)   Merge Heap Roots: 0.03ms
[2026-03-19T11:41:51.853+0530][gc,phases   ] GC(4)   Evacuate Collection Set: 2.02ms
[2026-03-19T11:41:51.853+0530][gc,phases   ] GC(4)   Post Evacuate Collection Set: 0.21ms
[2026-03-19T11:41:51.853+0530][gc,phases   ] GC(4)   Other: 0.13ms
[2026-03-19T11:41:51.853+0530][gc,heap     ] GC(4) Eden regions: 13->0(49)
[2026-03-19T11:41:51.853+0530][gc,heap     ] GC(4) Survivor regions: 6->2(7)
[2026-03-19T11:41:51.853+0530][gc,heap     ] GC(4) Old regions: 9->14
[2026-03-19T11:41:51.853+0530][gc,heap     ] GC(4) Archive regions: 2->2
[2026-03-19T11:41:51.853+0530][gc,heap     ] GC(4) Humongous regions: 0->0
[2026-03-19T11:41:51.853+0530][gc,metaspace] GC(4) Metaspace: 35666K(36096K)->35666K(36096K) NonClass: 31522K(31744K)->31522K(31744K) Class: 4143K(4352K)->4143K(4352K)
[2026-03-19T11:41:51.853+0530][gc          ] GC(4) Pause Young (Concurrent Start) (Metadata GC Threshold) 27M->16M(1024M) 2.841ms
[2026-03-19T11:41:51.853+0530][gc,cpu      ] GC(4) User=0.02s Sys=0.00s Real=0.00s
[2026-03-19T11:41:51.853+0530][gc          ] GC(5) Concurrent Mark Cycle
[2026-03-19T11:41:51.853+0530][gc,marking  ] GC(5) Concurrent Clear Claimed Marks
[2026-03-19T11:41:51.853+0530][gc,marking  ] GC(5) Concurrent Clear Claimed Marks 0.034ms
[2026-03-19T11:41:51.853+0530][gc,marking  ] GC(5) Concurrent Scan Root Regions
[2026-03-19T11:41:51.854+0530][gc,marking  ] GC(5) Concurrent Scan Root Regions 1.288ms
[2026-03-19T11:41:51.855+0530][gc,marking  ] GC(5) Concurrent Mark
[2026-03-19T11:41:51.855+0530][gc,marking  ] GC(5) Concurrent Mark From Roots
[2026-03-19T11:41:51.855+0530][gc,task     ] GC(5) Using 3 workers of 3 for marking
[2026-03-19T11:41:51.858+0530][gc,marking  ] GC(5) Concurrent Mark From Roots 3.001ms
[2026-03-19T11:41:51.858+0530][gc,marking  ] GC(5) Concurrent Preclean
[2026-03-19T11:41:51.858+0530][gc,marking  ] GC(5) Concurrent Preclean 0.115ms
[2026-03-19T11:41:51.858+0530][gc,start    ] GC(5) Pause Remark
[2026-03-19T11:41:51.859+0530][gc          ] GC(5) Pause Remark 16M->16M(1024M) 0.979ms
[2026-03-19T11:41:51.859+0530][gc,cpu      ] GC(5) User=0.01s Sys=0.00s Real=0.00s
[2026-03-19T11:41:51.859+0530][gc,marking  ] GC(5) Concurrent Mark 4.464ms
[2026-03-19T11:41:51.859+0530][gc,marking  ] GC(5) Concurrent Rebuild Remembered Sets
[2026-03-19T11:41:51.861+0530][gc,marking  ] GC(5) Concurrent Rebuild Remembered Sets 2.340ms
[2026-03-19T11:41:51.861+0530][gc,start    ] GC(5) Pause Cleanup
[2026-03-19T11:41:51.862+0530][gc          ] GC(5) Pause Cleanup 18M->18M(1024M) 0.141ms
[2026-03-19T11:41:51.862+0530][gc,cpu      ] GC(5) User=0.00s Sys=0.00s Real=0.00s
[2026-03-19T11:41:51.862+0530][gc,marking  ] GC(5) Concurrent Cleanup for Next Mark
[2026-03-19T11:41:51.864+0530][gc,marking  ] GC(5) Concurrent Cleanup for Next Mark 2.434ms
[2026-03-19T11:41:51.864+0530][gc          ] GC(5) Concurrent Mark Cycle 11.027ms
[2026-03-19T11:42:01.653+0530][gc,start    ] GC(6) Pause Young (Prepare Mixed) (G1 Evacuation Pause)
[2026-03-19T11:42:01.653+0530][gc,task     ] GC(6) Using 10 workers of 10 for evacuation
[2026-03-19T11:42:01.657+0530][gc,phases   ] GC(6)   Pre Evacuate Collection Set: 0.15ms
[2026-03-19T11:42:01.657+0530][gc,phases   ] GC(6)   Merge Heap Roots: 0.05ms
[2026-03-19T11:42:01.657+0530][gc,phases   ] GC(6)   Evacuate Collection Set: 3.53ms
[2026-03-19T11:42:01.657+0530][gc,phases   ] GC(6)   Post Evacuate Collection Set: 0.44ms
[2026-03-19T11:42:01.657+0530][gc,phases   ] GC(6)   Other: 0.12ms
[2026-03-19T11:42:01.657+0530][gc,heap     ] GC(6) Eden regions: 49->0(44)
[2026-03-19T11:42:01.657+0530][gc,heap     ] GC(6) Survivor regions: 2->7(7)
[2026-03-19T11:42:01.657+0530][gc,heap     ] GC(6) Old regions: 14->16
[2026-03-19T11:42:01.657+0530][gc,heap     ] GC(6) Archive regions: 2->2
[2026-03-19T11:42:01.657+0530][gc,heap     ] GC(6) Humongous regions: 0->0
[2026-03-19T11:42:01.657+0530][gc,metaspace] GC(6) Metaspace: 42780K(43392K)->42780K(43392K) NonClass: 37901K(38208K)->37901K(38208K) Class: 4879K(5184K)->4879K(5184K)
[2026-03-19T11:42:01.657+0530][gc          ] GC(6) Pause Young (Prepare Mixed) (G1 Evacuation Pause) 65M->23M(1024M) 4.346ms
[2026-03-19T11:42:01.657+0530][gc,cpu      ] GC(6) User=0.02s Sys=0.00s Real=0.00s
[2026-03-19T11:45:18.748+0530][gc,start    ] GC(7) Pause Young (Mixed) (G1 Evacuation Pause)
[2026-03-19T11:45:18.748+0530][gc,task     ] GC(7) Using 10 workers of 10 for evacuation
[2026-03-19T11:45:18.765+0530][gc,phases   ] GC(7)   Pre Evacuate Collection Set: 0.28ms
[2026-03-19T11:45:18.765+0530][gc,phases   ] GC(7)   Merge Heap Roots: 0.16ms
[2026-03-19T11:45:18.765+0530][gc,phases   ] GC(7)   Evacuate Collection Set: 14.33ms
[2026-03-19T11:45:18.765+0530][gc,phases   ] GC(7)   Post Evacuate Collection Set: 1.73ms
[2026-03-19T11:45:18.765+0530][gc,phases   ] GC(7)   Other: 0.23ms
[2026-03-19T11:45:18.765+0530][gc,heap     ] GC(7) Eden regions: 44->0(48)
[2026-03-19T11:45:18.765+0530][gc,heap     ] GC(7) Survivor regions: 7->3(7)
[2026-03-19T11:45:18.765+0530][gc,heap     ] GC(7) Old regions: 16->22
[2026-03-19T11:45:18.765+0530][gc,heap     ] GC(7) Archive regions: 2->2
[2026-03-19T11:45:18.765+0530][gc,heap     ] GC(7) Humongous regions: 129->129
[2026-03-19T11:45:18.765+0530][gc,metaspace] GC(7) Metaspace: 45617K(46400K)->45617K(46400K) NonClass: 40323K(40704K)->40323K(40704K) Class: 5293K(5696K)->5293K(5696K)
[2026-03-19T11:45:18.765+0530][gc          ] GC(7) Pause Young (Mixed) (G1 Evacuation Pause) 196M->154M(1024M) 16.873ms
[2026-03-19T11:45:18.765+0530][gc,cpu      ] GC(7) User=0.03s Sys=0.01s Real=0.02s
[2026-03-19T11:47:52.419+0530][gc,start    ] GC(8) Pause Young (Normal) (G1 Evacuation Pause)
[2026-03-19T11:47:52.419+0530][gc,task     ] GC(8) Using 10 workers of 10 for evacuation
[2026-03-19T11:47:52.423+0530][gc,phases   ] GC(8)   Pre Evacuate Collection Set: 0.42ms
[2026-03-19T11:47:52.423+0530][gc,phases   ] GC(8)   Merge Heap Roots: 0.17ms
[2026-03-19T11:47:52.423+0530][gc,phases   ] GC(8)   Evacuate Collection Set: 3.09ms
[2026-03-19T11:47:52.423+0530][gc,phases   ] GC(8)   Post Evacuate Collection Set: 0.68ms
[2026-03-19T11:47:52.423+0530][gc,phases   ] GC(8)   Other: 0.27ms
[2026-03-19T11:47:52.423+0530][gc,heap     ] GC(8) Eden regions: 48->0(46)
[2026-03-19T11:47:52.423+0530][gc,heap     ] GC(8) Survivor regions: 3->5(7)
[2026-03-19T11:47:52.423+0530][gc,heap     ] GC(8) Old regions: 22->22
[2026-03-19T11:47:52.423+0530][gc,heap     ] GC(8) Archive regions: 2->2
[2026-03-19T11:47:52.423+0530][gc,heap     ] GC(8) Humongous regions: 129->129
[2026-03-19T11:47:52.423+0530][gc,metaspace] GC(8) Metaspace: 48184K(49088K)->48184K(49088K) NonClass: 42542K(43008K)->42542K(43008K) Class: 5641K(6080K)->5641K(6080K)
[2026-03-19T11:47:52.423+0530][gc          ] GC(8) Pause Young (Normal) (G1 Evacuation Pause) 202M->156M(1024M) 4.835ms
[2026-03-19T11:47:52.423+0530][gc,cpu      ] GC(8) User=0.04s Sys=0.00s Real=0.01s
[2026-03-19T11:51:19.250+0530][gc,start    ] GC(9) Pause Young (Normal) (G1 Evacuation Pause)
[2026-03-19T11:51:19.250+0530][gc,task     ] GC(9) Using 10 workers of 10 for evacuation
[2026-03-19T11:51:19.257+0530][gc,phases   ] GC(9)   Pre Evacuate Collection Set: 0.46ms
[2026-03-19T11:51:19.257+0530][gc,phases   ] GC(9)   Merge Heap Roots: 0.22ms
[2026-03-19T11:51:19.257+0530][gc,phases   ] GC(9)   Evacuate Collection Set: 4.63ms
[2026-03-19T11:51:19.257+0530][gc,phases   ] GC(9)   Post Evacuate Collection Set: 0.94ms
[2026-03-19T11:51:19.257+0530][gc,phases   ] GC(9)   Other: 0.31ms
[2026-03-19T11:51:19.257+0530][gc,heap     ] GC(9) Eden regions: 46->0(46)
[2026-03-19T11:51:19.257+0530][gc,heap     ] GC(9) Survivor regions: 5->5(7)
[2026-03-19T11:51:19.257+0530][gc,heap     ] GC(9) Old regions: 22->24
[2026-03-19T11:51:19.257+0530][gc,heap     ] GC(9) Archive regions: 2->2
[2026-03-19T11:51:19.257+0530][gc,heap     ] GC(9) Humongous regions: 129->129
[2026-03-19T11:51:19.257+0530][gc,metaspace] GC(9) Metaspace: 48270K(49216K)->48270K(49216K) NonClass: 42626K(43136K)->42626K(43136K) Class: 5644K(6080K)->5644K(6080K)
[2026-03-19T11:51:19.257+0530][gc          ] GC(9) Pause Young (Normal) (G1 Evacuation Pause) 202M->157M(1024M) 6.639ms
[2026-03-19T11:51:19.257+0530][gc,cpu      ] GC(9) User=0.04s Sys=0.01s Real=0.00s
[2026-03-19T11:54:52.094+0530][gc,start    ] GC(10) Pause Young (Normal) (G1 Evacuation Pause)
[2026-03-19T11:54:52.094+0530][gc,task     ] GC(10) Using 10 workers of 10 for evacuation
[2026-03-19T11:54:52.098+0530][gc,phases   ] GC(10)   Pre Evacuate Collection Set: 0.28ms
[2026-03-19T11:54:52.099+0530][gc,phases   ] GC(10)   Merge Heap Roots: 0.15ms
[2026-03-19T11:54:52.099+0530][gc,phases   ] GC(10)   Evacuate Collection Set: 3.12ms
[2026-03-19T11:54:52.099+0530][gc,phases   ] GC(10)   Post Evacuate Collection Set: 0.68ms
[2026-03-19T11:54:52.099+0530][gc,phases   ] GC(10)   Other: 0.29ms
[2026-03-19T11:54:52.099+0530][gc,heap     ] GC(10) Eden regions: 46->0(79)
[2026-03-19T11:54:52.099+0530][gc,heap     ] GC(10) Survivor regions: 5->4(7)
[2026-03-19T11:54:52.099+0530][gc,heap     ] GC(10) Old regions: 24->26
[2026-03-19T11:54:52.099+0530][gc,heap     ] GC(10) Archive regions: 2->2
[2026-03-19T11:54:52.099+0530][gc,heap     ] GC(10) Humongous regions: 129->129
[2026-03-19T11:54:52.099+0530][gc,metaspace] GC(10) Metaspace: 48327K(49216K)->48327K(49216K) NonClass: 42683K(43136K)->42683K(43136K) Class: 5644K(6080K)->5644K(6080K)
[2026-03-19T11:54:52.099+0530][gc          ] GC(10) Pause Young (Normal) (G1 Evacuation Pause) 203M->159M(1024M) 4.726ms
[2026-03-19T11:54:52.099+0530][gc,cpu      ] GC(10) User=0.03s Sys=0.01s Real=0.00s
[2026-03-19T12:01:20.074+0530][gc,start    ] GC(11) Pause Young (Normal) (G1 Evacuation Pause)
[2026-03-19T12:01:20.074+0530][gc,task     ] GC(11) Using 10 workers of 10 for evacuation
[2026-03-19T12:01:20.080+0530][gc,phases   ] GC(11)   Pre Evacuate Collection Set: 0.27ms
[2026-03-19T12:01:20.080+0530][gc,phases   ] GC(11)   Merge Heap Roots: 0.22ms
[2026-03-19T12:01:20.080+0530][gc,phases   ] GC(11)   Evacuate Collection Set: 4.54ms
[2026-03-19T12:01:20.080+0530][gc,phases   ] GC(11)   Post Evacuate Collection Set: 0.72ms
[2026-03-19T12:01:20.080+0530][gc,phases   ] GC(11)   Other: 0.33ms
[2026-03-19T12:01:20.080+0530][gc,heap     ] GC(11) Eden regions: 77->0(81)
[2026-03-19T12:01:20.080+0530][gc,heap     ] GC(11) Survivor regions: 4->7(11)
[2026-03-19T12:01:20.080+0530][gc,heap     ] GC(11) Old regions: 26->26
[2026-03-19T12:01:20.080+0530][gc,heap     ] GC(11) Archive regions: 2->2
[2026-03-19T12:01:20.080+0530][gc,heap     ] GC(11) Humongous regions: 129->129
[2026-03-19T12:01:20.080+0530][gc,metaspace] GC(11) Metaspace: 49076K(49984K)->49076K(49984K) NonClass: 43299K(43776K)->43299K(43776K) Class: 5776K(6208K)->5776K(6208K)
[2026-03-19T12:01:20.080+0530][gc          ] GC(11) Pause Young (Normal) (G1 Evacuation Pause) 236M->161M(1024M) 6.245ms
[2026-03-19T12:01:20.080+0530][gc,cpu      ] GC(11) User=0.04s Sys=0.01s Real=0.00s
[2026-03-19T12:07:27.811+0530][gc,start    ] GC(12) Pause Young (Normal) (G1 Evacuation Pause)
[2026-03-19T12:07:27.811+0530][gc,task     ] GC(12) Using 10 workers of 10 for evacuation
[2026-03-19T12:07:27.825+0530][gc,phases   ] GC(12)   Pre Evacuate Collection Set: 0.54ms
[2026-03-19T12:07:27.825+0530][gc,phases   ] GC(12)   Merge Heap Roots: 0.20ms
[2026-03-19T12:07:27.825+0530][gc,phases   ] GC(12)   Evacuate Collection Set: 11.46ms
[2026-03-19T12:07:27.825+0530][gc,phases   ] GC(12)   Post Evacuate Collection Set: 0.81ms
[2026-03-19T12:07:27.825+0530][gc,phases   ] GC(12)   Other: 0.76ms
[2026-03-19T12:07:27.825+0530][gc,heap     ] GC(12) Eden regions: 80->0(244)
[2026-03-19T12:07:27.825+0530][gc,heap     ] GC(12) Survivor regions: 7->7(11)
[2026-03-19T12:07:27.825+0530][gc,heap     ] GC(12) Old regions: 26->27
[2026-03-19T12:07:27.825+0530][gc,heap     ] GC(12) Archive regions: 2->2
[2026-03-19T12:07:27.825+0530][gc,heap     ] GC(12) Humongous regions: 129->129
[2026-03-19T12:07:27.825+0530][gc,metaspace] GC(12) Metaspace: 49337K(50304K)->49337K(50304K) NonClass: 43521K(44032K)->43521K(44032K) Class: 5815K(6272K)->5815K(6272K)
[2026-03-19T12:07:27.825+0530][gc          ] GC(12) Pause Young (Normal) (G1 Evacuation Pause) 241M->163M(1024M) 14.160ms
[2026-03-19T12:07:27.825+0530][gc,cpu      ] GC(12) User=0.08s Sys=0.01s Real=0.01s
[2026-03-19T12:07:28.032+0530][gc,heap,exit] Heap
[2026-03-19T12:07:28.032+0530][gc,heap,exit]  garbage-first heap   total 1048576K, used 183367K [0x00000000c0000000, 0x0000000100000000)
[2026-03-19T12:07:28.032+0530][gc,heap,exit]   region size 1024K, 23 young (23552K), 7 survivors (7168K)
[2026-03-19T12:07:28.032+0530][gc,heap,exit]  Metaspace       used 49860K, committed 50816K, reserved 1114112K
[2026-03-19T12:07:28.032+0530][gc,heap,exit]   class space    used 5949K, committed 6400K, reserved 1048576K
