[2026-03-19T10:42:27.775+0530][gc] Using G1
[2026-03-19T10:42:27.784+0530][gc,init] Version: 17.0.18+8-Ubuntu-122.04.1 (release)
[2026-03-19T10:42:27.784+0530][gc,init] CPUs: 12 total, 12 available
[2026-03-19T10:42:27.784+0530][gc,init] Memory: 31781M
[2026-03-19T10:42:27.784+0530][gc,init] Large Page Support: Disabled
[2026-03-19T10:42:27.784+0530][gc,init] NUMA Support: Disabled
[2026-03-19T10:42:27.784+0530][gc,init] Compressed Oops: Enabled (32-bit)
[2026-03-19T10:42:27.784+0530][gc,init] Heap Region Size: 1M
[2026-03-19T10:42:27.784+0530][gc,init] Heap Min Capacity: 1G
[2026-03-19T10:42:27.784+0530][gc,init] Heap Initial Capacity: 1G
[2026-03-19T10:42:27.784+0530][gc,init] Heap Max Capacity: 1G
[2026-03-19T10:42:27.784+0530][gc,init] Pre-touch: Disabled
[2026-03-19T10:42:27.784+0530][gc,init] Parallel Workers: 10
[2026-03-19T10:42:27.784+0530][gc,init] Concurrent Workers: 3
[2026-03-19T10:42:27.784+0530][gc,init] Concurrent Refinement Workers: 10
[2026-03-19T10:42:27.784+0530][gc,init] Periodic GC: Disabled
[2026-03-19T10:42:27.788+0530][gc,metaspace] CDS archive(s) mapped at: [0x0000795b67000000-0x0000795b67bca000-0x0000795b67bca000), size 12361728, SharedBaseAddress: 0x0000795b67000000, ArchiveRelocationMode: 1.
[2026-03-19T10:42:27.788+0530][gc,metaspace] Compressed class space mapped at: 0x0000795b68000000-0x0000795ba8000000, reserved size: 1073741824
[2026-03-19T10:42:27.788+0530][gc,metaspace] Narrow klass base: 0x0000795b67000000, Narrow klass shift: 0, Narrow klass range: 0x100000000
[2026-03-19T10:42:28.178+0530][gc,start    ] GC(0) Pause Young (Normal) (G1 Evacuation Pause)
[2026-03-19T10:42:28.179+0530][gc,task     ] GC(0) Using 10 workers of 10 for evacuation
[2026-03-19T10:42:28.181+0530][gc,phases   ] GC(0)   Pre Evacuate Collection Set: 0.13ms
[2026-03-19T10:42:28.181+0530][gc,phases   ] GC(0)   Merge Heap Roots: 0.05ms
[2026-03-19T10:42:28.181+0530][gc,phases   ] GC(0)   Evacuate Collection Set: 1.71ms
[2026-03-19T10:42:28.181+0530][gc,phases   ] GC(0)   Post Evacuate Collection Set: 0.43ms
[2026-03-19T10:42:28.181+0530][gc,phases   ] GC(0)   Other: 0.68ms
[2026-03-19T10:42:28.181+0530][gc,heap     ] GC(0) Eden regions: 51->0(44)
[2026-03-19T10:42:28.181+0530][gc,heap     ] GC(0) Survivor regions: 0->7(7)
[2026-03-19T10:42:28.181+0530][gc,heap     ] GC(0) Old regions: 0->2
[2026-03-19T10:42:28.181+0530][gc,heap     ] GC(0) Archive regions: 2->2
[2026-03-19T10:42:28.181+0530][gc,heap     ] GC(0) Humongous regions: 0->0
[2026-03-19T10:42:28.181+0530][gc,metaspace] GC(0) Metaspace: 16172K(16384K)->16172K(16384K) NonClass: 14279K(14400K)->14279K(14400K) Class: 1893K(1984K)->1893K(1984K)
[2026-03-19T10:42:28.181+0530][gc          ] GC(0) Pause Young (Normal) (G1 Evacuation Pause) 51M->9M(1024M) 3.099ms
[2026-03-19T10:42:28.181+0530][gc,cpu      ] GC(0) User=0.02s Sys=0.01s Real=0.01s
[2026-03-19T10:42:28.199+0530][gc,heap,exit] Heap
[2026-03-19T10:42:28.199+0530][gc,heap,exit]  garbage-first heap   total 1048576K, used 13045K [0x00000000c0000000, 0x0000000100000000)
[2026-03-19T10:42:28.199+0530][gc,heap,exit]   region size 1024K, 11 young (11264K), 7 survivors (7168K)
[2026-03-19T10:42:28.199+0530][gc,heap,exit]  Metaspace       used 17225K, committed 17472K, reserved 1114112K
[2026-03-19T10:42:28.199+0530][gc,heap,exit]   class space    used 2101K, committed 2176K, reserved 1048576K
