[2026-03-19T11:42:03.594+0530][gc] Using G1
[2026-03-19T11:42:03.604+0530][gc,init] Version: 17.0.18+8-Ubuntu-122.04.1 (release)
[2026-03-19T11:42:03.604+0530][gc,init] CPUs: 12 total, 12 available
[2026-03-19T11:42:03.604+0530][gc,init] Memory: 31781M
[2026-03-19T11:42:03.604+0530][gc,init] Large Page Support: Disabled
[2026-03-19T11:42:03.604+0530][gc,init] NUMA Support: Disabled
[2026-03-19T11:42:03.604+0530][gc,init] Compressed Oops: Enabled (32-bit)
[2026-03-19T11:42:03.604+0530][gc,init] Heap Region Size: 1M
[2026-03-19T11:42:03.604+0530][gc,init] Heap Min Capacity: 1G
[2026-03-19T11:42:03.604+0530][gc,init] Heap Initial Capacity: 1G
[2026-03-19T11:42:03.604+0530][gc,init] Heap Max Capacity: 1G
[2026-03-19T11:42:03.604+0530][gc,init] Pre-touch: Disabled
[2026-03-19T11:42:03.604+0530][gc,init] Parallel Workers: 10
[2026-03-19T11:42:03.604+0530][gc,init] Concurrent Workers: 3
[2026-03-19T11:42:03.604+0530][gc,init] Concurrent Refinement Workers: 10
[2026-03-19T11:42:03.604+0530][gc,init] Periodic GC: Disabled
[2026-03-19T11:42:03.609+0530][gc,metaspace] CDS archive(s) mapped at: [0x00007db503000000-0x00007db503bca000-0x00007db503bca000), size 12361728, SharedBaseAddress: 0x00007db503000000, ArchiveRelocationMode: 1.
[2026-03-19T11:42:03.609+0530][gc,metaspace] Compressed class space mapped at: 0x00007db504000000-0x00007db544000000, reserved size: 1073741824
[2026-03-19T11:42:03.609+0530][gc,metaspace] Narrow klass base: 0x00007db503000000, Narrow klass shift: 0, Narrow klass range: 0x100000000
[2026-03-19T11:42:04.048+0530][gc,start    ] GC(0) Pause Young (Normal) (G1 Evacuation Pause)
[2026-03-19T11:42:04.049+0530][gc,task     ] GC(0) Using 10 workers of 10 for evacuation
[2026-03-19T11:42:04.051+0530][gc,phases   ] GC(0)   Pre Evacuate Collection Set: 0.16ms
[2026-03-19T11:42:04.052+0530][gc,phases   ] GC(0)   Merge Heap Roots: 0.04ms
[2026-03-19T11:42:04.052+0530][gc,phases   ] GC(0)   Evacuate Collection Set: 2.26ms
[2026-03-19T11:42:04.052+0530][gc,phases   ] GC(0)   Post Evacuate Collection Set: 0.32ms
[2026-03-19T11:42:04.052+0530][gc,phases   ] GC(0)   Other: 0.78ms
[2026-03-19T11:42:04.052+0530][gc,heap     ] GC(0) Eden regions: 51->0(44)
[2026-03-19T11:42:04.052+0530][gc,heap     ] GC(0) Survivor regions: 0->7(7)
[2026-03-19T11:42:04.052+0530][gc,heap     ] GC(0) Old regions: 0->2
[2026-03-19T11:42:04.052+0530][gc,heap     ] GC(0) Archive regions: 2->2
[2026-03-19T11:42:04.052+0530][gc,heap     ] GC(0) Humongous regions: 0->0
[2026-03-19T11:42:04.052+0530][gc,metaspace] GC(0) Metaspace: 16236K(16448K)->16236K(16448K) NonClass: 14335K(14464K)->14335K(14464K) Class: 1901K(1984K)->1901K(1984K)
[2026-03-19T11:42:04.052+0530][gc          ] GC(0) Pause Young (Normal) (G1 Evacuation Pause) 51M->9M(1024M) 3.688ms
[2026-03-19T11:42:04.052+0530][gc,cpu      ] GC(0) User=0.03s Sys=0.00s Real=0.01s
[2026-03-19T11:42:04.192+0530][gc,start    ] GC(1) Pause Young (Concurrent Start) (Metadata GC Threshold)
[2026-03-19T11:42:04.192+0530][gc,task     ] GC(1) Using 10 workers of 10 for evacuation
[2026-03-19T11:42:04.194+0530][gc,phases   ] GC(1)   Pre Evacuate Collection Set: 0.20ms
[2026-03-19T11:42:04.194+0530][gc,phases   ] GC(1)   Merge Heap Roots: 0.03ms
[2026-03-19T11:42:04.194+0530][gc,phases   ] GC(1)   Evacuate Collection Set: 1.45ms
[2026-03-19T11:42:04.194+0530][gc,phases   ] GC(1)   Post Evacuate Collection Set: 0.31ms
[2026-03-19T11:42:04.194+0530][gc,phases   ] GC(1)   Other: 0.20ms
[2026-03-19T11:42:04.194+0530][gc,heap     ] GC(1) Eden regions: 16->0(49)
[2026-03-19T11:42:04.194+0530][gc,heap     ] GC(1) Survivor regions: 7->2(7)
[2026-03-19T11:42:04.194+0530][gc,heap     ] GC(1) Old regions: 2->9
[2026-03-19T11:42:04.194+0530][gc,heap     ] GC(1) Archive regions: 2->2
[2026-03-19T11:42:04.194+0530][gc,heap     ] GC(1) Humongous regions: 0->0
[2026-03-19T11:42:04.194+0530][gc,metaspace] GC(1) Metaspace: 21251K(21504K)->21251K(21504K) NonClass: 18613K(18688K)->18613K(18688K) Class: 2638K(2816K)->2638K(2816K)
[2026-03-19T11:42:04.194+0530][gc          ] GC(1) Pause Young (Concurrent Start) (Metadata GC Threshold) 25M->10M(1024M) 2.269ms
[2026-03-19T11:42:04.194+0530][gc,cpu      ] GC(1) User=0.01s Sys=0.00s Real=0.00s
[2026-03-19T11:42:04.195+0530][gc          ] GC(2) Concurrent Mark Cycle
[2026-03-19T11:42:04.195+0530][gc,marking  ] GC(2) Concurrent Clear Claimed Marks
[2026-03-19T11:42:04.195+0530][gc,marking  ] GC(2) Concurrent Clear Claimed Marks 0.015ms
[2026-03-19T11:42:04.195+0530][gc,marking  ] GC(2) Concurrent Scan Root Regions
[2026-03-19T11:42:04.196+0530][gc,marking  ] GC(2) Concurrent Scan Root Regions 1.134ms
[2026-03-19T11:42:04.196+0530][gc,marking  ] GC(2) Concurrent Mark
[2026-03-19T11:42:04.196+0530][gc,marking  ] GC(2) Concurrent Mark From Roots
[2026-03-19T11:42:04.196+0530][gc,task     ] GC(2) Using 3 workers of 3 for marking
[2026-03-19T11:42:04.197+0530][gc,marking  ] GC(2) Concurrent Mark From Roots 0.917ms
[2026-03-19T11:42:04.197+0530][gc,marking  ] GC(2) Concurrent Preclean
[2026-03-19T11:42:04.197+0530][gc,marking  ] GC(2) Concurrent Preclean 0.066ms
[2026-03-19T11:42:04.197+0530][gc,start    ] GC(2) Pause Remark
[2026-03-19T11:42:04.198+0530][gc          ] GC(2) Pause Remark 11M->11M(1024M) 0.961ms
[2026-03-19T11:42:04.198+0530][gc,cpu      ] GC(2) User=0.00s Sys=0.00s Real=0.00s
[2026-03-19T11:42:04.198+0530][gc,marking  ] GC(2) Concurrent Mark 2.126ms
[2026-03-19T11:42:04.198+0530][gc,marking  ] GC(2) Concurrent Rebuild Remembered Sets
[2026-03-19T11:42:04.199+0530][gc,marking  ] GC(2) Concurrent Rebuild Remembered Sets 1.154ms
[2026-03-19T11:42:04.199+0530][gc,start    ] GC(2) Pause Cleanup
[2026-03-19T11:42:04.199+0530][gc          ] GC(2) Pause Cleanup 11M->11M(1024M) 0.071ms
[2026-03-19T11:42:04.199+0530][gc,cpu      ] GC(2) User=0.00s Sys=0.00s Real=0.00s
[2026-03-19T11:42:04.199+0530][gc,marking  ] GC(2) Concurrent Cleanup for Next Mark
[2026-03-19T11:42:04.202+0530][gc,marking  ] GC(2) Concurrent Cleanup for Next Mark 2.299ms
[2026-03-19T11:42:04.202+0530][gc          ] GC(2) Concurrent Mark Cycle 7.026ms
[2026-03-19T11:42:04.585+0530][gc,start    ] GC(3) Pause Young (Normal) (G1 Evacuation Pause)
[2026-03-19T11:42:04.585+0530][gc,task     ] GC(3) Using 10 workers of 10 for evacuation
[2026-03-19T11:42:04.588+0530][gc,phases   ] GC(3)   Pre Evacuate Collection Set: 0.11ms
[2026-03-19T11:42:04.588+0530][gc,phases   ] GC(3)   Merge Heap Roots: 0.06ms
[2026-03-19T11:42:04.588+0530][gc,phases   ] GC(3)   Evacuate Collection Set: 2.63ms
[2026-03-19T11:42:04.588+0530][gc,phases   ] GC(3)   Post Evacuate Collection Set: 0.48ms
[2026-03-19T11:42:04.588+0530][gc,phases   ] GC(3)   Other: 0.15ms
[2026-03-19T11:42:04.588+0530][gc,heap     ] GC(3) Eden regions: 49->0(45)
[2026-03-19T11:42:04.588+0530][gc,heap     ] GC(3) Survivor regions: 2->6(7)
[2026-03-19T11:42:04.588+0530][gc,heap     ] GC(3) Old regions: 9->9
[2026-03-19T11:42:04.588+0530][gc,heap     ] GC(3) Archive regions: 2->2
[2026-03-19T11:42:04.588+0530][gc,heap     ] GC(3) Humongous regions: 0->0
[2026-03-19T11:42:04.588+0530][gc,metaspace] GC(3) Metaspace: 32996K(33344K)->32996K(33344K) NonClass: 29157K(29376K)->29157K(29376K) Class: 3839K(3968K)->3839K(3968K)
[2026-03-19T11:42:04.589+0530][gc          ] GC(3) Pause Young (Normal) (G1 Evacuation Pause) 59M->14M(1024M) 3.613ms
[2026-03-19T11:42:04.589+0530][gc,cpu      ] GC(3) User=0.03s Sys=0.00s Real=0.00s
[2026-03-19T11:42:04.665+0530][gc,start    ] GC(4) Pause Young (Concurrent Start) (Metadata GC Threshold)
[2026-03-19T11:42:04.665+0530][gc,task     ] GC(4) Using 10 workers of 10 for evacuation
[2026-03-19T11:42:04.669+0530][gc,phases   ] GC(4)   Pre Evacuate Collection Set: 0.13ms
[2026-03-19T11:42:04.669+0530][gc,phases   ] GC(4)   Merge Heap Roots: 0.15ms
[2026-03-19T11:42:04.669+0530][gc,phases   ] GC(4)   Evacuate Collection Set: 2.59ms
[2026-03-19T11:42:04.669+0530][gc,phases   ] GC(4)   Post Evacuate Collection Set: 0.49ms
[2026-03-19T11:42:04.669+0530][gc,phases   ] GC(4)   Other: 0.13ms
[2026-03-19T11:42:04.669+0530][gc,heap     ] GC(4) Eden regions: 11->0(50)
[2026-03-19T11:42:04.669+0530][gc,heap     ] GC(4) Survivor regions: 6->1(7)
[2026-03-19T11:42:04.669+0530][gc,heap     ] GC(4) Old regions: 9->14
[2026-03-19T11:42:04.669+0530][gc,heap     ] GC(4) Archive regions: 2->2
[2026-03-19T11:42:04.669+0530][gc,heap     ] GC(4) Humongous regions: 0->0
[2026-03-19T11:42:04.669+0530][gc,metaspace] GC(4) Metaspace: 35555K(35968K)->35555K(35968K) NonClass: 31402K(31616K)->31402K(31616K) Class: 4153K(4352K)->4153K(4352K)
[2026-03-19T11:42:04.669+0530][gc          ] GC(4) Pause Young (Concurrent Start) (Metadata GC Threshold) 25M->15M(1024M) 3.589ms
[2026-03-19T11:42:04.669+0530][gc,cpu      ] GC(4) User=0.02s Sys=0.00s Real=0.00s
[2026-03-19T11:42:04.669+0530][gc          ] GC(5) Concurrent Mark Cycle
[2026-03-19T11:42:04.669+0530][gc,marking  ] GC(5) Concurrent Clear Claimed Marks
[2026-03-19T11:42:04.669+0530][gc,marking  ] GC(5) Concurrent Clear Claimed Marks 0.027ms
[2026-03-19T11:42:04.669+0530][gc,marking  ] GC(5) Concurrent Scan Root Regions
[2026-03-19T11:42:04.670+0530][gc,marking  ] GC(5) Concurrent Scan Root Regions 1.001ms
[2026-03-19T11:42:04.670+0530][gc,marking  ] GC(5) Concurrent Mark
[2026-03-19T11:42:04.670+0530][gc,marking  ] GC(5) Concurrent Mark From Roots
[2026-03-19T11:42:04.670+0530][gc,task     ] GC(5) Using 3 workers of 3 for marking
[2026-03-19T11:42:04.672+0530][gc,marking  ] GC(5) Concurrent Mark From Roots 2.402ms
[2026-03-19T11:42:04.672+0530][gc,marking  ] GC(5) Concurrent Preclean
[2026-03-19T11:42:04.672+0530][gc,marking  ] GC(5) Concurrent Preclean 0.096ms
[2026-03-19T11:42:04.672+0530][gc,start    ] GC(5) Pause Remark
[2026-03-19T11:42:04.673+0530][gc          ] GC(5) Pause Remark 16M->16M(1024M) 0.729ms
[2026-03-19T11:42:04.673+0530][gc,cpu      ] GC(5) User=0.00s Sys=0.00s Real=0.00s
[2026-03-19T11:42:04.673+0530][gc,marking  ] GC(5) Concurrent Mark 3.357ms
[2026-03-19T11:42:04.673+0530][gc,marking  ] GC(5) Concurrent Rebuild Remembered Sets
[2026-03-19T11:42:04.673+0530][gc,marking  ] GC(5) Concurrent Rebuild Remembered Sets 0.005ms
[2026-03-19T11:42:04.673+0530][gc,start    ] GC(5) Pause Cleanup
[2026-03-19T11:42:04.673+0530][gc          ] GC(5) Pause Cleanup 16M->16M(1024M) 0.010ms
[2026-03-19T11:42:04.673+0530][gc,cpu      ] GC(5) User=0.00s Sys=0.00s Real=0.00s
[2026-03-19T11:42:04.673+0530][gc,marking  ] GC(5) Concurrent Cleanup for Next Mark
[2026-03-19T11:42:04.676+0530][gc,marking  ] GC(5) Concurrent Cleanup for Next Mark 2.506ms
[2026-03-19T11:42:04.676+0530][gc          ] GC(5) Concurrent Mark Cycle 7.139ms
[2026-03-19T11:42:05.003+0530][gc,start    ] GC(6) Pause Young (Normal) (G1 Evacuation Pause)
[2026-03-19T11:42:05.003+0530][gc,task     ] GC(6) Using 10 workers of 10 for evacuation
[2026-03-19T11:42:05.005+0530][gc,phases   ] GC(6)   Pre Evacuate Collection Set: 0.08ms
[2026-03-19T11:42:05.005+0530][gc,phases   ] GC(6)   Merge Heap Roots: 0.04ms
[2026-03-19T11:42:05.005+0530][gc,phases   ] GC(6)   Evacuate Collection Set: 1.48ms
[2026-03-19T11:42:05.005+0530][gc,phases   ] GC(6)   Post Evacuate Collection Set: 0.26ms
[2026-03-19T11:42:05.005+0530][gc,phases   ] GC(6)   Other: 0.11ms
[2026-03-19T11:42:05.005+0530][gc,heap     ] GC(6) Eden regions: 50->0(44)
[2026-03-19T11:42:05.005+0530][gc,heap     ] GC(6) Survivor regions: 1->7(7)
[2026-03-19T11:42:05.005+0530][gc,heap     ] GC(6) Old regions: 14->15
[2026-03-19T11:42:05.005+0530][gc,heap     ] GC(6) Archive regions: 2->2
[2026-03-19T11:42:05.005+0530][gc,heap     ] GC(6) Humongous regions: 0->0
[2026-03-19T11:42:05.005+0530][gc,metaspace] GC(6) Metaspace: 41984K(42560K)->41984K(42560K) NonClass: 37088K(37440K)->37088K(37440K) Class: 4895K(5120K)->4895K(5120K)
[2026-03-19T11:42:05.005+0530][gc          ] GC(6) Pause Young (Normal) (G1 Evacuation Pause) 65M->22M(1024M) 2.047ms
[2026-03-19T11:42:05.005+0530][gc,cpu      ] GC(6) User=0.02s Sys=0.00s Real=0.00s
[2026-03-19T11:45:18.886+0530][gc,start    ] GC(7) Pause Young (Normal) (G1 Evacuation Pause)
[2026-03-19T11:45:18.886+0530][gc,task     ] GC(7) Using 10 workers of 10 for evacuation
[2026-03-19T11:45:18.889+0530][gc,phases   ] GC(7)   Pre Evacuate Collection Set: 0.11ms
[2026-03-19T11:45:18.889+0530][gc,phases   ] GC(7)   Merge Heap Roots: 0.04ms
[2026-03-19T11:45:18.889+0530][gc,phases   ] GC(7)   Evacuate Collection Set: 2.18ms
[2026-03-19T11:45:18.889+0530][gc,phases   ] GC(7)   Post Evacuate Collection Set: 0.29ms
[2026-03-19T11:45:18.889+0530][gc,phases   ] GC(7)   Other: 0.08ms
[2026-03-19T11:45:18.889+0530][gc,heap     ] GC(7) Eden regions: 44->0(48)
[2026-03-19T11:45:18.889+0530][gc,heap     ] GC(7) Survivor regions: 7->3(7)
[2026-03-19T11:45:18.889+0530][gc,heap     ] GC(7) Old regions: 15->22
[2026-03-19T11:45:18.889+0530][gc,heap     ] GC(7) Archive regions: 2->2
[2026-03-19T11:45:18.889+0530][gc,heap     ] GC(7) Humongous regions: 129->129
[2026-03-19T11:45:18.889+0530][gc,metaspace] GC(7) Metaspace: 46225K(47104K)->46225K(47104K) NonClass: 40771K(41216K)->40771K(41216K) Class: 5454K(5888K)->5454K(5888K)
[2026-03-19T11:45:18.889+0530][gc          ] GC(7) Pause Young (Normal) (G1 Evacuation Pause) 195M->154M(1024M) 2.772ms
[2026-03-19T11:45:18.889+0530][gc,cpu      ] GC(7) User=0.01s Sys=0.00s Real=0.00s
[2026-03-19T11:48:20.467+0530][gc,start    ] GC(8) Pause Young (Normal) (G1 Evacuation Pause)
[2026-03-19T11:48:20.467+0530][gc,task     ] GC(8) Using 10 workers of 10 for evacuation
[2026-03-19T11:48:20.470+0530][gc,phases   ] GC(8)   Pre Evacuate Collection Set: 0.12ms
[2026-03-19T11:48:20.470+0530][gc,phases   ] GC(8)   Merge Heap Roots: 0.08ms
[2026-03-19T11:48:20.470+0530][gc,phases   ] GC(8)   Evacuate Collection Set: 1.42ms
[2026-03-19T11:48:20.470+0530][gc,phases   ] GC(8)   Post Evacuate Collection Set: 0.57ms
[2026-03-19T11:48:20.470+0530][gc,phases   ] GC(8)   Other: 0.12ms
[2026-03-19T11:48:20.470+0530][gc,heap     ] GC(8) Eden regions: 48->0(46)
[2026-03-19T11:48:20.470+0530][gc,heap     ] GC(8) Survivor regions: 3->5(7)
[2026-03-19T11:48:20.470+0530][gc,heap     ] GC(8) Old regions: 22->22
[2026-03-19T11:48:20.470+0530][gc,heap     ] GC(8) Archive regions: 2->2
[2026-03-19T11:48:20.470+0530][gc,heap     ] GC(8) Humongous regions: 129->129
[2026-03-19T11:48:20.470+0530][gc,metaspace] GC(8) Metaspace: 47892K(48768K)->47892K(48768K) NonClass: 42296K(42752K)->42296K(42752K) Class: 5596K(6016K)->5596K(6016K)
[2026-03-19T11:48:20.470+0530][gc          ] GC(8) Pause Young (Normal) (G1 Evacuation Pause) 202M->156M(1024M) 2.445ms
[2026-03-19T11:48:20.470+0530][gc,cpu      ] GC(8) User=0.02s Sys=0.00s Real=0.00s
[2026-03-19T11:51:48.367+0530][gc,start    ] GC(9) Pause Young (Normal) (G1 Evacuation Pause)
[2026-03-19T11:51:48.368+0530][gc,task     ] GC(9) Using 10 workers of 10 for evacuation
[2026-03-19T11:51:48.373+0530][gc,phases   ] GC(9)   Pre Evacuate Collection Set: 0.39ms
[2026-03-19T11:51:48.373+0530][gc,phases   ] GC(9)   Merge Heap Roots: 0.21ms
[2026-03-19T11:51:48.373+0530][gc,phases   ] GC(9)   Evacuate Collection Set: 3.65ms
[2026-03-19T11:51:48.373+0530][gc,phases   ] GC(9)   Post Evacuate Collection Set: 0.72ms
[2026-03-19T11:51:48.373+0530][gc,phases   ] GC(9)   Other: 0.31ms
[2026-03-19T11:51:48.373+0530][gc,heap     ] GC(9) Eden regions: 46->0(61)
[2026-03-19T11:51:48.373+0530][gc,heap     ] GC(9) Survivor regions: 5->4(7)
[2026-03-19T11:51:48.373+0530][gc,heap     ] GC(9) Old regions: 22->24
[2026-03-19T11:51:48.373+0530][gc,heap     ] GC(9) Archive regions: 2->2
[2026-03-19T11:51:48.373+0530][gc,heap     ] GC(9) Humongous regions: 129->129
[2026-03-19T11:51:48.373+0530][gc,metaspace] GC(9) Metaspace: 47985K(48832K)->47985K(48832K) NonClass: 42385K(42816K)->42385K(42816K) Class: 5599K(6016K)->5599K(6016K)
[2026-03-19T11:51:48.373+0530][gc          ] GC(9) Pause Young (Normal) (G1 Evacuation Pause) 202M->156M(1024M) 5.432ms
[2026-03-19T11:51:48.373+0530][gc,cpu      ] GC(9) User=0.04s Sys=0.01s Real=0.01s
[2026-03-19T11:56:32.937+0530][gc,start    ] GC(10) Pause Young (Normal) (G1 Evacuation Pause)
[2026-03-19T11:56:32.937+0530][gc,task     ] GC(10) Using 10 workers of 10 for evacuation
[2026-03-19T11:56:32.941+0530][gc,phases   ] GC(10)   Pre Evacuate Collection Set: 0.17ms
[2026-03-19T11:56:32.941+0530][gc,phases   ] GC(10)   Merge Heap Roots: 0.22ms
[2026-03-19T11:56:32.941+0530][gc,phases   ] GC(10)   Evacuate Collection Set: 2.63ms
[2026-03-19T11:56:32.941+0530][gc,phases   ] GC(10)   Post Evacuate Collection Set: 0.61ms
[2026-03-19T11:56:32.941+0530][gc,phases   ] GC(10)   Other: 0.20ms
[2026-03-19T11:56:32.941+0530][gc,heap     ] GC(10) Eden regions: 61->0(437)
[2026-03-19T11:56:32.941+0530][gc,heap     ] GC(10) Survivor regions: 4->4(9)
[2026-03-19T11:56:32.941+0530][gc,heap     ] GC(10) Old regions: 24->24
[2026-03-19T11:56:32.941+0530][gc,heap     ] GC(10) Archive regions: 2->2
[2026-03-19T11:56:32.941+0530][gc,heap     ] GC(10) Humongous regions: 129->129
[2026-03-19T11:56:32.941+0530][gc,metaspace] GC(10) Metaspace: 48079K(48960K)->48079K(48960K) NonClass: 42476K(42944K)->42476K(42944K) Class: 5602K(6016K)->5602K(6016K)
[2026-03-19T11:56:32.941+0530][gc          ] GC(10) Pause Young (Normal) (G1 Evacuation Pause) 217M->157M(1024M) 4.018ms
[2026-03-19T11:56:32.941+0530][gc,cpu      ] GC(10) User=0.02s Sys=0.00s Real=0.01s
[2026-03-19T12:07:28.043+0530][gc,heap,exit] Heap
[2026-03-19T12:07:28.043+0530][gc,heap,exit]  garbage-first heap   total 1048576K, used 320964K [0x00000000c0000000, 0x0000000100000000)
[2026-03-19T12:07:28.043+0530][gc,heap,exit]   region size 1024K, 160 young (163840K), 4 survivors (4096K)
[2026-03-19T12:07:28.043+0530][gc,heap,exit]  Metaspace       used 49925K, committed 50944K, reserved 1114112K
[2026-03-19T12:07:28.043+0530][gc,heap,exit]   class space    used 5987K, committed 6464K, reserved 1048576K
