[2026-03-19T10:47:01.951+0530][gc] Using G1
[2026-03-19T10:47:01.962+0530][gc,init] Version: 17.0.18+8-Ubuntu-122.04.1 (release)
[2026-03-19T10:47:01.962+0530][gc,init] CPUs: 12 total, 12 available
[2026-03-19T10:47:01.962+0530][gc,init] Memory: 31781M
[2026-03-19T10:47:01.962+0530][gc,init] Large Page Support: Disabled
[2026-03-19T10:47:01.962+0530][gc,init] NUMA Support: Disabled
[2026-03-19T10:47:01.962+0530][gc,init] Compressed Oops: Enabled (32-bit)
[2026-03-19T10:47:01.962+0530][gc,init] Heap Region Size: 1M
[2026-03-19T10:47:01.962+0530][gc,init] Heap Min Capacity: 1G
[2026-03-19T10:47:01.962+0530][gc,init] Heap Initial Capacity: 1G
[2026-03-19T10:47:01.962+0530][gc,init] Heap Max Capacity: 1G
[2026-03-19T10:47:01.962+0530][gc,init] Pre-touch: Disabled
[2026-03-19T10:47:01.962+0530][gc,init] Parallel Workers: 10
[2026-03-19T10:47:01.962+0530][gc,init] Concurrent Workers: 3
[2026-03-19T10:47:01.962+0530][gc,init] Concurrent Refinement Workers: 10
[2026-03-19T10:47:01.962+0530][gc,init] Periodic GC: Disabled
[2026-03-19T10:47:01.971+0530][gc,metaspace] CDS archive(s) mapped at: [0x00007d86b3000000-0x00007d86b3bca000-0x00007d86b3bca000), size 12361728, SharedBaseAddress: 0x00007d86b3000000, ArchiveRelocationMode: 1.
[2026-03-19T10:47:01.971+0530][gc,metaspace] Compressed class space mapped at: 0x00007d86b4000000-0x00007d86f4000000, reserved size: 1073741824
[2026-03-19T10:47:01.971+0530][gc,metaspace] Narrow klass base: 0x00007d86b3000000, Narrow klass shift: 0, Narrow klass range: 0x100000000
[2026-03-19T10:47:02.346+0530][gc,start    ] GC(0) Pause Young (Normal) (G1 Evacuation Pause)
[2026-03-19T10:47:02.347+0530][gc,task     ] GC(0) Using 10 workers of 10 for evacuation
[2026-03-19T10:47:02.349+0530][gc,phases   ] GC(0)   Pre Evacuate Collection Set: 0.14ms
[2026-03-19T10:47:02.349+0530][gc,phases   ] GC(0)   Merge Heap Roots: 0.05ms
[2026-03-19T10:47:02.349+0530][gc,phases   ] GC(0)   Evacuate Collection Set: 1.85ms
[2026-03-19T10:47:02.349+0530][gc,phases   ] GC(0)   Post Evacuate Collection Set: 0.30ms
[2026-03-19T10:47:02.349+0530][gc,phases   ] GC(0)   Other: 0.81ms
[2026-03-19T10:47:02.349+0530][gc,heap     ] GC(0) Eden regions: 51->0(44)
[2026-03-19T10:47:02.349+0530][gc,heap     ] GC(0) Survivor regions: 0->7(7)
[2026-03-19T10:47:02.349+0530][gc,heap     ] GC(0) Old regions: 0->2
[2026-03-19T10:47:02.349+0530][gc,heap     ] GC(0) Archive regions: 2->2
[2026-03-19T10:47:02.349+0530][gc,heap     ] GC(0) Humongous regions: 0->0
[2026-03-19T10:47:02.349+0530][gc,metaspace] GC(0) Metaspace: 16142K(16384K)->16142K(16384K) NonClass: 14248K(14400K)->14248K(14400K) Class: 1893K(1984K)->1893K(1984K)
[2026-03-19T10:47:02.349+0530][gc          ] GC(0) Pause Young (Normal) (G1 Evacuation Pause) 51M->9M(1024M) 3.252ms
[2026-03-19T10:47:02.349+0530][gc,cpu      ] GC(0) User=0.02s Sys=0.00s Real=0.00s
[2026-03-19T10:47:02.457+0530][gc,start    ] GC(1) Pause Young (Concurrent Start) (Metadata GC Threshold)
[2026-03-19T10:47:02.457+0530][gc,task     ] GC(1) Using 10 workers of 10 for evacuation
[2026-03-19T10:47:02.459+0530][gc,phases   ] GC(1)   Pre Evacuate Collection Set: 0.12ms
[2026-03-19T10:47:02.459+0530][gc,phases   ] GC(1)   Merge Heap Roots: 0.04ms
[2026-03-19T10:47:02.459+0530][gc,phases   ] GC(1)   Evacuate Collection Set: 1.58ms
[2026-03-19T10:47:02.459+0530][gc,phases   ] GC(1)   Post Evacuate Collection Set: 0.61ms
[2026-03-19T10:47:02.459+0530][gc,phases   ] GC(1)   Other: 0.18ms
[2026-03-19T10:47:02.459+0530][gc,heap     ] GC(1) Eden regions: 16->0(49)
[2026-03-19T10:47:02.459+0530][gc,heap     ] GC(1) Survivor regions: 7->2(7)
[2026-03-19T10:47:02.459+0530][gc,heap     ] GC(1) Old regions: 2->9
[2026-03-19T10:47:02.459+0530][gc,heap     ] GC(1) Archive regions: 2->2
[2026-03-19T10:47:02.459+0530][gc,heap     ] GC(1) Humongous regions: 0->0
[2026-03-19T10:47:02.459+0530][gc,metaspace] GC(1) Metaspace: 21224K(21504K)->21224K(21504K) NonClass: 18585K(18688K)->18585K(18688K) Class: 2638K(2816K)->2638K(2816K)
[2026-03-19T10:47:02.459+0530][gc          ] GC(1) Pause Young (Concurrent Start) (Metadata GC Threshold) 25M->10M(1024M) 2.612ms
[2026-03-19T10:47:02.459+0530][gc,cpu      ] GC(1) User=0.01s Sys=0.01s Real=0.00s
[2026-03-19T10:47:02.459+0530][gc          ] GC(2) Concurrent Mark Cycle
[2026-03-19T10:47:02.459+0530][gc,marking  ] GC(2) Concurrent Clear Claimed Marks
[2026-03-19T10:47:02.459+0530][gc,marking  ] GC(2) Concurrent Clear Claimed Marks 0.016ms
[2026-03-19T10:47:02.459+0530][gc,marking  ] GC(2) Concurrent Scan Root Regions
[2026-03-19T10:47:02.461+0530][gc,marking  ] GC(2) Concurrent Scan Root Regions 1.329ms
[2026-03-19T10:47:02.461+0530][gc,marking  ] GC(2) Concurrent Mark
[2026-03-19T10:47:02.461+0530][gc,marking  ] GC(2) Concurrent Mark From Roots
[2026-03-19T10:47:02.461+0530][gc,task     ] GC(2) Using 3 workers of 3 for marking
[2026-03-19T10:47:02.462+0530][gc,marking  ] GC(2) Concurrent Mark From Roots 1.126ms
[2026-03-19T10:47:02.462+0530][gc,marking  ] GC(2) Concurrent Preclean
[2026-03-19T10:47:02.462+0530][gc,marking  ] GC(2) Concurrent Preclean 0.067ms
[2026-03-19T10:47:02.462+0530][gc,start    ] GC(2) Pause Remark
[2026-03-19T10:47:02.463+0530][gc          ] GC(2) Pause Remark 10M->10M(1024M) 1.318ms
[2026-03-19T10:47:02.463+0530][gc,cpu      ] GC(2) User=0.01s Sys=0.00s Real=0.00s
[2026-03-19T10:47:02.463+0530][gc,marking  ] GC(2) Concurrent Mark 2.695ms
[2026-03-19T10:47:02.463+0530][gc,marking  ] GC(2) Concurrent Rebuild Remembered Sets
[2026-03-19T10:47:02.465+0530][gc,marking  ] GC(2) Concurrent Rebuild Remembered Sets 1.415ms
[2026-03-19T10:47:02.465+0530][gc,start    ] GC(2) Pause Cleanup
[2026-03-19T10:47:02.465+0530][gc          ] GC(2) Pause Cleanup 10M->10M(1024M) 0.158ms
[2026-03-19T10:47:02.465+0530][gc,cpu      ] GC(2) User=0.01s Sys=0.00s Real=0.00s
[2026-03-19T10:47:02.465+0530][gc,marking  ] GC(2) Concurrent Cleanup for Next Mark
[2026-03-19T10:47:02.468+0530][gc,marking  ] GC(2) Concurrent Cleanup for Next Mark 2.405ms
[2026-03-19T10:47:02.468+0530][gc          ] GC(2) Concurrent Mark Cycle 8.424ms
[2026-03-19T10:47:02.776+0530][gc,start    ] GC(3) Pause Young (Normal) (G1 Evacuation Pause)
[2026-03-19T10:47:02.776+0530][gc,task     ] GC(3) Using 10 workers of 10 for evacuation
[2026-03-19T10:47:02.778+0530][gc,phases   ] GC(3)   Pre Evacuate Collection Set: 0.12ms
[2026-03-19T10:47:02.778+0530][gc,phases   ] GC(3)   Merge Heap Roots: 0.15ms
[2026-03-19T10:47:02.778+0530][gc,phases   ] GC(3)   Evacuate Collection Set: 1.52ms
[2026-03-19T10:47:02.778+0530][gc,phases   ] GC(3)   Post Evacuate Collection Set: 0.30ms
[2026-03-19T10:47:02.778+0530][gc,phases   ] GC(3)   Other: 0.08ms
[2026-03-19T10:47:02.778+0530][gc,heap     ] GC(3) Eden regions: 49->0(45)
[2026-03-19T10:47:02.778+0530][gc,heap     ] GC(3) Survivor regions: 2->6(7)
[2026-03-19T10:47:02.778+0530][gc,heap     ] GC(3) Old regions: 9->9
[2026-03-19T10:47:02.778+0530][gc,heap     ] GC(3) Archive regions: 2->2
[2026-03-19T10:47:02.778+0530][gc,heap     ] GC(3) Humongous regions: 0->0
[2026-03-19T10:47:02.778+0530][gc,metaspace] GC(3) Metaspace: 33350K(33664K)->33350K(33664K) NonClass: 29454K(29632K)->29454K(29632K) Class: 3896K(4032K)->3896K(4032K)
[2026-03-19T10:47:02.778+0530][gc          ] GC(3) Pause Young (Normal) (G1 Evacuation Pause) 59M->14M(1024M) 2.294ms
[2026-03-19T10:47:02.778+0530][gc,cpu      ] GC(3) User=0.01s Sys=0.00s Real=0.00s
[2026-03-19T10:47:02.823+0530][gc,start    ] GC(4) Pause Young (Concurrent Start) (Metadata GC Threshold)
[2026-03-19T10:47:02.823+0530][gc,task     ] GC(4) Using 10 workers of 10 for evacuation
[2026-03-19T10:47:02.825+0530][gc,phases   ] GC(4)   Pre Evacuate Collection Set: 0.09ms
[2026-03-19T10:47:02.825+0530][gc,phases   ] GC(4)   Merge Heap Roots: 0.02ms
[2026-03-19T10:47:02.825+0530][gc,phases   ] GC(4)   Evacuate Collection Set: 1.84ms
[2026-03-19T10:47:02.825+0530][gc,phases   ] GC(4)   Post Evacuate Collection Set: 0.16ms
[2026-03-19T10:47:02.825+0530][gc,phases   ] GC(4)   Other: 0.13ms
[2026-03-19T10:47:02.825+0530][gc,heap     ] GC(4) Eden regions: 13->0(49)
[2026-03-19T10:47:02.825+0530][gc,heap     ] GC(4) Survivor regions: 6->2(7)
[2026-03-19T10:47:02.825+0530][gc,heap     ] GC(4) Old regions: 9->14
[2026-03-19T10:47:02.825+0530][gc,heap     ] GC(4) Archive regions: 2->2
[2026-03-19T10:47:02.825+0530][gc,heap     ] GC(4) Humongous regions: 0->0
[2026-03-19T10:47:02.825+0530][gc,metaspace] GC(4) Metaspace: 35765K(36096K)->35765K(36096K) NonClass: 31587K(31744K)->31587K(31744K) Class: 4178K(4352K)->4178K(4352K)
[2026-03-19T10:47:02.825+0530][gc          ] GC(4) Pause Young (Concurrent Start) (Metadata GC Threshold) 27M->15M(1024M) 2.343ms
[2026-03-19T10:47:02.825+0530][gc,cpu      ] GC(4) User=0.01s Sys=0.00s Real=0.00s
[2026-03-19T10:47:02.825+0530][gc          ] GC(5) Concurrent Mark Cycle
[2026-03-19T10:47:02.825+0530][gc,marking  ] GC(5) Concurrent Clear Claimed Marks
[2026-03-19T10:47:02.825+0530][gc,marking  ] GC(5) Concurrent Clear Claimed Marks 0.032ms
[2026-03-19T10:47:02.826+0530][gc,marking  ] GC(5) Concurrent Scan Root Regions
[2026-03-19T10:47:02.827+0530][gc,marking  ] GC(5) Concurrent Scan Root Regions 1.167ms
[2026-03-19T10:47:02.827+0530][gc,marking  ] GC(5) Concurrent Mark
[2026-03-19T10:47:02.827+0530][gc,marking  ] GC(5) Concurrent Mark From Roots
[2026-03-19T10:47:02.827+0530][gc,task     ] GC(5) Using 3 workers of 3 for marking
[2026-03-19T10:47:02.829+0530][gc,marking  ] GC(5) Concurrent Mark From Roots 2.749ms
[2026-03-19T10:47:02.829+0530][gc,marking  ] GC(5) Concurrent Preclean
[2026-03-19T10:47:02.830+0530][gc,marking  ] GC(5) Concurrent Preclean 0.098ms
[2026-03-19T10:47:02.830+0530][gc,start    ] GC(5) Pause Remark
[2026-03-19T10:47:02.830+0530][gc          ] GC(5) Pause Remark 16M->16M(1024M) 0.622ms
[2026-03-19T10:47:02.830+0530][gc,cpu      ] GC(5) User=0.00s Sys=0.00s Real=0.01s
[2026-03-19T10:47:02.830+0530][gc,marking  ] GC(5) Concurrent Mark 3.657ms
[2026-03-19T10:47:02.830+0530][gc,marking  ] GC(5) Concurrent Rebuild Remembered Sets
[2026-03-19T10:47:02.833+0530][gc,marking  ] GC(5) Concurrent Rebuild Remembered Sets 2.316ms
[2026-03-19T10:47:02.833+0530][gc,start    ] GC(5) Pause Cleanup
[2026-03-19T10:47:02.833+0530][gc          ] GC(5) Pause Cleanup 16M->16M(1024M) 0.134ms
[2026-03-19T10:47:02.833+0530][gc,cpu      ] GC(5) User=0.00s Sys=0.00s Real=0.00s
[2026-03-19T10:47:02.833+0530][gc,marking  ] GC(5) Concurrent Cleanup for Next Mark
[2026-03-19T10:47:02.835+0530][gc,marking  ] GC(5) Concurrent Cleanup for Next Mark 2.256ms
[2026-03-19T10:47:02.835+0530][gc          ] GC(5) Concurrent Mark Cycle 9.781ms
[2026-03-19T10:47:44.096+0530][gc,start    ] GC(6) Pause Young (Normal) (G1 Evacuation Pause)
[2026-03-19T10:47:44.096+0530][gc,task     ] GC(6) Using 10 workers of 10 for evacuation
[2026-03-19T10:47:44.099+0530][gc,phases   ] GC(6)   Pre Evacuate Collection Set: 0.12ms
[2026-03-19T10:47:44.099+0530][gc,phases   ] GC(6)   Merge Heap Roots: 0.04ms
[2026-03-19T10:47:44.099+0530][gc,phases   ] GC(6)   Evacuate Collection Set: 1.65ms
[2026-03-19T10:47:44.099+0530][gc,phases   ] GC(6)   Post Evacuate Collection Set: 0.34ms
[2026-03-19T10:47:44.099+0530][gc,phases   ] GC(6)   Other: 0.12ms
[2026-03-19T10:47:44.099+0530][gc,heap     ] GC(6) Eden regions: 49->0(44)
[2026-03-19T10:47:44.099+0530][gc,heap     ] GC(6) Survivor regions: 2->7(7)
[2026-03-19T10:47:44.099+0530][gc,heap     ] GC(6) Old regions: 14->16
[2026-03-19T10:47:44.099+0530][gc,heap     ] GC(6) Archive regions: 2->2
[2026-03-19T10:47:44.099+0530][gc,heap     ] GC(6) Humongous regions: 129->129
[2026-03-19T10:47:44.099+0530][gc,metaspace] GC(6) Metaspace: 42875K(43392K)->42875K(43392K) NonClass: 37864K(38144K)->37864K(38144K) Class: 5010K(5248K)->5010K(5248K)
[2026-03-19T10:47:44.099+0530][gc          ] GC(6) Pause Young (Normal) (G1 Evacuation Pause) 193M->152M(1024M) 2.397ms
[2026-03-19T10:47:44.099+0530][gc,cpu      ] GC(6) User=0.01s Sys=0.00s Real=0.00s
[2026-03-19T10:54:29.794+0530][gc,start    ] GC(7) Pause Young (Normal) (G1 Evacuation Pause)
[2026-03-19T10:54:29.794+0530][gc,task     ] GC(7) Using 10 workers of 10 for evacuation
[2026-03-19T10:54:29.798+0530][gc,phases   ] GC(7)   Pre Evacuate Collection Set: 0.18ms
[2026-03-19T10:54:29.798+0530][gc,phases   ] GC(7)   Merge Heap Roots: 0.08ms
[2026-03-19T10:54:29.798+0530][gc,phases   ] GC(7)   Evacuate Collection Set: 3.54ms
[2026-03-19T10:54:29.798+0530][gc,phases   ] GC(7)   Post Evacuate Collection Set: 0.55ms
[2026-03-19T10:54:29.798+0530][gc,phases   ] GC(7)   Other: 0.18ms
[2026-03-19T10:54:29.798+0530][gc,heap     ] GC(7) Eden regions: 44->0(50)
[2026-03-19T10:54:29.798+0530][gc,heap     ] GC(7) Survivor regions: 7->1(7)
[2026-03-19T10:54:29.798+0530][gc,heap     ] GC(7) Old regions: 16->23
[2026-03-19T10:54:29.798+0530][gc,heap     ] GC(7) Archive regions: 2->2
[2026-03-19T10:54:29.798+0530][gc,heap     ] GC(7) Humongous regions: 129->129
[2026-03-19T10:54:29.798+0530][gc,metaspace] GC(7) Metaspace: 43868K(44480K)->43868K(44480K) NonClass: 38845K(39168K)->38845K(39168K) Class: 5022K(5312K)->5022K(5312K)
[2026-03-19T10:54:29.798+0530][gc          ] GC(7) Pause Young (Normal) (G1 Evacuation Pause) 196M->153M(1024M) 4.678ms
[2026-03-19T10:54:29.798+0530][gc,cpu      ] GC(7) User=0.02s Sys=0.00s Real=0.00s
[2026-03-19T11:03:29.539+0530][gc,start    ] GC(8) Pause Young (Normal) (G1 Evacuation Pause)
[2026-03-19T11:03:29.540+0530][gc,task     ] GC(8) Using 10 workers of 10 for evacuation
[2026-03-19T11:03:29.542+0530][gc,phases   ] GC(8)   Pre Evacuate Collection Set: 0.31ms
[2026-03-19T11:03:29.542+0530][gc,phases   ] GC(8)   Merge Heap Roots: 0.18ms
[2026-03-19T11:03:29.542+0530][gc,phases   ] GC(8)   Evacuate Collection Set: 1.50ms
[2026-03-19T11:03:29.542+0530][gc,phases   ] GC(8)   Post Evacuate Collection Set: 0.51ms
[2026-03-19T11:03:29.542+0530][gc,phases   ] GC(8)   Other: 0.30ms
[2026-03-19T11:03:29.542+0530][gc,heap     ] GC(8) Eden regions: 50->0(60)
[2026-03-19T11:03:29.542+0530][gc,heap     ] GC(8) Survivor regions: 1->1(7)
[2026-03-19T11:03:29.542+0530][gc,heap     ] GC(8) Old regions: 23->23
[2026-03-19T11:03:29.542+0530][gc,heap     ] GC(8) Archive regions: 2->2
[2026-03-19T11:03:29.542+0530][gc,heap     ] GC(8) Humongous regions: 129->129
[2026-03-19T11:03:29.542+0530][gc,metaspace] GC(8) Metaspace: 43969K(44544K)->43969K(44544K) NonClass: 38944K(39232K)->38944K(39232K) Class: 5025K(5312K)->5025K(5312K)
[2026-03-19T11:03:29.542+0530][gc          ] GC(8) Pause Young (Normal) (G1 Evacuation Pause) 203M->153M(1024M) 2.926ms
[2026-03-19T11:03:29.542+0530][gc,cpu      ] GC(8) User=0.01s Sys=0.01s Real=0.01s
[2026-03-19T11:14:57.618+0530][gc,start    ] GC(9) Pause Young (Normal) (G1 Evacuation Pause)
[2026-03-19T11:14:57.618+0530][gc,task     ] GC(9) Using 10 workers of 10 for evacuation
[2026-03-19T11:14:57.622+0530][gc,phases   ] GC(9)   Pre Evacuate Collection Set: 0.40ms
[2026-03-19T11:14:57.622+0530][gc,phases   ] GC(9)   Merge Heap Roots: 0.19ms
[2026-03-19T11:14:57.622+0530][gc,phases   ] GC(9)   Evacuate Collection Set: 2.14ms
[2026-03-19T11:14:57.622+0530][gc,phases   ] GC(9)   Post Evacuate Collection Set: 1.16ms
[2026-03-19T11:14:57.622+0530][gc,phases   ] GC(9)   Other: 0.31ms
[2026-03-19T11:14:57.622+0530][gc,heap     ] GC(9) Eden regions: 60->0(100)
[2026-03-19T11:14:57.622+0530][gc,heap     ] GC(9) Survivor regions: 1->2(8)
[2026-03-19T11:14:57.622+0530][gc,heap     ] GC(9) Old regions: 23->23
[2026-03-19T11:14:57.622+0530][gc,heap     ] GC(9) Archive regions: 2->2
[2026-03-19T11:14:57.622+0530][gc,heap     ] GC(9) Humongous regions: 129->129
[2026-03-19T11:14:57.622+0530][gc,metaspace] GC(9) Metaspace: 44019K(44672K)->44019K(44672K) NonClass: 38993K(39360K)->38993K(39360K) Class: 5025K(5312K)->5025K(5312K)
[2026-03-19T11:14:57.622+0530][gc          ] GC(9) Pause Young (Normal) (G1 Evacuation Pause) 213M->153M(1024M) 4.425ms
[2026-03-19T11:14:57.622+0530][gc,cpu      ] GC(9) User=0.03s Sys=0.00s Real=0.01s
[2026-03-19T11:23:24.732+0530][gc,start    ] GC(10) Pause Young (Normal) (G1 Evacuation Pause)
[2026-03-19T11:23:24.732+0530][gc,task     ] GC(10) Using 10 workers of 10 for evacuation
[2026-03-19T11:23:24.735+0530][gc,phases   ] GC(10)   Pre Evacuate Collection Set: 0.16ms
[2026-03-19T11:23:24.735+0530][gc,phases   ] GC(10)   Merge Heap Roots: 0.12ms
[2026-03-19T11:23:24.735+0530][gc,phases   ] GC(10)   Evacuate Collection Set: 2.75ms
[2026-03-19T11:23:24.735+0530][gc,phases   ] GC(10)   Post Evacuate Collection Set: 0.55ms
[2026-03-19T11:23:24.735+0530][gc,phases   ] GC(10)   Other: 0.21ms
[2026-03-19T11:23:24.735+0530][gc,heap     ] GC(10) Eden regions: 100->0(78)
[2026-03-19T11:23:24.735+0530][gc,heap     ] GC(10) Survivor regions: 2->4(13)
[2026-03-19T11:23:24.735+0530][gc,heap     ] GC(10) Old regions: 23->23
[2026-03-19T11:23:24.735+0530][gc,heap     ] GC(10) Archive regions: 2->2
[2026-03-19T11:23:24.735+0530][gc,heap     ] GC(10) Humongous regions: 138->138
[2026-03-19T11:23:24.736+0530][gc,metaspace] GC(10) Metaspace: 46513K(47296K)->46513K(47296K) NonClass: 41085K(41472K)->41085K(41472K) Class: 5427K(5824K)->5427K(5824K)
[2026-03-19T11:23:24.736+0530][gc          ] GC(10) Pause Young (Normal) (G1 Evacuation Pause) 262M->165M(1024M) 3.987ms
[2026-03-19T11:23:24.736+0530][gc,cpu      ] GC(10) User=0.01s Sys=0.01s Real=0.00s
[2026-03-19T11:23:24.747+0530][gc,heap,exit] Heap
[2026-03-19T11:23:24.747+0530][gc,heap,exit]  garbage-first heap   total 1048576K, used 172400K [0x00000000c0000000, 0x0000000100000000)
[2026-03-19T11:23:24.747+0530][gc,heap,exit]   region size 1024K, 8 young (8192K), 4 survivors (4096K)
[2026-03-19T11:23:24.747+0530][gc,heap,exit]  Metaspace       used 46570K, committed 47360K, reserved 1114112K
[2026-03-19T11:23:24.747+0530][gc,heap,exit]   class space    used 5442K, committed 5824K, reserved 1048576K
